 supervisor

 Timestamp is 5c171f02 (Sun Dec 16 19:58:58 2018)

 Preferred load address is 0000000180000000

 Start         Length     Name                   Class
 0001:00000000 00000120H .text$di                CODE
 0001:00000120 000275b0H .text$mn                CODE
 0001:000276d0 00000020H .text$mn$00             CODE
 0001:000276f0 000004f0H .text$x                 CODE
 0001:00027be0 0000012cH .text$yd                CODE
 0002:00000000 000002f0H .idata$5                DATA
 0002:000002f0 00000010H .00cfg                  DATA
 0002:00000300 00000008H .CRT$XCA                DATA
 0002:00000308 00000038H .CRT$XCC                DATA
 0002:00000340 00000010H .CRT$XCL                DATA
 0002:00000350 00000010H .CRT$XCU                DATA
 0002:00000360 00000008H .CRT$XCZ                DATA
 0002:00000368 00000008H .CRT$XIA                DATA
 0002:00000370 00000030H .CRT$XIC                DATA
 0002:000003a0 00000008H .CRT$XIZ                DATA
 0002:000003a8 00000008H .CRT$XPA                DATA
 0002:000003b0 00000010H .CRT$XPX                DATA
 0002:000003c0 00000008H .CRT$XPXA               DATA
 0002:000003c8 00000008H .CRT$XPZ                DATA
 0002:000003d0 00000008H .CRT$XTA                DATA
 0002:000003d8 00000008H .CRT$XTZ                DATA
 0002:000003e0 00000000H .gfids$y                DATA
 0002:000003e0 00011610H .rdata                  DATA
 0002:000119f0 00000fbcH .rdata$r                DATA
 0002:000129ac 000003f4H .rdata$zzzdbg           DATA
 0002:00012da0 00000008H .rtc$IAA                DATA
 0002:00012da8 00000008H .rtc$IZZ                DATA
 0002:00012db0 00000008H .rtc$TAA                DATA
 0002:00012db8 00000008H .rtc$TZZ                DATA
 0002:00012dc0 00002040H .xdata                  DATA
 0002:00014e00 00000244H .xdata$x                DATA
 0002:00015044 00000020H .didat$2                DATA
 0002:00015064 00000024H .didat$3                DATA
 0002:00015088 00000048H .didat$4                DATA
 0002:000150d0 00000248H .didat$6                DATA
 0002:00015318 00000048H .didat$7                DATA
 0002:00015360 00000058H .edata                  DATA
 0002:000153b8 00000028H .idata$2                DATA
 0002:000153e0 00000018H .idata$3                DATA
 0002:000153f8 000002f0H .idata$4                DATA
 0002:000156e8 000006baH .idata$6                DATA
 0003:00000000 00000b90H .data                   DATA
 0003:00000b90 000005f0H .data$r                 DATA
 0003:00001180 00000050H .didat$5                DATA
 0003:000011d0 000019d8H .bss                    DATA
 0004:00000000 00002388H .pdata                  DATA
 0005:00000000 00000060H .rsrc$01                DATA
 0005:00000060 00000180H .rsrc$02                DATA

  Address         Publics by Value              Rva+Base               Lib:Object

 0000:00000000       __guard_fids_count         0000000000000000     <absolute>
 0000:00000000       __hybrid_code_map          0000000000000000     <absolute>
 0000:00000000       __guard_iat_count          0000000000000000     <absolute>
 0000:00000000       __guard_longjmp_count      0000000000000000     <absolute>
 0000:00000000       __guard_longjmp_table      0000000000000000     <absolute>
 0000:00000000       __volatile_metadata        0000000000000000     <absolute>
 0000:00000000       __guard_iat_table          0000000000000000     <absolute>
 0000:00000000       __hybrid_code_map_count    0000000000000000     <absolute>
 0000:00000000       ___safe_se_handler_count   0000000000000000     <absolute>
 0000:00000000       __enclave_config           0000000000000000     <absolute>
 0000:00000000       ___safe_se_handler_table   0000000000000000     <absolute>
 0000:00000000       __guard_fids_table         0000000000000000     <absolute>
 0000:00000000       __hybrid_auxiliary_iat     0000000000000000     <absolute>
 0000:00000000       __dynamic_value_reloc_table 0000000000000000     <absolute>
 0000:00000100       __guard_flags              0000000000000100     <absolute>
 0000:00000000       __ImageBase                0000000180000000     <linker-defined>
 0001:00000120       __local_stdio_printf_options 0000000180001120 f i supervisor.obj
 0001:00000130       sprintf_s                  0000000180001130 f i supervisor.obj
 0001:00000190       ?what@exception@stdext@@UEBAPEBDXZ 0000000180001190 f i supervisor.obj
 0001:000001b0       ?_Raise@exception@stdext@@QEBAXXZ 00000001800011b0 f i supervisor.obj
 0001:000001f0       ?imbue@?$basic_streambuf@DU?$char_traits@D@std@@@std@@MEAAXAEBVlocale@2@@Z 00000001800011f0 f i supervisor.obj
 0001:000001f0       _guard_check_icall_nop     00000001800011f0 f i LIBCMT:guard_support.obj
 0001:000001f0       ?_Unlock@?$basic_streambuf@DU?$char_traits@D@std@@@std@@UEAAXXZ 00000001800011f0 f i supervisor.obj
 0001:000001f0       ?_Doraise@exception@stdext@@MEBAXXZ 00000001800011f0 f i supervisor.obj
 0001:000001f0       ?_Lock@?$basic_streambuf@DU?$char_traits@D@std@@@std@@UEAAXXZ 00000001800011f0 f i supervisor.obj
 0001:00000200       ??_Eruntime_error@std@@UEAAPEAXI@Z 0000000180001200 f i * CIL library *:* CIL module *
 0001:00000200       ??_Gexception@stdext@@UEAAPEAXI@Z 0000000180001200 f i supervisor.obj
 0001:00000200       ??_Eexception@stdext@@UEAAPEAXI@Z 0000000180001200 f i * CIL library *:* CIL module *
 0001:00000200       ??_Gruntime_error@std@@UEAAPEAXI@Z 0000000180001200 f i supervisor.obj
 0001:00000230       ??0runtime_error@std@@QEAA@PEBD@Z 0000000180001230 f i supervisor.obj
 0001:00000250       ??1_Locinfo@std@@QEAA@XZ   0000000180001250 f i supervisor.obj
 0001:000002f0       ??_G_Facet_base@std@@UEAAPEAXI@Z 00000001800012f0 f i supervisor.obj
 0001:000002f0       ??_E_Facet_base@std@@UEAAPEAXI@Z 00000001800012f0 f i * CIL library *:* CIL module *
 0001:00000320       ?_Incref@facet@locale@std@@UEAAXXZ 0000000180001320 f i supervisor.obj
 0001:00000330       ?_Decref@facet@locale@std@@UEAAPEAV_Facet_base@3@XZ 0000000180001330 f i supervisor.obj
 0001:00000340       ?do_encoding@codecvt_base@std@@MEBAHXZ 0000000180001340 f i supervisor.obj
 0001:00000340       DllMain                    0000000180001340 f i LIBCMT:dll_dllmain_stub.obj
 0001:00000340       ?do_max_length@codecvt_base@std@@MEBAHXZ 0000000180001340 f i supervisor.obj
 0001:00000340       _get_startup_argv_mode     0000000180001340 f i LIBCMT:argv_mode.obj
 0001:00000350       ?do_tolower@?$ctype@D@std@@MEBADD@Z 0000000180001350 f i supervisor.obj
 0001:00000360       ?do_tolower@?$ctype@D@std@@MEBAPEBDPEADPEBD@Z 0000000180001360 f i supervisor.obj
 0001:000003c0       ?do_toupper@?$ctype@D@std@@MEBADD@Z 00000001800013c0 f i supervisor.obj
 0001:000003d0       ?do_toupper@?$ctype@D@std@@MEBAPEBDPEADPEBD@Z 00000001800013d0 f i supervisor.obj
 0001:00000430       ?do_widen@?$ctype@D@std@@MEBADD@Z 0000000180001430 f i supervisor.obj
 0001:00000430       ?do_narrow@?$ctype@D@std@@MEBADDD@Z 0000000180001430 f i supervisor.obj
 0001:00000440       ?do_widen@?$ctype@D@std@@MEBAPEBDPEBD0PEAD@Z 0000000180001440 f i supervisor.obj
 0001:00000460       ?do_narrow@?$ctype@D@std@@MEBAPEBDPEBD0DPEAD@Z 0000000180001460 f i supervisor.obj
 0001:00000480       ??_E?$ctype@D@std@@MEAAPEAXI@Z 0000000180001480 f i * CIL library *:* CIL module *
 0001:00000480       ??_G?$ctype@D@std@@MEAAPEAXI@Z 0000000180001480 f i supervisor.obj
 0001:000004f0       ?default_error_condition@error_category@std@@UEBA?AVerror_condition@2@H@Z 00000001800014f0 f i supervisor.obj
 0001:00000500       ?equivalent@error_category@std@@UEBA_NHAEBVerror_condition@2@@Z 0000000180001500 f i supervisor.obj
 0001:00000540       ?equivalent@error_category@std@@UEBA_NAEBVerror_code@2@H@Z 0000000180001540 f i supervisor.obj
 0001:00000560       ?make_error_code@std@@YA?AVerror_code@1@W4io_errc@1@@Z 0000000180001560 f i supervisor.obj
 0001:000005b0       ??0_System_error@std@@IEAA@Verror_code@1@AEBV?$basic_string@DU?$char_traits@D@std@@V?$allocator@D@2@@1@@Z 00000001800015b0 f i supervisor.obj
 0001:000007e0       ??_G_System_error@std@@UEAAPEAXI@Z 00000001800017e0 f i supervisor.obj
 0001:000007e0       ??_Gfailure@ios_base@std@@UEAAPEAXI@Z 00000001800017e0 f i supervisor.obj
 0001:000007e0       ??_E_System_error@std@@UEAAPEAXI@Z 00000001800017e0 f i * CIL library *:* CIL module *
 0001:000007e0       ??_Efailure@ios_base@std@@UEAAPEAXI@Z 00000001800017e0 f i * CIL library *:* CIL module *
 0001:00000810       ?name@_Iostream_error_category@std@@UEBAPEBDXZ 0000000180001810 f i supervisor.obj
 0001:00000820       ?message@_Iostream_error_category@std@@UEBA?AV?$basic_string@DU?$char_traits@D@std@@V?$allocator@D@2@@2@H@Z 0000000180001820 f i supervisor.obj
 0001:00000870       ??_G_Iostream_error_category@std@@UEAAPEAXI@Z 0000000180001870 f i supervisor.obj
 0001:00000870       ??_E_Iostream_error_category@std@@UEAAPEAXI@Z 0000000180001870 f i * CIL library *:* CIL module *
 0001:000008a0       ??0failure@ios_base@std@@QEAA@PEBDAEBVerror_code@2@@Z 00000001800018a0 f i supervisor.obj
 0001:00000950       ??_Gios_base@std@@UEAAPEAXI@Z 0000000180001950 f i supervisor.obj
 0001:00000950       ??_Eios_base@std@@UEAAPEAXI@Z 0000000180001950 f i * CIL library *:* CIL module *
 0001:00000990       ?KeyboardProc@@YA_JH_K_J@Z 0000000180001990 f   supervisor.obj
 0001:00000ee0       ??_D?$basic_ofstream@DU?$char_traits@D@std@@@std@@QEAAXXZ 0000000180001ee0 f i supervisor.obj
 0001:00000f70       ?MouseProc@@YA_JH_K_J@Z    0000000180001f70 f   supervisor.obj
 0001:000016f0       ?Method@@YAXAEBV?$FunctionCallbackInfo@VValue@v8@@@v8@@@Z 00000001800026f0 f   supervisor.obj
 0001:000017f0       ?Init@@YAXV?$Local@VObject@v8@@@v8@@@Z 00000001800027f0 f   supervisor.obj
 0001:00001890       ??0?$basic_string@DU?$char_traits@D@std@@V?$allocator@D@2@@std@@QEAA@_KD@Z 0000000180002890 f i supervisor.obj
 0001:00001a00       ??0?$basic_string@DU?$char_traits@D@std@@V?$allocator@D@2@@std@@QEAA@QEBD@Z 0000000180002a00 f i supervisor.obj
 0001:00001b70       ?open@?$basic_ofstream@DU?$char_traits@D@std@@@std@@QEAAXPEBDHH@Z 0000000180002b70 f i supervisor.obj
 0001:00001ce0       ??0?$basic_ofstream@DU?$char_traits@D@std@@@std@@QEAA@XZ 0000000180002ce0 f i supervisor.obj
 0001:00001df0       ?imbue@?$basic_filebuf@DU?$char_traits@D@std@@@std@@MEAAXAEBVlocale@2@@Z 0000000180002df0 f i supervisor.obj
 0001:00001e20       ?sync@?$basic_filebuf@DU?$char_traits@D@std@@@std@@MEAAHXZ 0000000180002e20 f i supervisor.obj
 0001:00001e70       ?setbuf@?$basic_filebuf@DU?$char_traits@D@std@@@std@@MEAAPEAV?$basic_streambuf@DU?$char_traits@D@std@@@2@PEAD_J@Z 0000000180002e70 f i supervisor.obj
 0001:00001ed0       ?seekpos@?$basic_filebuf@DU?$char_traits@D@std@@@std@@MEAA?AV?$fpos@U_Mbstatet@@@2@V32@H@Z 0000000180002ed0 f i supervisor.obj
 0001:00001fb0       ?seekoff@?$basic_filebuf@DU?$char_traits@D@std@@@std@@MEAA?AV?$fpos@U_Mbstatet@@@2@_JHH@Z 0000000180002fb0 f i supervisor.obj
 0001:000020a0       ?xsputn@?$basic_filebuf@DU?$char_traits@D@std@@@std@@MEAA_JPEBD_J@Z 00000001800030a0 f i supervisor.obj
 0001:00002180       ?xsgetn@?$basic_filebuf@DU?$char_traits@D@std@@@std@@MEAA_JPEAD_J@Z 0000000180003180 f i supervisor.obj
 0001:00002260       ?uflow@?$basic_filebuf@DU?$char_traits@D@std@@@std@@MEAAHXZ 0000000180003260 f i supervisor.obj
 0001:00002500       ?underflow@?$basic_filebuf@DU?$char_traits@D@std@@@std@@MEAAHXZ 0000000180003500 f i supervisor.obj
 0001:00002570       ?pbackfail@?$basic_filebuf@DU?$char_traits@D@std@@@std@@MEAAHH@Z 0000000180003570 f i supervisor.obj
 0001:00002660       ?overflow@?$basic_filebuf@DU?$char_traits@D@std@@@std@@MEAAHH@Z 0000000180003660 f i supervisor.obj
 0001:00002800       ?_Unlock@?$basic_filebuf@DU?$char_traits@D@std@@@std@@UEAAXXZ 0000000180003800 f i supervisor.obj
 0001:00002820       ?_Lock@?$basic_filebuf@DU?$char_traits@D@std@@@std@@UEAAXXZ 0000000180003820 f i supervisor.obj
 0001:00002840       ??1?$basic_filebuf@DU?$char_traits@D@std@@@std@@UEAA@XZ 0000000180003840 f i supervisor.obj
 0001:000028f0       ?flush@?$basic_ostream@DU?$char_traits@D@std@@@std@@QEAAAEAV12@XZ 00000001800038f0 f i supervisor.obj
 0001:000029d0       ??6?$basic_ostream@DU?$char_traits@D@std@@@std@@QEAAAEAV01@K@Z 00000001800039d0 f i supervisor.obj
 0001:00002bd0       ?showmanyc@?$basic_streambuf@DU?$char_traits@D@std@@@std@@MEAA_JXZ 0000000180003bd0 f i supervisor.obj
 0001:00002bd0       ?sync@?$basic_streambuf@DU?$char_traits@D@std@@@std@@MEAAHXZ 0000000180003bd0 f i supervisor.obj
 0001:00002be0       ?setbuf@?$basic_streambuf@DU?$char_traits@D@std@@@std@@MEAAPEAV12@PEAD_J@Z 0000000180003be0 f i supervisor.obj
 0001:00002bf0       ?seekpos@?$basic_streambuf@DU?$char_traits@D@std@@@std@@MEAA?AV?$fpos@U_Mbstatet@@@2@V32@H@Z 0000000180003bf0 f i supervisor.obj
 0001:00002bf0       ?seekoff@?$basic_streambuf@DU?$char_traits@D@std@@@std@@MEAA?AV?$fpos@U_Mbstatet@@@2@_JHH@Z 0000000180003bf0 f i supervisor.obj
 0001:00002c10       ?xsputn@?$basic_streambuf@DU?$char_traits@D@std@@@std@@MEAA_JPEBD_J@Z 0000000180003c10 f i supervisor.obj
 0001:00002cd0       ?xsgetn@?$basic_streambuf@DU?$char_traits@D@std@@@std@@MEAA_JPEAD_J@Z 0000000180003cd0 f i supervisor.obj
 0001:00002d80       ?uflow@?$basic_streambuf@DU?$char_traits@D@std@@@std@@MEAAHXZ 0000000180003d80 f i supervisor.obj
 0001:00002dc0       ?underflow@?$basic_streambuf@DU?$char_traits@D@std@@@std@@MEAAHXZ 0000000180003dc0 f i supervisor.obj
 0001:00002dc0       ?overflow@?$basic_streambuf@DU?$char_traits@D@std@@@std@@MEAAHH@Z 0000000180003dc0 f i supervisor.obj
 0001:00002dc0       ?pbackfail@?$basic_streambuf@DU?$char_traits@D@std@@@std@@MEAAHH@Z 0000000180003dc0 f i supervisor.obj
 0001:00002dd0       ??_E?$basic_ofstream@DU?$char_traits@D@std@@@std@@UEAAPEAXI@Z 0000000180003dd0 f i * CIL library *:* CIL module *
 0001:00002dd0       ??_G?$basic_ofstream@DU?$char_traits@D@std@@@std@@UEAAPEAXI@Z 0000000180003dd0 f i supervisor.obj
 0001:00002e10       ??_E?$basic_filebuf@DU?$char_traits@D@std@@@std@@UEAAPEAXI@Z 0000000180003e10 f i * CIL library *:* CIL module *
 0001:00002e10       ??_G?$basic_filebuf@DU?$char_traits@D@std@@@std@@UEAAPEAXI@Z 0000000180003e10 f i supervisor.obj
 0001:00002e50       ??_G?$basic_ostream@DU?$char_traits@D@std@@@std@@UEAAPEAXI@Z 0000000180003e50 f i supervisor.obj
 0001:00002e50       ??_E?$basic_ostream@DU?$char_traits@D@std@@@std@@UEAAPEAXI@Z 0000000180003e50 f i * CIL library *:* CIL module *
 0001:00002ec0       ??_E?$basic_streambuf@DU?$char_traits@D@std@@@std@@UEAAPEAXI@Z 0000000180003ec0 f i * CIL library *:* CIL module *
 0001:00002ec0       ??_G?$basic_streambuf@DU?$char_traits@D@std@@@std@@UEAAPEAXI@Z 0000000180003ec0 f i supervisor.obj
 0001:00002f40       ??_E?$basic_ios@DU?$char_traits@D@std@@@std@@UEAAPEAXI@Z 0000000180003f40 f i * CIL library *:* CIL module *
 0001:00002f40       ??_G?$basic_ios@DU?$char_traits@D@std@@@std@@UEAAPEAXI@Z 0000000180003f40 f i supervisor.obj
 0001:00002f80       ?do_length@?$codecvt@DDU_Mbstatet@@@std@@MEBAHAEAU_Mbstatet@@PEBD1_K@Z 0000000180003f80 f i supervisor.obj
 0001:00002f90       ?do_unshift@?$codecvt@DDU_Mbstatet@@@std@@MEBAHAEAU_Mbstatet@@PEAD1AEAPEAD@Z 0000000180003f90 f i supervisor.obj
 0001:00002fa0       ?do_in@?$codecvt@DDU_Mbstatet@@@std@@MEBAHAEAU_Mbstatet@@PEBD1AEAPEBDPEAD3AEAPEAD@Z 0000000180003fa0 f i supervisor.obj
 0001:00002fa0       ?do_out@?$codecvt@DDU_Mbstatet@@@std@@MEBAHAEAU_Mbstatet@@PEBD1AEAPEBDPEAD3AEAPEAD@Z 0000000180003fa0 f i supervisor.obj
 0001:00002fc0       __acrt_uninitialize_command_line 0000000180003fc0 f i libucrt:argv_data.obj
 0001:00002fc0       ?do_always_noconv@?$codecvt@DDU_Mbstatet@@@std@@MEBA_NXZ 0000000180003fc0 f i supervisor.obj
 0001:00002fd0       ?do_put@?$num_put@DV?$ostreambuf_iterator@DU?$char_traits@D@std@@@std@@@std@@MEBA?AV?$ostreambuf_iterator@DU?$char_traits@D@std@@@2@V32@AEAVios_base@2@DPEBX@Z 0000000180003fd0 f i supervisor.obj
 0001:00003070       ?do_put@?$num_put@DV?$ostreambuf_iterator@DU?$char_traits@D@std@@@std@@@std@@MEBA?AV?$ostreambuf_iterator@DU?$char_traits@D@std@@@2@V32@AEAVios_base@2@DO@Z 0000000180004070 f i supervisor.obj
 0001:00003350       ?do_put@?$num_put@DV?$ostreambuf_iterator@DU?$char_traits@D@std@@@std@@@std@@MEBA?AV?$ostreambuf_iterator@DU?$char_traits@D@std@@@2@V32@AEAVios_base@2@DN@Z 0000000180004350 f i supervisor.obj
 0001:00003630       ?do_put@?$num_put@DV?$ostreambuf_iterator@DU?$char_traits@D@std@@@std@@@std@@MEBA?AV?$ostreambuf_iterator@DU?$char_traits@D@std@@@2@V32@AEAVios_base@2@D_K@Z 0000000180004630 f i supervisor.obj
 0001:00003750       ?do_put@?$num_put@DV?$ostreambuf_iterator@DU?$char_traits@D@std@@@std@@@std@@MEBA?AV?$ostreambuf_iterator@DU?$char_traits@D@std@@@2@V32@AEAVios_base@2@D_J@Z 0000000180004750 f i supervisor.obj
 0001:00003870       ?do_put@?$num_put@DV?$ostreambuf_iterator@DU?$char_traits@D@std@@@std@@@std@@MEBA?AV?$ostreambuf_iterator@DU?$char_traits@D@std@@@2@V32@AEAVios_base@2@DK@Z 0000000180004870 f i supervisor.obj
 0001:00003990       ?do_put@?$num_put@DV?$ostreambuf_iterator@DU?$char_traits@D@std@@@std@@@std@@MEBA?AV?$ostreambuf_iterator@DU?$char_traits@D@std@@@2@V32@AEAVios_base@2@DJ@Z 0000000180004990 f i supervisor.obj
 0001:00003ab0       ?do_put@?$num_put@DV?$ostreambuf_iterator@DU?$char_traits@D@std@@@std@@@std@@MEBA?AV?$ostreambuf_iterator@DU?$char_traits@D@std@@@2@V32@AEAVios_base@2@D_N@Z 0000000180004ab0 f i supervisor.obj
 0001:00003db0       ?push_back@?$basic_string@DU?$char_traits@D@std@@V?$allocator@D@2@@std@@QEAAXD@Z 0000000180004db0 f i supervisor.obj
 0001:00003f40       ?append@?$basic_string@DU?$char_traits@D@std@@V?$allocator@D@2@@std@@QEAAAEAV12@QEBD_K@Z 0000000180004f40 f i supervisor.obj
 0001:00003fc0       ?_Reset_back@?$basic_filebuf@DU?$char_traits@D@std@@@std@@AEAAXXZ 0000000180004fc0 f i supervisor.obj
 0001:00003ff0       ?_Initcvt@?$basic_filebuf@DU?$char_traits@D@std@@@std@@IEAAXAEBV?$codecvt@DDU_Mbstatet@@@2@@Z 0000000180004ff0 f i supervisor.obj
 0001:00004090       ?_Endwrite@?$basic_filebuf@DU?$char_traits@D@std@@@std@@IEAA_NXZ 0000000180005090 f i supervisor.obj
 0001:00004160       ?_Init@?$basic_filebuf@DU?$char_traits@D@std@@@std@@IEAAXPEAU_iobuf@@W4_Initfl@12@@Z 0000000180005160 f i supervisor.obj
 0001:00004250       ?close@?$basic_filebuf@DU?$char_traits@D@std@@@std@@QEAAPEAV12@XZ 0000000180005250 f i supervisor.obj
 0001:00004320       ??0?$basic_ostream@DU?$char_traits@D@std@@@std@@QEAA@PEAV?$basic_streambuf@DU?$char_traits@D@std@@@1@_N@Z 0000000180005320 f i supervisor.obj
 0001:000044c0       ?_Pnavail@?$basic_streambuf@DU?$char_traits@D@std@@@std@@IEBA_JXZ 00000001800054c0 f i supervisor.obj
 0001:000044e0       ?_Gnavail@?$basic_streambuf@DU?$char_traits@D@std@@@std@@IEBA_JXZ 00000001800054e0 f i supervisor.obj
 0001:00004500       ?setstate@?$basic_ios@DU?$char_traits@D@std@@@std@@QEAAXH_N@Z 0000000180005500 f i supervisor.obj
 0001:00004580       ??_G?$num_put@DV?$ostreambuf_iterator@DU?$char_traits@D@std@@@std@@@std@@MEAAPEAXI@Z 0000000180005580 f i supervisor.obj
 0001:00004580       ??_G?$codecvt@DDU_Mbstatet@@@std@@MEAAPEAXI@Z 0000000180005580 f i supervisor.obj
 0001:00004580       ??_E?$codecvt@DDU_Mbstatet@@@std@@MEAAPEAXI@Z 0000000180005580 f i * CIL library *:* CIL module *
 0001:00004580       ??_E?$num_put@DV?$ostreambuf_iterator@DU?$char_traits@D@std@@@std@@@std@@MEAAPEAXI@Z 0000000180005580 f i * CIL library *:* CIL module *
 0001:000045b0       ?do_truename@?$numpunct@D@std@@MEBA?AV?$basic_string@DU?$char_traits@D@std@@V?$allocator@D@2@@2@XZ 00000001800055b0 f i supervisor.obj
 0001:000045d0       ?do_falsename@?$numpunct@D@std@@MEBA?AV?$basic_string@DU?$char_traits@D@std@@V?$allocator@D@2@@2@XZ 00000001800055d0 f i supervisor.obj
 0001:000045f0       ?do_grouping@?$numpunct@D@std@@MEBA?AV?$basic_string@DU?$char_traits@D@std@@V?$allocator@D@2@@2@XZ 00000001800055f0 f i supervisor.obj
 0001:00004610       ?do_thousands_sep@?$numpunct@D@std@@MEBADXZ 0000000180005610 f i supervisor.obj
 0001:00004620       ?do_decimal_point@?$numpunct@D@std@@MEBADXZ 0000000180005620 f i supervisor.obj
 0001:00004630       ?_Iput@?$num_put@DV?$ostreambuf_iterator@DU?$char_traits@D@std@@@std@@@std@@AEBA?AV?$ostreambuf_iterator@DU?$char_traits@D@std@@@2@V32@AEAVios_base@2@DPEAD_K@Z 0000000180005630 f i supervisor.obj
 0001:00004ca0       ?_Fput@?$num_put@DV?$ostreambuf_iterator@DU?$char_traits@D@std@@@std@@@std@@AEBA?AV?$ostreambuf_iterator@DU?$char_traits@D@std@@@2@V32@AEAVios_base@2@DPEBD_K@Z 0000000180005ca0 f i supervisor.obj
 0001:00005390       ??0?$basic_streambuf@DU?$char_traits@D@std@@@std@@IEAA@XZ 0000000180006390 f i supervisor.obj
 0001:00005430       ??_G?$numpunct@D@std@@MEAAPEAXI@Z 0000000180006430 f i supervisor.obj
 0001:00005430       ??_E?$numpunct@D@std@@MEAAPEAXI@Z 0000000180006430 f i * CIL library *:* CIL module *
 0001:00005490       ?_Xran@?$_String_val@U?$_Simple_types@D@std@@@std@@SAXXZ 0000000180006490 f i supervisor.obj
 0001:000054b0       ??$use_facet@V?$ctype@D@std@@@std@@YAAEBV?$ctype@D@0@AEBVlocale@0@@Z 00000001800064b0 f i supervisor.obj
 0001:000056b0       ??$?6U?$char_traits@D@std@@@std@@YAAEAV?$basic_ostream@DU?$char_traits@D@std@@@0@AEAV10@PEBD@Z 00000001800066b0 f i supervisor.obj
 0001:00005960       ??$endl@DU?$char_traits@D@std@@@std@@YAAEAV?$basic_ostream@DU?$char_traits@D@std@@@0@AEAV10@@Z 0000000180006960 f i supervisor.obj
 0001:00005a00       ??$use_facet@V?$codecvt@DDU_Mbstatet@@@std@@@std@@YAAEBV?$codecvt@DDU_Mbstatet@@@0@AEBVlocale@0@@Z 0000000180006a00 f i supervisor.obj
 0001:00005be0       ??$use_facet@V?$num_put@DV?$ostreambuf_iterator@DU?$char_traits@D@std@@@std@@@std@@@std@@YAAEBV?$num_put@DV?$ostreambuf_iterator@DU?$char_traits@D@std@@@std@@@0@AEBVlocale@0@@Z 0000000180006be0 f i supervisor.obj
 0001:00005dc0       ??$use_facet@V?$numpunct@D@std@@@std@@YAAEBV?$numpunct@D@0@AEBVlocale@0@@Z 0000000180006dc0 f i supervisor.obj
 0001:00005ed0       ??$_Reallocate_grow_by@V<lambda_e1befb086ad3257e3f042a63030725f7>@@_KD@?$basic_string@DU?$char_traits@D@std@@V?$allocator@D@2@@std@@QEAAAEAV01@_KV<lambda_e1befb086ad3257e3f042a63030725f7>@@_KD@Z 0000000180006ed0 f i supervisor.obj
 0001:00006050       ??$_Reallocate_grow_by@V<lambda_65e615be2a453ca0576c979606f46740>@@PEBD_K@?$basic_string@DU?$char_traits@D@std@@V?$allocator@D@2@@std@@QEAAAEAV01@_KV<lambda_65e615be2a453ca0576c979606f46740>@@PEBD_K@Z 0000000180007050 f i supervisor.obj
 0001:000061d0       ??$_Reallocate_grow_by@V<lambda_b986da8d428e4af07c64af60eec09b61>@@_K_KD@?$basic_string@DU?$char_traits@D@std@@V?$allocator@D@2@@std@@QEAAAEAV01@_KV<lambda_b986da8d428e4af07c64af60eec09b61>@@_K2D@Z 00000001800071d0 f i supervisor.obj
 0001:00006380       ?_Getcat@?$numpunct@D@std@@SA_KPEAPEBVfacet@locale@2@PEBV42@@Z 0000000180007380 f i supervisor.obj
 0001:00006570       ?_Xlen@?$basic_string@DU?$char_traits@D@std@@V?$allocator@D@2@@std@@SAXXZ 0000000180007570 f i supervisor.obj
 0001:00006590       ?put@?$basic_ostream@DU?$char_traits@D@std@@@std@@QEAAAEAV12@D@Z 0000000180007590 f i supervisor.obj
 0001:00006720       ??$_Immortalize_impl@V_Iostream_error_category@std@@@std@@YAHPEAX0PEAPEAX@Z 0000000180007720 f i supervisor.obj
 0001:00006738       ??_E?$basic_ostream@DU?$char_traits@D@std@@@std@@$4PPPPPPPM@A@EAAPEAXI@Z 0000000180007738 f i supervisor.obj
 0001:00006744       ??_E?$basic_ofstream@DU?$char_traits@D@std@@@std@@$4PPPPPPPM@A@EAAPEAXI@Z 0000000180007744 f i supervisor.obj
 0001:0000679c       __imp_load_?GetCurrent@Isolate@v8@@SAPEAV12@XZ 000000018000779c f   node:node.exe
 0001:000067a8       __tailMerge_node_exe       00000001800077a8     node:node.exe
 0001:00006821       __imp_load_??1HandleScope@v8@@QEAA@XZ 0000000180007821 f   node:node.exe
 0001:0000682d       __imp_load_??0HandleScope@v8@@QEAA@PEAVIsolate@1@@Z 000000018000782d f   node:node.exe
 0001:00006839       __imp_load_?GetFunction@FunctionTemplate@v8@@QEAA?AV?$Local@VFunction@v8@@@2@XZ 0000000180007839 f   node:node.exe
 0001:00006845       __imp_load_?New@FunctionTemplate@v8@@SA?AV?$Local@VFunctionTemplate@v8@@@2@PEAVIsolate@2@P6AXAEBV?$FunctionCallbackInfo@VValue@v8@@@2@@ZV?$Local@VValue@v8@@@2@V?$Local@VSignature@v8@@@2@HW4ConstructorBehavior@2@W4SideEffectType@2@@Z 0000000180007845 f   node:node.exe
 0001:00006851       __imp_load_?NewFromUtf8@String@v8@@SA?AV?$Local@VString@v8@@@2@PEAVIsolate@2@PEBDW4NewStringType@12@H@Z 0000000180007851 f   node:node.exe
 0001:0000685d       __imp_load_?Set@Object@v8@@QEAA_NV?$Local@VValue@v8@@@2@0@Z 000000018000785d f   node:node.exe
 0001:00006869       __imp_load_node_module_register 0000000180007869 f   node:node.exe
 0001:00006878       ??0_Init_locks@std@@QEAA@XZ 0000000180007878 f   libcpmt:xlock.obj
 0001:000068c4       ??0_Lockit@std@@QEAA@H@Z   00000001800078c4 f   libcpmt:xlock.obj
 0001:00006900       ??1_Init_locks@std@@QEAA@XZ 0000000180007900 f   libcpmt:xlock.obj
 0001:00006944       ??1_Lockit@std@@QEAA@XZ    0000000180007944 f   libcpmt:xlock.obj
 0001:00006978       ??0exception@std@@QEAA@AEBV01@@Z 0000000180007978 f i libcpmt:xonce.obj
 0001:000069b0       ??_Eout_of_range@std@@UEAAPEAXI@Z 00000001800079b0 f i libcpmt:xthrow.obj
 0001:000069b0       ??_Ebad_exception@std@@UEAAPEAXI@Z 00000001800079b0 f i libvcruntime:frame.obj
 0001:000069b0       ??_Glength_error@std@@UEAAPEAXI@Z 00000001800079b0 f i libcpmt:xthrow.obj
 0001:000069b0       ??_Gbad_alloc@std@@UEAAPEAXI@Z 00000001800079b0 f i libcpmt:xthrow.obj
 0001:000069b0       ??_Eexception@std@@UEAAPEAXI@Z 00000001800079b0 f i libcpmt:xonce.obj
 0001:000069b0       ??_Gexception@std@@UEAAPEAXI@Z 00000001800079b0 f i libcpmt:xonce.obj
 0001:000069b0       ??_Ebad_alloc@std@@UEAAPEAXI@Z 00000001800079b0 f i libcpmt:xthrow.obj
 0001:000069b0       ??_Glogic_error@std@@UEAAPEAXI@Z 00000001800079b0 f i libcpmt:xthrow.obj
 0001:000069b0       ??_Ebad_array_new_length@std@@UEAAPEAXI@Z 00000001800079b0 f i LIBCMT:throw_bad_alloc.obj
 0001:000069b0       ??_Elogic_error@std@@UEAAPEAXI@Z 00000001800079b0 f i libcpmt:xthrow.obj
 0001:000069b0       ??_Elength_error@std@@UEAAPEAXI@Z 00000001800079b0 f i libcpmt:xthrow.obj
 0001:000069b0       ??_Gout_of_range@std@@UEAAPEAXI@Z 00000001800079b0 f i libcpmt:xthrow.obj
 0001:000069b0       ??_Gbad_exception@std@@UEAAPEAXI@Z 00000001800079b0 f i libvcruntime:frame.obj
 0001:000069b0       ??_Gbad_array_new_length@std@@UEAAPEAXI@Z 00000001800079b0 f i LIBCMT:throw_bad_alloc.obj
 0001:000069f4       ?_Execute_once@std@@YAHAEAUonce_flag@1@P6AHPEAX1PEAPEAX@Z1@Z 00000001800079f4 f   libcpmt:xonce.obj
 0001:000069fc       ?what@exception@std@@UEBAPEBDXZ 00000001800079fc f i libcpmt:xonce.obj
 0001:00006a10       ??0_Init_cout@std@@QEAA@XZ 0000000180007a10 f i libcpmt:cout.obj
 0001:00006a7c       ??1_Fac_tidy_reg_t@std@@QEAA@XZ 0000000180007a7c f i libcpmt:locale0.obj
 0001:00006ae4       ??4?$_Yarn@D@std@@QEAAAEAV01@PEBD@Z 0000000180007ae4 f i libcpmt:locale0.obj
 0001:00006b5c       ??_E_Locimp@locale@std@@MEAAPEAXI@Z 0000000180007b5c f i libcpmt:locale0.obj
 0001:00006b5c       ??_G_Locimp@locale@std@@MEAAPEAXI@Z 0000000180007b5c f i libcpmt:locale0.obj
 0001:00006bc8       ?_Facet_Register@std@@YAXPEAV_Facet_base@1@@Z 0000000180007bc8 f   libcpmt:locale0.obj
 0001:00006c00       ?_Getgloballocale@locale@std@@CAPEAV_Locimp@12@XZ 0000000180007c00 f   libcpmt:locale0.obj
 0001:00006c08       ?_Init@locale@std@@CAPEAV_Locimp@12@_N@Z 0000000180007c08 f   libcpmt:locale0.obj
 0001:00006cb4       ?_Locimp_dtor@_Locimp@locale@std@@CAXPEAV123@@Z 0000000180007cb4 f   libcpmt:locale0.obj
 0001:00006d3c       ?_Locinfo_ctor@_Locinfo@std@@SAXPEAV12@PEBD@Z 0000000180007d3c f   libcpmt:locale0.obj
 0001:00006da8       ?_Locinfo_dtor@_Locinfo@std@@SAXPEAV12@@Z 0000000180007da8 f   libcpmt:locale0.obj
 0001:00006dc4       ?_New_Locimp@_Locimp@locale@std@@CAPEAV123@_N@Z 0000000180007dc4 f   libcpmt:locale0.obj
 0001:00006e34       ?_Setgloballocale@locale@std@@CAXPEAX@Z 0000000180007e34 f   libcpmt:locale0.obj
 0001:00006e68       _Deletegloballocale        0000000180007e68 f   libcpmt:locale0.obj
 0001:00006ed8       ??0bad_alloc@std@@QEAA@AEBV01@@Z 0000000180007ed8 f i libcpmt:xthrow.obj
 0001:00006f18       ??0bad_alloc@std@@QEAA@XZ  0000000180007f18 f i libcpmt:xthrow.obj
 0001:00006f38       ??0length_error@std@@QEAA@AEBV01@@Z 0000000180007f38 f i libcpmt:xthrow.obj
 0001:00006f78       ??0length_error@std@@QEAA@PEBD@Z 0000000180007f78 f i libcpmt:xthrow.obj
 0001:00006fc4       ??0logic_error@std@@QEAA@AEBV01@@Z 0000000180007fc4 f i libcpmt:xthrow.obj
 0001:00007004       ??0out_of_range@std@@QEAA@AEBV01@@Z 0000000180008004 f i libcpmt:xthrow.obj
 0001:00007044       ??0out_of_range@std@@QEAA@PEBD@Z 0000000180008044 f i libcpmt:xthrow.obj
 0001:00007090       ??1bad_array_new_length@std@@UEAA@XZ 0000000180008090 f i LIBCMT:throw_bad_alloc.obj
 0001:00007090       ??1bad_alloc@std@@UEAA@XZ  0000000180008090 f i libcpmt:xthrow.obj
 0001:00007090       ??1bad_exception@std@@UEAA@XZ 0000000180008090 f i libvcruntime:frame.obj
 0001:00007090       ??1length_error@std@@UEAA@XZ 0000000180008090 f i libcpmt:xthrow.obj
 0001:00007090       ??1out_of_range@std@@UEAA@XZ 0000000180008090 f i libcpmt:xthrow.obj
 0001:000070a4       ?__scrt_throw_std_bad_alloc@@YAXXZ 00000001800080a4 f   LIBCMT:throw_bad_alloc.obj
 0001:000070a4       ?_Xbad_alloc@std@@YAXXZ    00000001800080a4 f   libcpmt:xthrow.obj
 0001:000070c4       ?_Xlength_error@std@@YAXPEBD@Z 00000001800080c4 f   libcpmt:xthrow.obj
 0001:000070e8       ?_Xout_of_range@std@@YAXPEBD@Z 00000001800080e8 f   libcpmt:xthrow.obj
 0001:0000710c       ?_Addstd@ios_base@std@@SAXPEAV12@@Z 000000018000810c f   libcpmt:ios.obj
 0001:00007184       ?_Ios_base_dtor@ios_base@std@@CAXPEAV12@@Z 0000000180008184 f   libcpmt:ios.obj
 0001:00007204       ?_Tidy@ios_base@std@@AEAAXXZ 0000000180008204 f i libcpmt:ios.obj
 0001:00007284       ??$_Xfiopen@D@std@@YAPEAU_iobuf@@PEBDHH@Z 0000000180008284 f i libcpmt:fiopen.obj
 0001:0000738c       ?_Fiopen@std@@YAPEAU_iobuf@@PEBDHH@Z 000000018000838c f   libcpmt:fiopen.obj
 0001:00007394       ?_Syserror_map@std@@YAPEBDH@Z 0000000180008394 f   libcpmt:syserror.obj
 0001:000073bc       _Getctype                  00000001800083bc f   libcpmt:_tolower.obj
 0001:00007484       _Tolower                   0000000180008484 f   libcpmt:_tolower.obj
 0001:000075b4       _Getcvt                    00000001800085b4 f   libcpmt:xwctomb.obj
 0001:00007644       _Toupper                   0000000180008644 f   libcpmt:_toupper.obj
 0001:00007784       _Mtxdst                    0000000180008784 f   libcpmt:xmtx.obj
 0001:0000778c       _Mtxinit                   000000018000878c f   libcpmt:xmtx.obj
 0001:0000779c       _Mtxlock                   000000018000879c f   libcpmt:xmtx.obj
 0001:000077a4       _Mtxunlock                 00000001800087a4 f   libcpmt:xmtx.obj
 0001:00007c7c       __crtInitOnceExecuteOnce   0000000180008c7c f   libcpmt:winapisupp.obj
 0001:00007d48       __crtInitializeCriticalSectionEx 0000000180008d48 f   libcpmt:winapisupp.obj
 0001:00007d78       ?_Atexit@@YAXP6AXXZ@Z      0000000180008d78 f   libcpmt:iosptrs.obj
 0001:00007db8       __crtLCMapStringA          0000000180008db8 f   libcpmt:StlLCMapStringA.obj
 0001:0000806c       GetTableIndexFromLocaleName 000000018000906c f   libcpmt:winapinls.obj
 0001:000080fc       __crtDownlevelLocaleNameToLCID 00000001800090fc f   libcpmt:winapinls.obj
 0001:00008130       __crtLCMapStringEx         0000000180009130 f   libcpmt:winapinls.obj
 0001:000081cc       __wcsnicmp_ascii           00000001800091cc f   libcpmt:winapinls.obj
 0001:00008250       __security_check_cookie    0000000180009250 f   LIBCMT:amdsecgs.obj
 0001:00008274       ??_V@YAXPEAX@Z             0000000180009274 f   LIBCMT:delete_array.obj
 0001:00008274       ??3@YAXPEAX_K@Z            0000000180009274 f   LIBCMT:delete_scalar_size.obj
 0001:0000827c       __raise_securityfailure    000000018000927c f   LIBCMT:gs_report.obj
 0001:000082b0       __report_gsfailure         00000001800092b0 f   LIBCMT:gs_report.obj
 0001:00008384       __report_rangecheckfailure 0000000180009384 f   LIBCMT:gs_report.obj
 0001:00008398       __report_securityfailure   0000000180009398 f   LIBCMT:gs_report.obj
 0001:00008518       ??2@YAPEAX_K@Z             0000000180009518 f   LIBCMT:new_scalar.obj
 0001:00008884       _DllMainCRTStartup         0000000180009884 f   LIBCMT:dll_dllmain.obj
 0001:000088c4       __scrt_acquire_startup_lock 00000001800098c4 f   LIBCMT:utility.obj
 0001:00008900       __scrt_dllmain_after_initialize_c 0000000180009900 f   LIBCMT:utility.obj
 0001:00008934       __scrt_dllmain_before_initialize_c 0000000180009934 f   LIBCMT:utility.obj
 0001:0000894c       __scrt_dllmain_crt_thread_attach 000000018000994c f   LIBCMT:utility.obj
 0001:00008974       __scrt_dllmain_crt_thread_detach 0000000180009974 f   LIBCMT:utility.obj
 0001:0000898c       __scrt_dllmain_exception_filter 000000018000998c f   LIBCMT:utility.obj
 0001:000089ec       __scrt_dllmain_uninitialize_c 00000001800099ec f   LIBCMT:utility.obj
 0001:00008a1c       __scrt_dllmain_uninitialize_critical 0000000180009a1c f   LIBCMT:utility.obj
 0001:00008a30       __scrt_initialize_crt      0000000180009a30 f   LIBCMT:utility.obj
 0001:00008a7c       __scrt_initialize_onexit_tables 0000000180009a7c f   LIBCMT:utility.obj
 0001:00008b54       __scrt_is_nonwritable_in_current_image 0000000180009b54 f   LIBCMT:utility.obj
 0001:00008bf0       __scrt_release_startup_lock 0000000180009bf0 f   LIBCMT:utility.obj
 0001:00008c14       __scrt_uninitialize_crt    0000000180009c14 f   LIBCMT:utility.obj
 0001:00008c40       _onexit                    0000000180009c40 f   LIBCMT:utility.obj
 0001:00008c90       atexit                     0000000180009c90 f   LIBCMT:utility.obj
 0001:00008ca8       __GSHandlerCheck           0000000180009ca8 f   LIBCMT:gshandler.obj
 0001:00008cc8       __GSHandlerCheckCommon     0000000180009cc8 f   LIBCMT:gshandler.obj
 0001:00008d24       __GSHandlerCheck_EH        0000000180009d24 f   LIBCMT:gshandlereh.obj
 0001:00008da4       ??_Etype_info@@UEAAPEAXI@Z 0000000180009da4 f i LIBCMT:std_type_info_static.obj
 0001:00008da4       ??_Gtype_info@@UEAAPEAXI@Z 0000000180009da4 f i LIBCMT:std_type_info_static.obj
 0001:00008de0       __chkstk                   0000000180009de0 f   LIBCMT:chkstk.obj
 0001:00008de0       _alloca_probe              0000000180009de0 f   LIBCMT:chkstk.obj
 0001:00008e34       ??3@YAXPEAX@Z              0000000180009e34 f   LIBCMT:delete_scalar.obj
 0001:00008e3c       ??0bad_array_new_length@std@@QEAA@AEBV01@@Z 0000000180009e3c f i LIBCMT:throw_bad_alloc.obj
 0001:00008e7c       ??0bad_array_new_length@std@@QEAA@XZ 0000000180009e7c f i LIBCMT:throw_bad_alloc.obj
 0001:00008e9c       ?__scrt_throw_std_bad_array_new_length@@YAXXZ 0000000180009e9c f   LIBCMT:throw_bad_alloc.obj
 0001:00008ebc       __security_init_cookie     0000000180009ebc f   LIBCMT:gs_support.obj
 0001:00008f68       ?__scrt_initialize_type_info@@YAXXZ 0000000180009f68 f   LIBCMT:tncleanup.obj
 0001:00008f78       ?__scrt_uninitialize_type_info@@YAXXZ 0000000180009f78 f   LIBCMT:tncleanup.obj
 0001:00008f84       __local_stdio_scanf_options 0000000180009f84 f i LIBCMT:default_local_stdio_options.obj
 0001:00008f8c       __scrt_initialize_default_local_stdio_options 0000000180009f8c f   LIBCMT:default_local_stdio_options.obj
 0001:00008fa8       __scrt_get_dyn_tls_init_callback 0000000180009fa8 f   LIBCMT:dyn_tls_init.obj
 0001:00008fb0       __crt_debugger_hook        0000000180009fb0 f   LIBCMT:utility_desktop.obj
 0001:00008fb8       __scrt_fastfail            0000000180009fb8 f   LIBCMT:utility_desktop.obj
 0001:00009104       _RTC_Initialize            000000018000a104 f   LIBCMT:initsect.obj
 0001:00009140       _RTC_Terminate             000000018000a140 f   LIBCMT:initsect.obj
 0001:0000917c       __isa_available_init       000000018000a17c f   LIBCMT:cpu_disp.obj
 0001:00009338       __scrt_is_ucrt_dll_in_use  000000018000a338 f   LIBCMT:ucrt_detection.obj
 0001:00009350       _purecall                  000000018000a350 f   libvcruntime:purevirt.obj
 0001:00009380       __std_exception_copy       000000018000a380 f   libvcruntime:std_exception.obj
 0001:00009410       __std_exception_destroy    000000018000a410 f   libvcruntime:std_exception.obj
 0001:00009438       _CxxThrowException         000000018000a438 f   libvcruntime:throw.obj
 0001:000094f8       ??$_CallSETranslator@V__FrameHandler3@@@@YAHPEAUEHExceptionRecord@@PEA_KPEAU_CONTEXT@@PEAU_xDISPATCHER_CONTEXT@@PEBU_s_FuncInfo@@K1@Z 000000018000a4f8 f i libvcruntime:risctrnsctrl.obj
 0001:0000954c       ?CatchTryBlock@__FrameHandler3@@SAPEBU_s_TryBlockMapEntry@@PEBU_s_FuncInfo@@H@Z 000000018000a54c f   libvcruntime:risctrnsctrl.obj
 0001:000095a4       ?ExecutionInCatch@__FrameHandler3@@SA_NPEAU_xDISPATCHER_CONTEXT@@PEBU_s_FuncInfo@@@Z 000000018000a5a4 f   libvcruntime:risctrnsctrl.obj
 0001:000095d0       ?FrameUnwindToEmptyState@__FrameHandler3@@SAXPEA_KPEAU_xDISPATCHER_CONTEXT@@PEBU_s_FuncInfo@@@Z 000000018000a5d0 f   libvcruntime:risctrnsctrl.obj
 0001:00009634       ?GetEstablisherFrame@__FrameHandler3@@SAPEA_KPEA_KPEAU_xDISPATCHER_CONTEXT@@PEBU_s_FuncInfo@@0@Z 000000018000a634 f   libvcruntime:risctrnsctrl.obj
 0001:00009700       ?GetRangeOfTrysToCheck@__FrameHandler3@@SA?AU?$pair@Viterator@TryBlockMap@__FrameHandler3@@V123@@std@@AEAVTryBlockMap@1@HH@Z 000000018000a700 f   libvcruntime:risctrnsctrl.obj
 0001:0000985c       ?UnwindNestedFrames@__FrameHandler3@@SAXPEA_KPEAUEHExceptionRecord@@PEAU_CONTEXT@@0PEAXPEBU_s_FuncInfo@@HHPEBU_s_HandlerType@@PEAU_xDISPATCHER_CONTEXT@@E@Z 000000018000a85c f   libvcruntime:risctrnsctrl.obj
 0001:00009980       _CreateFrameInfo           000000018000a980 f   libvcruntime:risctrnsctrl.obj
 0001:000099bc       _FindAndUnlinkFrame        000000018000a9bc f   libvcruntime:risctrnsctrl.obj
 0001:00009a10       _GetImageBase              000000018000aa10 f   libvcruntime:risctrnsctrl.obj
 0001:00009a24       _GetThrowImageBase         000000018000aa24 f   libvcruntime:risctrnsctrl.obj
 0001:00009a38       _SetImageBase              000000018000aa38 f   libvcruntime:risctrnsctrl.obj
 0001:00009a50       _SetThrowImageBase         000000018000aa50 f   libvcruntime:risctrnsctrl.obj
 0001:00009a68       __CxxFrameHandler3         000000018000aa68 f   libvcruntime:risctrnsctrl.obj
 0001:00009b00       memcpy_repmovs             000000018000ab00 f   libvcruntime:memcpy.obj
 0001:00009b20       memmove                    000000018000ab20 f   libvcruntime:memcpy.obj
 0001:00009b20       memcpy                     000000018000ab20 f   libvcruntime:memcpy.obj
 0001:00009f70       memset_repmovs             000000018000af70 f   libvcruntime:memset.obj
 0001:00009f90       memset                     000000018000af90 f   libvcruntime:memset.obj
 0001:0000a120       __DestructExceptionObject  000000018000b120 f   libvcruntime:ehhelpers.obj
 0001:0000a194       ?_CallMemberFunction0@@YAXQEAX0@Z 000000018000b194 f i libvcruntime:ehhelpers.obj
 0001:0000a198       _IsExceptionObjectToBeDestroyed 000000018000b198 f   libvcruntime:ehhelpers.obj
 0001:0000a1c8       __AdjustPointer            000000018000b1c8 f   libvcruntime:ehhelpers.obj
 0001:0000a1ec       __FrameUnwindFilter        000000018000b1ec f   libvcruntime:ehhelpers.obj
 0001:0000a238       __std_terminate            000000018000b238 f   libvcruntime:ehhelpers.obj
 0001:0000a260       memchr                     000000018000b260 f   libvcruntime:memchr.obj
 0001:0000a2e0       memcmp                     000000018000b2e0 f   libvcruntime:memcmp.obj
 0001:0000a3a8       __C_specific_handler       000000018000b3a8 f   libvcruntime:riscchandler.obj
 0001:0000a5b4       __vcrt_initialize          000000018000b5b4 f   libvcruntime:initialization.obj
 0001:0000a5e8       __vcrt_thread_attach       000000018000b5e8 f   libvcruntime:initialization.obj
 0001:0000a5fc       __vcrt_thread_detach       000000018000b5fc f   libvcruntime:initialization.obj
 0001:0000a610       __vcrt_uninitialize        000000018000b610 f   libvcruntime:initialization.obj
 0001:0000a630       __vcrt_uninitialize_critical 000000018000b630 f   libvcruntime:initialization.obj
 0001:0000a640       __std_type_info_compare    000000018000b640 f   libvcruntime:std_type_info.obj
 0001:0000a668       __std_type_info_destroy_list 000000018000b668 f   libvcruntime:std_type_info.obj
 0001:0000a694       __vcrt_initialize_pure_virtual_call_handler 000000018000b694 f   libvcruntime:purevirt_data.obj
 0001:0000a6a4       __vcrt_freefls             000000018000b6a4 f   libvcruntime:per_thread_data.obj
 0001:0000a6c4       __vcrt_freeptd             000000018000b6c4 f   libvcruntime:per_thread_data.obj
 0001:0000a714       __vcrt_getptd              000000018000b714 f   libvcruntime:per_thread_data.obj
 0001:0000a730       __vcrt_getptd_noexit       000000018000b730 f   libvcruntime:per_thread_data.obj
 0001:0000a7fc       __vcrt_initialize_ptd      000000018000b7fc f   libvcruntime:per_thread_data.obj
 0001:0000a850       __vcrt_uninitialize_ptd    000000018000b850 f   libvcruntime:per_thread_data.obj
 0001:0000a874       ?GetCurrentState@__FrameHandler3@@SAHPEA_KPEAU_xDISPATCHER_CONTEXT@@PEBU_s_FuncInfo@@@Z 000000018000b874 f   libvcruntime:ehstate.obj
 0001:0000a89c       ?GetUnwindTryBlock@__FrameHandler3@@SAHPEA_KPEAU_xDISPATCHER_CONTEXT@@PEBU_s_FuncInfo@@@Z 000000018000b89c f   libvcruntime:ehstate.obj
 0001:0000a8c8       ?SetState@__FrameHandler3@@SAXPEA_KPEBU_s_FuncInfo@@H@Z 000000018000b8c8 f   libvcruntime:ehstate.obj
 0001:0000a8d4       ?SetUnwindTryBlock@__FrameHandler3@@SAXPEA_KPEAU_xDISPATCHER_CONTEXT@@PEBU_s_FuncInfo@@H@Z 000000018000b8d4 f   libvcruntime:ehstate.obj
 0001:0000a910       ?StateFromControlPc@__FrameHandler3@@SAHPEBU_s_FuncInfo@@PEAU_xDISPATCHER_CONTEXT@@@Z 000000018000b910 f   libvcruntime:ehstate.obj
 0001:0000a918       ?StateFromIp@__FrameHandler3@@SAHPEBU_s_FuncInfo@@PEAU_xDISPATCHER_CONTEXT@@_K@Z 000000018000b918 f   libvcruntime:ehstate.obj
 0001:0000b3a4       ??$TypeMatchHelper@$$CBU_s_HandlerType@@@@YAHPEBU_s_HandlerType@@PEBU_s_CatchableType@@PEBU_s_ThrowInfo@@@Z 000000018000c3a4 f i libvcruntime:frame.obj
 0001:0000b4e8       ??$__InternalCxxFrameHandler@V__FrameHandler3@@@@YA?AW4_EXCEPTION_DISPOSITION@@PEAUEHExceptionRecord@@PEA_KPEAU_CONTEXT@@PEAU_xDISPATCHER_CONTEXT@@PEBU_s_FuncInfo@@H1E@Z 000000018000c4e8 f i libvcruntime:frame.obj
 0001:0000b730       ??0bad_exception@std@@QEAA@AEBV01@@Z 000000018000c730 f i libvcruntime:frame.obj
 0001:0000b770       ??0bad_exception@std@@QEAA@XZ 000000018000c770 f i libvcruntime:frame.obj
 0001:0000b790       ?CxxCallCatchBlock@__FrameHandler3@@SAPEAXPEAU_EXCEPTION_RECORD@@@Z 000000018000c790 f   libvcruntime:frame.obj
 0001:0000ba04       ?FrameUnwindToState@__FrameHandler3@@SAXPEA_KPEAU_xDISPATCHER_CONTEXT@@PEBU_s_FuncInfo@@H@Z 000000018000ca04 f   libvcruntime:frame.obj
 0001:0000bb98       ?GetHandlerSearchState@__FrameHandler3@@SAHPEA_KPEAU_xDISPATCHER_CONTEXT@@PEBU_s_FuncInfo@@@Z 000000018000cb98 f i libvcruntime:frame.obj
 0001:0000bd9c       ?_CallMemberFunction1@@YAXQEAX00@Z 000000018000cd9c f i libvcruntime:frame.obj
 0001:0000bda8       ?_CallMemberFunction2@@YAXQEAX00H@Z 000000018000cda8 f i libvcruntime:frame.obj
 0001:0000bdd0       _NLG_Notify                000000018000cdd0 f   libvcruntime:notify.obj
 0001:0000bdf0       __NLG_Dispatch2            000000018000cdf0 f   libvcruntime:notify.obj
 0001:0000be00       __NLG_Return2              000000018000ce00 f   libvcruntime:notify.obj
 0001:0000be04       __except_validate_context_record 000000018000ce04 f   libvcruntime:jbcxrval.obj
 0001:0000be3c       __vcrt_initialize_locks    000000018000ce3c f   libvcruntime:locks.obj
 0001:0000be84       __vcrt_uninitialize_locks  000000018000ce84 f   libvcruntime:locks.obj
 0001:0000c094       __vcrt_FlsAlloc            000000018000d094 f   libvcruntime:winapi_downlevel.obj
 0001:0000c0dc       __vcrt_FlsFree             000000018000d0dc f   libvcruntime:winapi_downlevel.obj
 0001:0000c124       __vcrt_FlsGetValue         000000018000d124 f   libvcruntime:winapi_downlevel.obj
 0001:0000c16c       __vcrt_FlsSetValue         000000018000d16c f   libvcruntime:winapi_downlevel.obj
 0001:0000c1c0       __vcrt_InitializeCriticalSectionEx 000000018000d1c0 f   libvcruntime:winapi_downlevel.obj
 0001:0000c224       __vcrt_initialize_winapi_thunks 000000018000d224 f   libvcruntime:winapi_downlevel.obj
 0001:0000c254       __vcrt_uninitialize_winapi_thunks 000000018000d254 f   libvcruntime:winapi_downlevel.obj
 0001:0000c2b0       _CallSettingFrame          000000018000d2b0 f   libvcruntime:handlers.obj
 0001:0000c300       _CallSettingFrameEncoded   000000018000d300 f   libvcruntime:handlers.obj
 0001:0000c348       abort                      000000018000d348 f   libucrt:abort.obj
 0001:0000c3a0       fputc                      000000018000d3a0 f   libucrt:fputc.obj
 0001:0000c4b4       calloc                     000000018000d4b4 f   libucrt:calloc.obj
 0001:0000c4bc       __acrt_initialize_clock    000000018000d4bc f   libucrt:clock.obj
 0001:0000c510       clock                      000000018000d510 f   libucrt:clock.obj
 0001:0000c57c       __acrt_call_reportfault    000000018000d57c f   libucrt:invalid_parameter.obj
 0001:0000c6d8       __acrt_initialize_invalid_parameter_handler 000000018000d6d8 f   libucrt:invalid_parameter.obj
 0001:0000c6e0       _invalid_parameter         000000018000d6e0 f   libucrt:invalid_parameter.obj
 0001:0000c790       _invalid_parameter_noinfo  000000018000d790 f   libucrt:invalid_parameter.obj
 0001:0000c7b0       _invalid_parameter_noinfo_noreturn 000000018000d7b0 f   libucrt:invalid_parameter.obj
 0001:0000c7e0       _invoke_watson             000000018000d7e0 f   libucrt:invalid_parameter.obj
 0001:0000ca44       __acrt_stdio_flush_nolock  000000018000da44 f   libucrt:fflush.obj
 0001:0000cac0       _fflush_nolock             000000018000dac0 f   libucrt:fflush.obj
 0001:0000cb0c       _flushall                  000000018000db0c f   libucrt:fflush.obj
 0001:0000cb14       fflush                     000000018000db14 f   libucrt:fflush.obj
 0001:0000cb7c       _fclose_nolock             000000018000db7c f   libucrt:fclose.obj
 0001:0000cc00       fclose                     000000018000dc00 f   libucrt:fclose.obj
 0001:0000cd10       strcspn                    000000018000dd10 f   libucrt:strcspn.obj
 0001:0000d2a0       ??$ensure_buffer_is_big_enough@D@formatting_buffer@__crt_stdio_output@@QEAA_N_K@Z 000000018000e2a0 f i libucrt:output.obj
 0001:0000d348       ??$type_case_integer_parse_into_buffer@I@?$output_processor@DV?$string_output_adapter@D@__crt_stdio_output@@V?$format_validation_base@DV?$string_output_adapter@D@__crt_stdio_output@@@2@@__crt_stdio_output@@AEAAXII_N@Z 000000018000e348 f i libucrt:output.obj
 0001:0000d3d8       ??$type_case_integer_parse_into_buffer@_K@?$output_processor@DV?$string_output_adapter@D@__crt_stdio_output@@V?$format_validation_base@DV?$string_output_adapter@D@__crt_stdio_output@@@2@@__crt_stdio_output@@AEAAX_KI_N@Z 000000018000e3d8 f i libucrt:output.obj
 0001:0000d46c       ??$write_multiple_characters@V?$string_output_adapter@D@__crt_stdio_output@@D@__crt_stdio_output@@YAXAEBV?$string_output_adapter@D@0@DHQEAH@Z 000000018000e46c f i libucrt:output.obj
 0001:0000d4e4       ??0_LocaleUpdate@@QEAA@QEAU__crt_locale_pointers@@@Z 000000018000e4e4 f i libucrt:output.obj
 0001:0000d580       ??1_LocaleUpdate@@QEAA@XZ  000000018000e580 f i libucrt:output.obj
 0001:0000d594       ?crop_zeroes@__crt_stdio_output@@YAXPEADQEAU__crt_locale_pointers@@@Z 000000018000e594 f i libucrt:output.obj
 0001:0000d600       ?force_decimal_point@__crt_stdio_output@@YAXPEADQEAU__crt_locale_pointers@@@Z 000000018000e600 f i libucrt:output.obj
 0001:0000d670       ?parse_int_from_format_string@?$output_processor@DV?$string_output_adapter@D@__crt_stdio_output@@V?$format_validation_base@DV?$string_output_adapter@D@__crt_stdio_output@@@2@@__crt_stdio_output@@AEAA_NQEAH@Z 000000018000e670 f i libucrt:output.obj
 0001:0000d714       ?process@?$output_processor@DV?$string_output_adapter@D@__crt_stdio_output@@V?$format_validation_base@DV?$string_output_adapter@D@__crt_stdio_output@@@2@@__crt_stdio_output@@QEAAHXZ 000000018000e714 f i libucrt:output.obj
 0001:0000d928       ?state_case_normal@?$output_processor@DV?$string_output_adapter@D@__crt_stdio_output@@V?$format_validation_base@DV?$string_output_adapter@D@__crt_stdio_output@@@2@@__crt_stdio_output@@AEAA_NXZ 000000018000e928 f i libucrt:output.obj
 0001:0000d99c       ?state_case_normal_tchar@?$output_processor@DV?$string_output_adapter@D@__crt_stdio_output@@V?$format_validation_base@DV?$string_output_adapter@D@__crt_stdio_output@@@2@@__crt_stdio_output@@AEAA_ND@Z 000000018000e99c f i libucrt:output.obj
 0001:0000da34       ?state_case_size@?$output_processor@DV?$string_output_adapter@D@__crt_stdio_output@@V?$format_validation_base@DV?$string_output_adapter@D@__crt_stdio_output@@@2@@__crt_stdio_output@@AEAA_NXZ 000000018000ea34 f i libucrt:output.obj
 0001:0000dba8       ?state_case_type@?$output_processor@DV?$string_output_adapter@D@__crt_stdio_output@@V?$format_validation_base@DV?$string_output_adapter@D@__crt_stdio_output@@@2@@__crt_stdio_output@@AEAA_NXZ 000000018000eba8 f i libucrt:output.obj
 0001:0000de14       ?type_case_Z@?$output_processor@DV?$string_output_adapter@D@__crt_stdio_output@@V?$format_validation_base@DV?$string_output_adapter@D@__crt_stdio_output@@@2@@__crt_stdio_output@@AEAA_NXZ 000000018000ee14 f i libucrt:output.obj
 0001:0000de8c       ?type_case_a@?$output_processor@DV?$string_output_adapter@D@__crt_stdio_output@@V?$format_validation_base@DV?$string_output_adapter@D@__crt_stdio_output@@@2@@__crt_stdio_output@@AEAA_NXZ 000000018000ee8c f i libucrt:output.obj
 0001:0000e048       ?type_case_c_tchar@?$output_processor@DV?$string_output_adapter@D@__crt_stdio_output@@V?$format_validation_base@DV?$string_output_adapter@D@__crt_stdio_output@@@2@@__crt_stdio_output@@AEAA_ND@Z 000000018000f048 f i libucrt:output.obj
 0001:0000e10c       ?type_case_integer@?$output_processor@DV?$string_output_adapter@D@__crt_stdio_output@@V?$format_validation_base@DV?$string_output_adapter@D@__crt_stdio_output@@@2@@__crt_stdio_output@@AEAA_NI_N@Z 000000018000f10c f i libucrt:output.obj
 0001:0000e2d4       ?type_case_n@?$output_processor@DV?$string_output_adapter@D@__crt_stdio_output@@V?$format_validation_base@DV?$string_output_adapter@D@__crt_stdio_output@@@2@@__crt_stdio_output@@AEAA_NXZ 000000018000f2d4 f i libucrt:output.obj
 0001:0000e3b0       ?type_case_s@?$output_processor@DV?$string_output_adapter@D@__crt_stdio_output@@V?$format_validation_base@DV?$string_output_adapter@D@__crt_stdio_output@@@2@@__crt_stdio_output@@AEAA_NXZ 000000018000f3b0 f i libucrt:output.obj
 0001:0000e448       ?write_stored_string_tchar@?$output_processor@DV?$string_output_adapter@D@__crt_stdio_output@@V?$format_validation_base@DV?$string_output_adapter@D@__crt_stdio_output@@@2@@__crt_stdio_output@@AEAA_ND@Z 000000018000f448 f i libucrt:output.obj
 0001:0000e520       ?write_string@?$string_output_adapter@D@__crt_stdio_output@@QEBAXQEBDHQEAHAEAV__crt_deferred_errno_cache@@@Z 000000018000f520 f i libucrt:output.obj
 0001:0000e5c4       __stdio_common_vsprintf_s  000000018000f5c4 f   libucrt:output.obj
 0001:0000e628       _fgetc_nolock              000000018000f628 f   libucrt:fgetc.obj
 0001:0000e66c       fgetc                      000000018000f66c f   libucrt:fgetc.obj
 0001:0000e764       __acrt_initialize_stdio    000000018000f764 f   libucrt:_file.obj
 0001:0000e884       __acrt_iob_func            000000018000f884 f   libucrt:_file.obj
 0001:0000e898       __acrt_uninitialize_stdio  000000018000f898 f   libucrt:_file.obj
 0001:0000e8f4       _get_stream_buffer_pointers 000000018000f8f4 f   libucrt:_file.obj
 0001:0000e93c       _lock_file                 000000018000f93c f   libucrt:_file.obj
 0001:0000e948       _unlock_file               000000018000f948 f   libucrt:_file.obj
 0001:0000e954       localeconv                 000000018000f954 f   libucrt:localeconv.obj
 0001:0000ea2c       _fwrite_nolock             000000018000fa2c f   libucrt:fwrite.obj
 0001:0000ebd4       fwrite                     000000018000fbd4 f   libucrt:fwrite.obj
 0001:0000ec58       fgetpos                    000000018000fc58 f   libucrt:fgetpos.obj
 0001:0000edd4       setvbuf                    000000018000fdd4 f   libucrt:setvbuf.obj
 0001:0000ee70       free                       000000018000fe70 f   libucrt:free.obj
 0001:0000ee84       _ungetc_nolock             000000018000fe84 f   libucrt:ungetc.obj
 0001:0000ef9c       ungetc                     000000018000ff9c f   libucrt:ungetc.obj
 0001:0000eff4       frexp                      000000018000fff4 f   libucrt:frexp.obj
 0001:0000f0ec       fsetpos                    00000001800100ec f   libucrt:fsetpos.obj
 0001:0000f124       _fread_nolock_s            0000000180010124 f   libucrt:fread.obj
 0001:0000f3b4       fread                      00000001800103b4 f   libucrt:fread.obj
 0001:0000f3d4       fread_s                    00000001800103d4 f   libucrt:fread.obj
 0001:0000f6a8       _fseeki64                  00000001800106a8 f   libucrt:fseek.obj
 0001:0000f6b0       fseek                      00000001800106b0 f   libucrt:fseek.obj
 0001:0000f6b8       __ascii_stricmp            00000001800106b8 f   libucrt:stricmp.obj
 0001:0000f6f8       _stricmp                   00000001800106f8 f   libucrt:stricmp.obj
 0001:0000f740       _stricmp_l                 0000000180010740 f   libucrt:stricmp.obj
 0001:0000f7f4       __acrt_initialize_locks    00000001800107f4 f   libucrt:locks.obj
 0001:0000f83c       __acrt_lock                000000018001083c f   libucrt:locks.obj
 0001:0000f858       __acrt_uninitialize_locks  0000000180010858 f   libucrt:locks.obj
 0001:0000f890       __acrt_unlock              0000000180010890 f   libucrt:locks.obj
 0001:0000f8ac       _lock_locales              00000001800108ac f   libucrt:locks.obj
 0001:0000f8c8       _unlock_locales            00000001800108c8 f   libucrt:locks.obj
 0001:0000f8d8       terminate                  00000001800108d8 f   libucrt:terminate.obj
 0001:0000f8f8       malloc                     00000001800108f8 f   libucrt:malloc.obj
 0001:0000fc0c       setlocale                  0000000180010c0c f   libucrt:setlocale.obj
 0001:0000fd10       _fsopen                    0000000180010d10 f   libucrt:fopen.obj
 0001:0000fd18       __pctype_func              0000000180010d18 f   libucrt:ctype.obj
 0001:0000fd48       isdigit                    0000000180010d48 f i libucrt:_ctype.obj
 0001:0000fdc0       islower                    0000000180010dc0 f i libucrt:_ctype.obj
 0001:0000fe38       isupper                    0000000180010e38 f i libucrt:_ctype.obj
 0001:0000feb0       _wcsdup                    0000000180010eb0 f   libucrt:wcsdup.obj
 0001:0000ff34       ___lc_codepage_func        0000000180010f34 f   libucrt:initctype.obj
 0001:0000ff64       ___lc_locale_name_func     0000000180010f64 f   libucrt:initctype.obj
 0001:0000ff98       ___mb_cur_max_func         0000000180010f98 f   libucrt:initctype.obj
 0001:0000ffc8       __acrt_locale_initialize_ctype 0000000180010fc8 f   libucrt:initctype.obj
 0001:00010624       __acrt_errno_from_os_error 0000000180011624 f   libucrt:errno.obj
 0001:0001066c       __acrt_errno_map_os_error  000000018001166c f   libucrt:errno.obj
 0001:000106bc       __doserrno                 00000001800116bc f   libucrt:errno.obj
 0001:000106dc       _errno                     00000001800116dc f   libucrt:errno.obj
 0001:00010700       ?divide@__crt_strtox@@YA_KAEAUbig_integer@1@AEBU21@@Z 0000000180011700 f i libucrt:strtod.obj
 0001:00010c20       pow                        0000000180011c20 f   libucrt:pow.obj
 0001:000122c0       powf                       00000001800132c0 f   libucrt:powf.obj
 0001:00013188       __strncnt                  0000000180014188 f   libucrt:strncnt.obj
 0001:000131a0       ??$__acrt_mbs_to_wcs_cp@U__crt_win32_buffer_internal_dynamic_resizing@@@@YAHQEBDAEAV?$__crt_win32_buffer@_WU__crt_win32_buffer_internal_dynamic_resizing@@@@I@Z 00000001800141a0 f i libucrt:strftime.obj
 0001:000132d8       _tolower_l                 00000001800142d8 f   libucrt:tolower_toupper.obj
 0001:00013418       tolower                    0000000180014418 f   libucrt:tolower_toupper.obj
 0001:00013444       wcscpy_s                   0000000180014444 f   libucrt:wcscpy_s.obj
 0001:000134bc       strnlen                    00000001800144bc f   libucrt:strnlen.obj
 0001:0001360c       wcsnlen                    000000018001460c f   libucrt:strnlen.obj
 0001:000137e4       __acrt_initialize_new_handler 00000001800147e4 f   libucrt:new_handler.obj
 0001:000137ec       _callnewh                  00000001800147ec f   libucrt:new_handler.obj
 0001:0001381c       _query_new_handler         000000018001481c f   libucrt:new_handler.obj
 0001:00013850       _initterm                  0000000180014850 f   libucrt:initterm.obj
 0001:000138b4       _initterm_e                00000001800148b4 f   libucrt:initterm.obj
 0001:000138f4       _seh_filter_dll            00000001800148f4 f   libucrt:exception_filter.obj
 0001:00013908       _seh_filter_exe            0000000180014908 f   libucrt:exception_filter.obj
 0001:00013d00       __acrt_initialize_thread_local_exit_callback 0000000180014d00 f   libucrt:exit.obj
 0001:00013d08       _cexit                     0000000180014d08 f   libucrt:exit.obj
 0001:00013d18       _exit                      0000000180014d18 f   libucrt:exit.obj
 0001:00013d24       _is_c_termination_complete 0000000180014d24 f   libucrt:exit.obj
 0001:00013ef0       __acrt_allocate_buffer_for_argv 0000000180014ef0 f   libucrt:argv_parsing.obj
 0001:00013f50       _configure_narrow_argv     0000000180014f50 f   libucrt:argv_parsing.obj
 0001:000142c8       __dcrt_uninitialize_environments_nolock 00000001800152c8 f   libucrt:environment_initialization.obj
 0001:00014300       _initialize_narrow_environment 0000000180015300 f   libucrt:environment_initialization.obj
 0001:00014690       _crt_atexit                0000000180015690 f   libucrt:onexit.obj
 0001:000146a0       _execute_onexit_table      00000001800156a0 f   libucrt:onexit.obj
 0001:000146dc       _initialize_onexit_table   00000001800156dc f   libucrt:onexit.obj
 0001:0001471c       _register_onexit_function  000000018001571c f   libucrt:onexit.obj
 0001:000148a4       __acrt_initialize          00000001800158a4 f   libucrt:initialization.obj
 0001:000148b8       __acrt_thread_attach       00000001800158b8 f   libucrt:initialization.obj
 0001:000148cc       __acrt_thread_detach       00000001800158cc f   libucrt:initialization.obj
 0001:000148dc       __acrt_uninitialize        00000001800158dc f   libucrt:initialization.obj
 0001:00014914       __acrt_uninitialize_critical 0000000180015914 f   libucrt:initialization.obj
 0001:00014924       strcpy_s                   0000000180015924 f   libucrt:strcpy_s.obj
 0001:00014994       wcsncmp                    0000000180015994 f   libucrt:wcsncmp.obj
 0001:000149c0       ??$parse_integer@KV?$c_string_character_source@D@__crt_strtox@@@__crt_strtox@@YAKQEAU__crt_locale_pointers@@V?$c_string_character_source@D@0@H_N@Z 00000001800159c0 f i libucrt:atox.obj
 0001:00014cfc       ??$parse_integer@KV?$c_string_character_source@_W@__crt_strtox@@@__crt_strtox@@YAKQEAU__crt_locale_pointers@@V?$c_string_character_source@_W@0@H_N@Z 0000000180015cfc f i libucrt:atox.obj
 0001:000153b0       _wtol                      00000001800163b0 f   libucrt:atox.obj
 0001:000153f0       strncmp                    00000001800163f0 f   libucrt:strncmp.obj
 0001:000154b8       __acrt_get_sigabrt_handler 00000001800164b8 f   libucrt:signal.obj
 0001:000154e8       __acrt_initialize_signal_handlers 00000001800164e8 f   libucrt:signal.obj
 0001:00015508       raise                      0000000180016508 f   libucrt:signal.obj
 0001:00015788       _fileno                    0000000180016788 f   libucrt:fileno.obj
 0001:00015890       __acrt_stdio_flush_and_write_narrow_nolock 0000000180016890 f   libucrt:_flsbuf.obj
 0001:00015b60       __acrt_initialize_lowio    0000000180016b60 f   libucrt:ioinit.obj
 0001:00015b9c       __acrt_uninitialize_lowio  0000000180016b9c f   libucrt:ioinit.obj
 0001:00015bdc       _calloc_base               0000000180016bdc f   libucrt:calloc_base.obj
 0001:00015fcc       __acrt_freeptd             0000000180016fcc f   libucrt:per_thread_data.obj
 0001:00016010       __acrt_getptd              0000000180017010 f   libucrt:per_thread_data.obj
 0001:000160d4       __acrt_getptd_head         00000001800170d4 f   libucrt:per_thread_data.obj
 0001:0001617c       __acrt_getptd_noexit       000000018001717c f   libucrt:per_thread_data.obj
 0001:00016234       __acrt_initialize_ptd      0000000180017234 f   libucrt:per_thread_data.obj
 0001:00016270       __acrt_uninitialize_ptd    0000000180017270 f   libucrt:per_thread_data.obj
 0001:00016320       _commit                    0000000180017320 f   libucrt:commit.obj
 0001:0001695c       _write                     000000018001795c f   libucrt:write.obj
 0001:00016a48       _write_nolock              0000000180017a48 f   libucrt:write.obj
 0001:00016d28       _free_base                 0000000180017d28 f   libucrt:free_base.obj
 0001:00016ddc       _close                     0000000180017ddc f   libucrt:close.obj
 0001:00016e80       _close_nolock              0000000180017e80 f   libucrt:close.obj
 0001:00016f3c       ?__acrt_stdio_allocate_stream@@YA?AV__crt_stdio_stream@@XZ 0000000180017f3c f   libucrt:stream.obj
 0001:00016f94       ?__acrt_stdio_free_stream@@YAXV__crt_stdio_stream@@@Z 0000000180017f94 f   libucrt:stream.obj
 0001:0001709c       __acrt_stdio_free_buffer_nolock 000000018001809c f   libucrt:_freebuf.obj
 0001:000170dc       _malloc_base               00000001800180dc f   libucrt:malloc_base.obj
 0001:0001713c       strtol                     000000018001813c f   libucrt:strtox.obj
 0001:00017168       _mbtowc_l                  0000000180018168 f   libucrt:mbtowc.obj
 0001:000172e4       mbtowc                     00000001800182e4 f   libucrt:mbtowc.obj
 0001:000172ec       _wctomb_s_l                00000001800182ec f   libucrt:wctomb.obj
 0001:00017470       wctomb_s                   0000000180018470 f   libucrt:wctomb.obj
 0001:00017484       __acrt_update_locale_info  0000000180018484 f   libucrt:locale_update.obj
 0001:000174b8       __acrt_update_multibyte_info 00000001800184b8 f   libucrt:locale_update.obj
 0001:00017ebc       __acrt_fp_format           0000000180018ebc f   libucrt:cvt.obj
 0001:00018144       _get_printf_count_output   0000000180019144 f   libucrt:printf_count_output.obj
 0001:0001815c       __acrt_stdio_begin_temporary_buffering_nolock 000000018001915c f   libucrt:_sftbuf.obj
 0001:0001822c       __acrt_stdio_end_temporary_buffering_nolock 000000018001922c f   libucrt:_sftbuf.obj
 0001:000184d0       __acrt_copy_locale_name    00000001800194d0 f   libucrt:wsetlocale.obj
 0001:00018554       __acrt_set_locale_changed  0000000180019554 f   libucrt:wsetlocale.obj
 0001:00018560       __acrt_uninitialize_locale 0000000180019560 f   libucrt:wsetlocale.obj
 0001:00018590       __lc_lctowcs               0000000180019590 f   libucrt:wsetlocale.obj
 0001:00018634       __lc_wcstolc               0000000180019634 f   libucrt:wsetlocale.obj
 0001:000188b4       _expandlocale              00000001800198b4 f   libucrt:wsetlocale.obj
 0001:00018d3c       _wcscats                   0000000180019d3c f   libucrt:wsetlocale.obj
 0001:00018da4       _wsetlocale                0000000180019da4 f   libucrt:wsetlocale.obj
 0001:00019610       __acrt_stdio_refill_and_read_narrow_nolock 000000018001a610 f   libucrt:_filbuf.obj
 0001:00019a20       __acrt_AppPolicyGetProcessTerminationMethodInternal 000000018001aa20 f   libucrt:winapi_thunks.obj
 0001:00019a70       __acrt_AreFileApisANSI     000000018001aa70 f   libucrt:winapi_thunks.obj
 0001:00019aac       __acrt_EnumSystemLocalesEx 000000018001aaac f   libucrt:winapi_thunks.obj
 0001:00019b44       __acrt_FlsAlloc            000000018001ab44 f   libucrt:winapi_thunks.obj
 0001:00019b8c       __acrt_FlsFree             000000018001ab8c f   libucrt:winapi_thunks.obj
 0001:00019bd4       __acrt_FlsGetValue         000000018001abd4 f   libucrt:winapi_thunks.obj
 0001:00019c1c       __acrt_FlsSetValue         000000018001ac1c f   libucrt:winapi_thunks.obj
 0001:00019c70       __acrt_GetLocaleInfoEx     000000018001ac70 f   libucrt:winapi_thunks.obj
 0001:00019cf4       __acrt_GetUserDefaultLocaleName 000000018001acf4 f   libucrt:winapi_thunks.obj
 0001:00019d58       __acrt_InitializeCriticalSectionEx 000000018001ad58 f   libucrt:winapi_thunks.obj
 0001:00019dbc       __acrt_IsValidLocaleName   000000018001adbc f   libucrt:winapi_thunks.obj
 0001:00019e14       __acrt_LCIDToLocaleName    000000018001ae14 f   libucrt:winapi_thunks.obj
 0001:00019e84       __acrt_LCMapStringEx       000000018001ae84 f   libucrt:winapi_thunks.obj
 0001:00019f60       __acrt_LocaleNameToLCID    000000018001af60 f   libucrt:winapi_thunks.obj
 0001:00019fb0       __acrt_can_use_vista_locale_apis 000000018001afb0 f   libucrt:winapi_thunks.obj
 0001:00019fe0       __acrt_eagerly_load_locale_apis 000000018001afe0 f   libucrt:winapi_thunks.obj
 0001:0001a13c       __acrt_initialize_winapi_thunks 000000018001b13c f   libucrt:winapi_thunks.obj
 0001:0001a184       __acrt_uninitialize_winapi_thunks 000000018001b184 f   libucrt:winapi_thunks.obj
 0001:0001a1c8       _fcloseall                 000000018001b1c8 f   libucrt:closeall.obj
 0001:0001a74c       _ftelli64                  000000018001b74c f   libucrt:ftell.obj
 0001:0001a754       _ftelli64_nolock           000000018001b754 f   libucrt:ftell.obj
 0001:0001a75c       __acrt_stdio_allocate_buffer_nolock 000000018001b75c f   libucrt:_getbuf.obj
 0001:0001a7c4       _dsign                     000000018001b7c4 f   libucrt:nan.obj
 0001:0001a7dc       _errcode                   000000018001b7dc f   libucrt:fpexcept.obj
 0001:0001a820       _except1                   000000018001b820 f   libucrt:fpexcept.obj
 0001:0001a914       _handle_exc                000000018001b914 f   libucrt:fpexcept.obj
 0001:0001ab7c       _raise_exc                 000000018001bb7c f   libucrt:fpexcept.obj
 0001:0001aba4       _raise_exc_ex              000000018001bba4 f   libucrt:fpexcept.obj
 0001:0001aeb4       _raise_excf                000000018001beb4 f   libucrt:fpexcept.obj
 0001:0001aee0       _set_errno_from_matherr    000000018001bee0 f   libucrt:fpexcept.obj
 0001:0001af10       _umatherr                  000000018001bf10 f   libucrt:fpexcept.obj
 0001:0001afe4       _decomp                    000000018001bfe4 f   libucrt:util.obj
 0001:0001b11c       _sptype                    000000018001c11c f   libucrt:util.obj
 0001:0001b190       _clrfp                     000000018001c190 f   libucrt:fpctrl.obj
 0001:0001b1b0       _ctrlfp                    000000018001c1b0 f   libucrt:fpctrl.obj
 0001:0001b22c       _set_statfp                000000018001c22c f   libucrt:fpctrl.obj
 0001:0001b24c       _statfp                    000000018001c24c f   libucrt:fpctrl.obj
 0001:0001b840       _read                      000000018001c840 f   libucrt:read.obj
 0001:0001b95c       _read_nolock               000000018001c95c f   libucrt:read.obj
 0001:0001bf44       _lseeki64                  000000018001cf44 f   libucrt:lseek.obj
 0001:0001bf4c       _lseeki64_nolock           000000018001cf4c f   libucrt:lseek.obj
 0001:0001c158       _mbstowcs_l                000000018001d158 f   libucrt:mbstowcs.obj
 0001:0001c160       _mbstowcs_s_l              000000018001d160 f   libucrt:mbstowcs.obj
 0001:0001c294       mbstowcs                   000000018001d294 f   libucrt:mbstowcs.obj
 0001:0001c2b0       mbstowcs_s                 000000018001d2b0 f   libucrt:mbstowcs.obj
 0001:0001c638       _wcstombs_l                000000018001d638 f   libucrt:wcstombs.obj
 0001:0001c640       _wcstombs_s_l              000000018001d640 f   libucrt:wcstombs.obj
 0001:0001c72c       ??$__acrt_stdio_parse_mode@D@@YA?AU__acrt_stdio_stream_mode@@QEBD@Z 000000018001d72c f i libucrt:openfile.obj
 0001:0001c9f0       _openfile                  000000018001d9f0 f   libucrt:openfile.obj
 0001:0001ca8c       _isctype_l                 000000018001da8c f   libucrt:isctype.obj
 0001:0001cd1c       __acrt_GetLocaleInfoA      000000018001dd1c f   libucrt:getlocaleinfoa.obj
 0001:0001cee4       __acrt_GetStringTypeA      000000018001dee4 f   libucrt:getstringtypea.obj
 0001:0001d38c       __acrt_LCMapStringA        000000018001e38c f   libucrt:lcmapstringa.obj
 0001:0001d424       _realloc_base              000000018001e424 f   libucrt:realloc_base.obj
 0001:0001d4a0       iswctype                   000000018001e4a0 f   libucrt:iswctype.obj
 0001:0001d510       __acrt_initialize_fma3     000000018001e510 f   libucrt:fma3_available.obj
 0001:0001d580       _pow_special               000000018001e580 f   libucrt:pow_special.obj
 0001:0001d6a4       _powf_special              000000018001e6a4 f   libucrt:pow_special.obj
 0001:0001d830       __acrt_MultiByteToWideChar 000000018001e830 f   libucrt:multibytetowidechar.obj
 0001:0001d88c       __acrt_WideCharToMultiByte 000000018001e88c f   libucrt:widechartomultibyte.obj
 0001:0001d924       _wcsicmp                   000000018001e924 f   libucrt:wcsicmp.obj
 0001:0001d9bc       _wcsicmp_l                 000000018001e9bc f   libucrt:wcsicmp.obj
 0001:0001dabc       __acrt_initialize_timeset  000000018001eabc f   libucrt:timeset.obj
 0001:0001db00       _isleadbyte_l              000000018001eb00 f i libucrt:_wctype.obj
 0001:0001db40       __acrt_get_process_end_policy 000000018001eb40 f   libucrt:win_policies.obj
 0001:0001e0e4       __acrt_expand_narrow_argv_wildcards 000000018001f0e4 f   libucrt:argv_wildcards.obj
 0001:0001e0ec       __acrt_GetModuleFileNameA  000000018001f0ec f   libucrt:getmodulefilenamea.obj
 0001:0001e894       __acrt_initialize_multibyte 000000018001f894 f   libucrt:mbctype.obj
 0001:0001e8f4       __acrt_update_thread_multibyte_data 000000018001f8f4 f   libucrt:mbctype.obj
 0001:0001e910       _setmbcp_nolock            000000018001f910 f   libucrt:mbctype.obj
 0001:0001ec40       _ismbblead                 000000018001fc40 f   libucrt:ismbbyte.obj
 0001:0001ec54       __acrt_initialize_command_line 000000018001fc54 f   libucrt:argv_data.obj
 0001:0001ec7c       __dcrt_get_narrow_environment_from_os 000000018001fc7c f   libucrt:get_environment_from_os.obj
 0001:0001ed80       _recalloc                  000000018001fd80 f   libucrt:recalloc.obj
 0001:0001ed88       _recalloc_base             000000018001fd88 f   libucrt:recalloc.obj
 0001:0001ee20       __acrt_initialize_heap     000000018001fe20 f   libucrt:heap_handle.obj
 0001:0001ee3c       __acrt_uninitialize_heap   000000018001fe3c f   libucrt:heap_handle.obj
 0001:0001ee48       __acrt_execute_initializers 000000018001fe48 f   libucrt:shared_initialization.obj
 0001:0001eec8       __acrt_execute_uninitializers 000000018001fec8 f   libucrt:shared_initialization.obj
 0001:0001ef04       __acrt_has_user_matherr    000000018001ff04 f   libucrt:matherr.obj
 0001:0001ef24       __acrt_initialize_user_matherr 000000018001ff24 f   libucrt:matherr.obj
 0001:0001ef2c       __acrt_invoke_user_matherr 000000018001ff2c f   libucrt:matherr.obj
 0001:0001ef5c       _isatty                    000000018001ff5c f   libucrt:isatty.obj
 0001:0001efbc       __acrt_lowio_create_handle_array 000000018001ffbc f   libucrt:osfinfo.obj
 0001:0001f054       __acrt_lowio_destroy_handle_array 0000000180020054 f   libucrt:osfinfo.obj
 0001:0001f0a4       __acrt_lowio_ensure_fh_exists 00000001800200a4 f   libucrt:osfinfo.obj
 0001:0001f14c       __acrt_lowio_lock_fh       000000018002014c f   libucrt:osfinfo.obj
 0001:0001f170       __acrt_lowio_set_os_handle 0000000180020170 f   libucrt:osfinfo.obj
 0001:0001f230       __acrt_lowio_unlock_fh     0000000180020230 f   libucrt:osfinfo.obj
 0001:0001f254       _alloc_osfhnd              0000000180020254 f   libucrt:osfinfo.obj
 0001:0001f378       _free_osfhnd               0000000180020378 f   libucrt:osfinfo.obj
 0001:0001f434       _get_osfhandle             0000000180020434 f   libucrt:osfinfo.obj
 0001:0001f4ac       _query_new_mode            00000001800204ac f   libucrt:new_mode.obj
 0001:0001f4b4       __acrt_add_locale_ref      00000001800204b4 f   libucrt:locale_refcounting.obj
 0001:0001f540       __acrt_free_locale         0000000180020540 f   libucrt:locale_refcounting.obj
 0001:0001f6b8       __acrt_locale_add_lc_time_reference 00000001800206b8 f   libucrt:locale_refcounting.obj
 0001:0001f6e0       __acrt_locale_free_lc_time_if_unreferenced 00000001800206e0 f   libucrt:locale_refcounting.obj
 0001:0001f718       __acrt_locale_release_lc_time_reference 0000000180020718 f   libucrt:locale_refcounting.obj
 0001:0001f740       __acrt_release_locale_ref  0000000180020740 f   libucrt:locale_refcounting.obj
 0001:0001f7e8       __acrt_update_thread_locale_data 00000001800207e8 f   libucrt:locale_refcounting.obj
 0001:0001f858       _updatetlocinfoEx_nolock   0000000180020858 f   libucrt:locale_refcounting.obj
 0001:0001f8c0       _putwch_nolock             00000001800208c0 f   libucrt:putwch.obj
 0001:0001f8fc       ?__mbrtowc_utf8@__crt_mbstring@@YA_KPEA_WPEBD_KPEAU_Mbstatet@@@Z 00000001800208fc f   libucrt:mbrtowc.obj
 0001:0001f938       ?__mbsrtowcs_utf8@__crt_mbstring@@YA_KPEA_WPEAPEBD_KPEAU_Mbstatet@@@Z 0000000180020938 f   libucrt:mbrtowc.obj
 0001:0001fab0       __acrt_fp_strflt_to_string 0000000180020ab0 f   libucrt:_fptostr.obj
 0001:0001fb94       __acrt_fltout              0000000180020b94 f   libucrt:cfout.obj
 0001:00020e6c       __acrt_locale_free_monetary 0000000180021e6c f   libucrt:initmon.obj
 0001:00020f78       __acrt_locale_initialize_monetary 0000000180021f78 f   libucrt:initmon.obj
 0001:000214ac       __acrt_locale_free_numeric 00000001800224ac f   libucrt:initnum.obj
 0001:00021518       __acrt_locale_initialize_numeric 0000000180022518 f   libucrt:initnum.obj
 0001:00021b94       __acrt_locale_free_time    0000000180022b94 f   libucrt:inittime.obj
 0001:00021c9c       __acrt_locale_initialize_time 0000000180022c9c f   libucrt:inittime.obj
 0001:00021d38       wcscat_s                   0000000180022d38 f   libucrt:wcscat_s.obj
 0001:00021dc4       wcsncpy_s                  0000000180022dc4 f   libucrt:wcsncpy_s.obj
 0001:00021eb8       wcscspn                    0000000180022eb8 f   libucrt:wcscspn.obj
 0001:00021ef8       wcspbrk                    0000000180022ef8 f   libucrt:wcspbrk.obj
 0001:000227b8       __acrt_get_qualified_locale 00000001800237b8 f   libucrt:get_qualified_locale.obj
 0001:000231fc       __acrt_get_qualified_locale_downlevel 00000001800241fc f   libucrt:getqloc_downlevel.obj
 0001:00023564       __acrt_DownlevelLCIDToLocaleName 0000000180024564 f   libucrt:lcidtoname_downlevel.obj
 0001:0002364c       __acrt_DownlevelLocaleNameToLCID 000000018002464c f   libucrt:lcidtoname_downlevel.obj
 0001:00023690       _get_fpsr                  0000000180024690 f   libucrt:fpsr.obj
 0001:000236a0       _set_fpsr                  00000001800246a0 f   libucrt:fpsr.obj
 0001:000236aa       _fclrf                     00000001800246aa f   libucrt:fpsr.obj
 0001:000236be       _frnd                      00000001800246be f   libucrt:fpsr.obj
 0001:000236e0       ?__wcsrtombs_utf8@__crt_mbstring@@YA_KPEADPEAPEB_W_KPEAU_Mbstatet@@@Z 00000001800246e0 f   libucrt:wcrtomb.obj
 0001:000237fc       _wcsnicmp                  00000001800247fc f   libucrt:wcsnicmp.obj
 0001:000238a8       _wcsnicmp_l                00000001800248a8 f   libucrt:wcsnicmp.obj
 0001:000239d0       __ascii_strnicmp           00000001800249d0 f   libucrt:strnicmp.obj
 0001:00023a2c       _strnicmp                  0000000180024a2c f   libucrt:strnicmp.obj
 0001:00023a7c       _strnicmp_l                0000000180024a7c f   libucrt:strnicmp.obj
 0001:00024180       _sopen_nolock              0000000180025180 f   libucrt:open.obj
 0001:00024298       _sopen_s                   0000000180025298 f   libucrt:open.obj
 0001:000242cc       _wsopen_nolock             00000001800252cc f   libucrt:open.obj
 0001:000246b4       strncpy_s                  00000001800256b4 f   libucrt:strncpy_s.obj
 0001:0002479c       __acrt_GetStringTypeW      000000018002579c f   libucrt:getstringtypew.obj
 0001:000247a4       __acrt_fenv_get_control    00000001800257a4 f   libucrt:_fenvutils.obj
 0001:000248a4       __acrt_fenv_get_status     00000001800258a4 f   libucrt:_fenvutils.obj
 0001:000248fc       __acrt_fenv_set_control    00000001800258fc f   libucrt:_fenvutils.obj
 0001:00024a44       __acrt_fenv_set_status     0000000180025a44 f   libucrt:_fenvutils.obj
 0001:00024bec       _handle_error              0000000180025bec f   libucrt:libm_error.obj
 0001:00024d14       _handle_errorf             0000000180025d14 f   libucrt:libm_error.obj
 0001:00024e48       _handle_nan                0000000180025e48 f   libucrt:libm_error.obj
 0001:00024e64       _handle_nanf               0000000180025e64 f   libucrt:libm_error.obj
 0001:00024e74       _towlower_l                0000000180025e74 f   libucrt:towlower.obj
 0001:00024f40       qsort                      0000000180025f40 f   libucrt:qsort.obj
 0001:00025390       strpbrk                    0000000180026390 f   libucrt:strpbrk.obj
 0001:00025770       ??$__acrt_convert_wcs_mbs@D_W$$A6A_KPEA_WPEBD_KPEAU__crt_locale_pointers@@@ZU__crt_win32_buffer_internal_dynamic_resizing@@@@YAHQEBDAEAV?$__crt_win32_buffer@_WU__crt_win32_buffer_internal_dynamic_resizing@@@@A6A_KPEA_WPEBD_KPEAU__crt_locale_pointers@@@Z5@Z 0000000180026770 f i libucrt:findfirstfileexa.obj
 0001:00025878       __acrt_FindFirstFileExA    0000000180026878 f   libucrt:findfirstfileexa.obj
 0001:0002591c       ??$__acrt_convert_wcs_mbs@_WD$$A6A_KPEADPEB_W_KPEAU__crt_locale_pointers@@@ZU__crt_win32_buffer_no_resizing@@@@YAHQEB_WAEAV?$__crt_win32_buffer@DU__crt_win32_buffer_no_resizing@@@@A6A_KPEADPEB_W_KPEAU__crt_locale_pointers@@@Z5@Z 000000018002691c f i libucrt:findnextfilea.obj
 0001:000259e8       __acrt_FindNextFileA       00000001800269e8 f   libucrt:findnextfilea.obj
 0001:00025b1c       _mbsdec                    0000000180026b1c f   libucrt:mbsdec.obj
 0001:00025b24       _mbsdec_l                  0000000180026b24 f   libucrt:mbsdec.obj
 0001:00025bd0       _msize                     0000000180026bd0 f   libucrt:msize.obj
 0001:00025bd8       _msize_base                0000000180026bd8 f   libucrt:msize.obj
 0001:00025c14       _query_app_type            0000000180026c14 f   libucrt:report_runtime_error.obj
 0001:00025c1c       __dcrt_lowio_ensure_console_output_initialized 0000000180026c1c f   libucrt:initcon.obj
 0001:00025c70       __dcrt_terminate_console_output 0000000180026c70 f   libucrt:initcon.obj
 0001:00025c8c       __dcrt_write_console       0000000180026c8c f   libucrt:initcon.obj
 0001:00025d4c       ?__mbrtoc32_utf8@__crt_mbstring@@YA_KPEA_UPEBD_KPEAU_Mbstatet@@@Z 0000000180026d4c f   libucrt:mbrtoc32.obj
 0001:00025f28       fegetenv                   0000000180026f28 f   libucrt:fegetenv.obj
 0001:00025f48       fesetenv                   0000000180026f48 f   libucrt:fesetenv.obj
 0001:00025f98       feholdexcept               0000000180026f98 f   libucrt:feholdexcept.obj
 0001:00025fe8       ceil                       0000000180026fe8 f   libucrt:ceil.obj
 0001:000260b0       log10                      00000001800270b0 f   libucrt:log10.obj
 0001:0002678c       _itow_s                    000000018002778c f   libucrt:xtoa.obj
[...]
 0004:00001ea8       $pdata$__acrt_DownlevelLCIDToLocaleName 0000000180043ea8     libucrt:lcidtoname_downlevel.obj
 0004:00001eb4       $pdata$__acrt_DownlevelLocaleNameToLCID 0000000180043eb4     libucrt:lcidtoname_downlevel.obj
 0004:00001ecc       $pdata$?__wcsrtombs_utf8@__crt_mbstring@@YA_KPEADPEAPEB_W_KPEAU_Mbstatet@@@Z 0000000180043ecc     libucrt:wcrtomb.obj
 0004:00001ed8       $pdata$_wcsnicmp           0000000180043ed8     libucrt:wcsnicmp.obj
 0004:00001ee4       $pdata$_wcsnicmp_l         0000000180043ee4     libucrt:wcsnicmp.obj
 0004:00001ef0       $pdata$__ascii_strnicmp    0000000180043ef0     libucrt:strnicmp.obj
 0004:00001efc       $pdata$_strnicmp           0000000180043efc     libucrt:strnicmp.obj
 0004:00001f08       $pdata$_strnicmp_l         0000000180043f08     libucrt:strnicmp.obj
 0004:00001f14       $pdata$??$common_sopen_dispatch@D@@YAHQEBDHHHQEAHH@Z 0000000180043f14     libucrt:open.obj
 0004:00001f20       $pdata$?configure_text_mode@@YAHHUfile_options@?A0xa9d50aae@@HAEAW4__crt_lowio_text_mode@@@Z 0000000180043f20     libucrt:open.obj
 0004:00001f2c       $pdata$?decode_options@@YA?AUfile_options@?A0xa9d50aae@@HHH@Z 0000000180043f2c     libucrt:open.obj
 0004:00001f38       $pdata$?truncate_ctrl_z_if_present@@YAHH@Z 0000000180043f38     libucrt:open.obj
 0004:00001f44       $pdata$_sopen_nolock       0000000180043f44     libucrt:open.obj
 0004:00001f50       $pdata$_sopen_s            0000000180043f50     libucrt:open.obj
 0004:00001f5c       $pdata$_wsopen_nolock      0000000180043f5c     libucrt:open.obj
 0004:00001f68       $pdata$strncpy_s           0000000180043f68     libucrt:strncpy_s.obj
 0004:00001f74       $pdata$__acrt_fenv_set_control 0000000180043f74     libucrt:_fenvutils.obj
 0004:00001f80       $pdata$_call_matherr       0000000180043f80     libucrt:libm_error.obj
 0004:00001f8c       $pdata$_exception_enabled  0000000180043f8c     libucrt:libm_error.obj
 0004:00001f98       $pdata$_handle_error       0000000180043f98     libucrt:libm_error.obj
 0004:00001fa4       $pdata$_handle_errorf      0000000180043fa4     libucrt:libm_error.obj
 0004:00001fb0       $pdata$_towlower_l         0000000180043fb0     libucrt:towlower.obj
 0004:00001fbc       $pdata$qsort               0000000180043fbc     libucrt:qsort.obj
 0004:00001fc8       $pdata$4$qsort             0000000180043fc8     libucrt:qsort.obj
 0004:00001fd4       $pdata$5$qsort             0000000180043fd4     libucrt:qsort.obj
 0004:00001fe0       $pdata$fallbackMethod      0000000180043fe0     libucrt:strpbrk.obj
 0004:00001fec       $pdata$strpbrk             0000000180043fec     libucrt:strpbrk.obj
 0004:00001ff8       $pdata$??$__acrt_convert_wcs_mbs@D_W$$A6A_KPEA_WPEBD_KPEAU__crt_locale_pointers@@@ZU__crt_win32_buffer_internal_dynamic_resizing@@@@YAHQEBDAEAV?$__crt_win32_buffer@_WU__crt_win32_buffer_internal_dynamic_resizing@@@@A6A_KPEA_WPEBD_KPEAU__crt_locale_pointers@@@Z5@Z 0000000180043ff8     libucrt:findfirstfileexa.obj
 0004:00002004       $pdata$__acrt_FindFirstFileExA 0000000180044004     libucrt:findfirstfileexa.obj
 0004:00002010       $pdata$??$__acrt_convert_wcs_mbs@_WD$$A6A_KPEADPEB_W_KPEAU__crt_locale_pointers@@@ZU__crt_win32_buffer_no_resizing@@@@YAHQEB_WAEAV?$__crt_win32_buffer@DU__crt_win32_buffer_no_resizing@@@@A6A_KPEADPEB_W_KPEAU__crt_locale_pointers@@@Z5@Z 0000000180044010     libucrt:findnextfilea.obj
 0004:0000201c       $pdata$__acrt_FindNextFileA 000000018004401c     libucrt:findnextfilea.obj
 0004:00002028       $pdata$_mbsdec_l           0000000180044028     libucrt:mbsdec.obj
 0004:00002034       $pdata$?initialize_multibyte@@YAHXZ 0000000180044034     libucrt:multibyte_initializer.obj
 0004:00002040       $pdata$_msize_base         0000000180044040     libucrt:msize.obj
 0004:0000204c       $pdata$__dcrt_lowio_ensure_console_output_initialized 000000018004404c     libucrt:initcon.obj
 0004:00002058       $pdata$__dcrt_terminate_console_output 0000000180044058     libucrt:initcon.obj
 0004:00002064       $pdata$__dcrt_write_console 0000000180044064     libucrt:initcon.obj
 0004:00002070       $pdata$?__mbrtoc32_utf8@__crt_mbstring@@YA_KPEA_UPEBD_KPEAU_Mbstatet@@@Z 0000000180044070     libucrt:mbrtoc32.obj
 0004:0000207c       $pdata$fegetenv            000000018004407c     libucrt:fegetenv.obj
 0004:00002088       $pdata$fesetenv            0000000180044088     libucrt:fesetenv.obj
 0004:00002094       $pdata$feholdexcept        0000000180044094     libucrt:feholdexcept.obj
 0004:000020ac       $pdata$??$common_xtox@K_W@@YAHKQEA_W_KI_N@Z 00000001800440ac     libucrt:xtoa.obj
 0004:000020b8       $pdata$??$common_xtox_s@K_W@@YAHKQEA_W_KI_N@Z 00000001800440b8     libucrt:xtoa.obj
 0004:000020c4       $pdata$_itow_s             00000001800440c4     libucrt:xtoa.obj
 0004:000020d0       $pdata$?__c16rtomb_utf8@__crt_mbstring@@YA_KPEAD_SPEAU_Mbstatet@@@Z 00000001800440d0     libucrt:c16rtomb.obj
 0004:000020dc       $pdata$_get_fmode          00000001800440dc     libucrt:setmode.obj
 0004:000020e8       $pdata$_setmode_nolock     00000001800440e8     libucrt:setmode.obj
 0004:000020f4       $pdata$_chsize_nolock      00000001800440f4     libucrt:chsize.obj
 0004:00002100       $pdata$__acrt_LCMapStringW 0000000180044100     libucrt:lcmapstringw.obj
 0004:0000210c       $pdata$_clearfp            000000018004410c     libucrt:ieee.obj
 0004:00002118       $pdata$_log10_special      0000000180044118     libucrt:log_special.obj
 0004:00002124       $pdata$_log_special_common 0000000180044124     libucrt:log_special.obj
 0004:00002130       $pdata$?__c32rtomb_utf8@__crt_mbstring@@YA_KPEAD_UPEAU_Mbstatet@@@Z 0000000180044130     libucrt:c32rtomb.obj
 0004:0000213c       $pdata$?DloadAcquireSectionWriteAccess@@YAXXZ 000000018004413c     DelayImp:delayhlp.obj
 0004:00002148       $pdata$?DloadGetSRWLockFunctionPointers@@YAEXZ 0000000180044148     DelayImp:delayhlp.obj
 0004:00002154       $pdata$?DloadMakePermanentImageCommit@@YAXPEAX_K@Z 0000000180044154     DelayImp:delayhlp.obj
 0004:00002160       $pdata$?DloadObtainSection@@YAPEAXPEAK0@Z 0000000180044160     DelayImp:delayhlp.obj
 0004:0000216c       $pdata$?DloadProtectSection@@YAXKPEAK@Z 000000018004416c     DelayImp:delayhlp.obj
 0004:00002178       $pdata$?DloadReleaseSectionWriteAccess@@YAXXZ 0000000180044178     DelayImp:delayhlp.obj
 0004:00002184       $pdata$__delayLoadHelper2  0000000180044184     DelayImp:delayhlp.obj
 0004:00002190       $pdata$_IsNonwritableInCurrentImage 0000000180044190     LIBCMT:pesect.obj
 0004:0000219c       $pdata$_local_unwind       000000018004419c     libvcruntime:jmpuwind.obj
 0004:000021a8       $pdata$strrchr             00000001800441a8     libvcruntime:strrchr.obj
 0004:000021b4       $pdata$wcschr              00000001800441b4     libvcruntime:wcschr.obj
 0004:000021cc       $pdata$?fin$0@?0??dllmain_crt_process_attach@@YAHQEAUHINSTANCE__@@QEAX@Z@4HA 00000001800441cc     LIBCMT:dll_dllmain.obj
 0004:000021d8       $pdata$?fin$0@?0??dllmain_crt_process_detach@@YAH_N@Z@4HA 00000001800441d8     LIBCMT:dll_dllmain.obj
 0004:000021e4       $pdata$?filt$0@?0??dllmain_dispatch@@YAHQEAUHINSTANCE__@@KQEAX@Z@4HA 00000001800441e4     LIBCMT:dll_dllmain.obj
 0004:000021f0       $pdata$__scrt_is_nonwritable_in_current_image$filt$0 00000001800441f0     LIBCMT:utility.obj
 0004:000021fc       $pdata$?filt$0@?0???$_CallSETranslator@V__FrameHandler3@@@@YAHPEAUEHExceptionRecord@@PEA_KPEAU_CONTEXT@@PEAU_xDISPATCHER_CONTEXT@@PEBU_s_FuncInfo@@K1@Z@4HA 00000001800441fc     libvcruntime:risctrnsctrl.obj
 0004:00002208       $pdata$__DestructExceptionObject$filt$0 0000000180044208     libvcruntime:ehhelpers.obj
 0004:00002214       $pdata$?filt$0@?0??CxxCallCatchBlock@__FrameHandler3@@SAPEAXPEAU_EXCEPTION_RECORD@@@Z@4HA 0000000180044214     libvcruntime:frame.obj
 0004:00002220       $pdata$?fin$1@?0??CxxCallCatchBlock@__FrameHandler3@@SAPEAXPEAU_EXCEPTION_RECORD@@@Z@4HA 0000000180044220     libvcruntime:frame.obj
 0004:0000222c       $pdata$?filt$0@?0??FrameUnwindToState@__FrameHandler3@@SAXPEA_KPEAU_xDISPATCHER_CONTEXT@@PEBU_s_FuncInfo@@H@Z@4HA 000000018004422c     libvcruntime:frame.obj
 0004:00002238       $pdata$?fin$1@?0??FrameUnwindToState@__FrameHandler3@@SAXPEA_KPEAU_xDISPATCHER_CONTEXT@@PEBU_s_FuncInfo@@H@Z@4HA 0000000180044238     libvcruntime:frame.obj
 0004:00002244       $pdata$fputc$fin$0         0000000180044244     libucrt:fputc.obj
 0004:00002250       $pdata$?fin$0@?0???$?RV<lambda_bdbcead8b570fa3d5ec6d9679862a6e5>@@AEAV<lambda_96f4279ff90247a4c5c5d9824f56f8c1>@@V<lambda_4606be27f17b5e5579e09050fab91818>@@@?$__crt_seh_guarded_call@_K@@QEAA_K$$QEAV<lambda_bdbcead8b570fa3d5ec6d9679862a6e5>@@AEAV<lambda_96f4279ff90247a4c5c5d9824f56f8c1>@@$$QEAV<lambda_4606be27f17b5e5579e09050fab91818>@@@Z@4HA 0000000180044250     libucrt:fwrite.obj
 0004:00002250       $pdata$?fin$0@?0???$?RV<lambda_c376a267cfb53b6959b3b692ec76b120>@@AEAV<lambda_9a32fed5bf61b6b509b2d3f6003082a1>@@V<lambda_572fbb9fa0ab338edf41edfd4b5fcc8d>@@@?$__crt_seh_guarded_call@H@@QEAAH$$QEAV<lambda_c376a267cfb53b6959b3b692ec76b120>@@AEAV<lambda_9a32fed5bf61b6b509b2d3f6003082a1>@@$$QEAV<lambda_572fbb9fa0ab338edf41edfd4b5fcc8d>@@@Z@4HA 0000000180044250     libucrt:fflush.obj
 0004:00002250       $pdata$?fin$0@?0???$?RV<lambda_842d9ff0dc9ef11c61343bbaebe7f885>@@AEAV<lambda_c5860995281e5c4ce005b3de8f5874ee>@@V<lambda_d90129c13df834fdcbf8d2b88dafcf2d>@@@?$__crt_seh_guarded_call@X@@QEAAX$$QEAV<lambda_842d9ff0dc9ef11c61343bbaebe7f885>@@AEAV<lambda_c5860995281e5c4ce005b3de8f5874ee>@@$$QEAV<lambda_d90129c13df834fdcbf8d2b88dafcf2d>@@@Z@4HA 0000000180044250     libucrt:fflush.obj
 0004:00002250       $pdata$?fin$0@?0???$?RV<lambda_84ec643ea9557e2f7dc01bb0e9624395>@@AEAV<lambda_ca71763b3c0644891230e4f79ea54fa6>@@V<lambda_439a761618c59b0600e24586724d733b>@@@?$__crt_seh_guarded_call@H@@QEAAH$$QEAV<lambda_84ec643ea9557e2f7dc01bb0e9624395>@@AEAV<lambda_ca71763b3c0644891230e4f79ea54fa6>@@$$QEAV<lambda_439a761618c59b0600e24586724d733b>@@@Z@4HA 0000000180044250     libucrt:setvbuf.obj
 0004:0000225c       $pdata$?fin$0@?0???$?RV<lambda_886d6c58226a84441f68b9f2b8217b83>@@AEAV<lambda_ab61a845afdef5b7c387490eaf3616ee>@@V<lambda_f7f22ab5edc0698d5f6905b0d3f44752>@@@?$__crt_seh_guarded_call@X@@QEAAX$$QEAV<lambda_886d6c58226a84441f68b9f2b8217b83>@@AEAV<lambda_ab61a845afdef5b7c387490eaf3616ee>@@$$QEAV<lambda_f7f22ab5edc0698d5f6905b0d3f44752>@@@Z@4HA 000000018004425c     libucrt:fflush.obj
 0004:00002268       $pdata$fclose$fin$0        0000000180044268     libucrt:fclose.obj
 0004:00002268       $pdata$?fin$0@?0???$common_ftell@_J@@YA_JV__crt_stdio_stream@@@Z@4HA 0000000180044268     libucrt:ftell.obj
 0004:00002268       $pdata$?fin$0@?0??common_fseek@@YAHV__crt_stdio_stream@@_JH@Z@4HA 0000000180044268     libucrt:fseek.obj
 0004:00002274       $pdata$fgetc$fin$0         0000000180044274     libucrt:fgetc.obj
 0004:00002280       $pdata$ungetc$fin$0        0000000180044280     libucrt:ungetc.obj
 0004:0000228c       $pdata$fread_s$fin$0       000000018004428c     libucrt:fread.obj
 0004:00002298       $pdata$?fin$0@?0???$?RV<lambda_1d892b297fdedeee07ed8124eeb2f2fa>@@AEAV<lambda_ffc046909424fd52df0ac47e64813305>@@V<lambda_01a7098693036236037e7cdb9bca3d73>@@@?$__crt_seh_guarded_call@X@@QEAAX$$QEAV<lambda_1d892b297fdedeee07ed8124eeb2f2fa>@@AEAV<lambda_ffc046909424fd52df0ac47e64813305>@@$$QEAV<lambda_01a7098693036236037e7cdb9bca3d73>@@@Z@4HA 0000000180044298     libucrt:wsetlocale.obj
 0004:00002298       $pdata$?fin$0@?0???$?RV<lambda_efdfa57d1f175319df784efa44bb7b81>@@AEAV<lambda_5f0a4c1567f8adc6734073e5d1e1b35c>@@V<lambda_2e8a7d3640ea6ccb4c2413664c2db6fd>@@@?$__crt_seh_guarded_call@X@@QEAAX$$QEAV<lambda_efdfa57d1f175319df784efa44bb7b81>@@AEAV<lambda_5f0a4c1567f8adc6734073e5d1e1b35c>@@$$QEAV<lambda_2e8a7d3640ea6ccb4c2413664c2db6fd>@@@Z@4HA 0000000180044298     libucrt:mbctype.obj
 0004:00002298       $pdata$?fin$0@?0???$?RV<lambda_bd00b5aa228bd7e7e5b2b5db5fd2933b>@@AEAV<lambda_777d11615145f89ee95b9466d285deeb>@@V<lambda_6e5e48fbd24f9f8f81b203eb3d877683>@@@?$__crt_seh_guarded_call@H@@QEAAH$$QEAV<lambda_bd00b5aa228bd7e7e5b2b5db5fd2933b>@@AEAV<lambda_777d11615145f89ee95b9466d285deeb>@@$$QEAV<lambda_6e5e48fbd24f9f8f81b203eb3d877683>@@@Z@4HA 0000000180044298     libucrt:winapi_thunks.obj
 0004:00002298       $pdata$?fin$0@?0???$?RV<lambda_9bd929c17696992ce54f1d748594fc62>@@AEAV<lambda_082c17da81b0962e08c0587ee0fac50c>@@V<lambda_9c08ac857f4975304d44e9f601d9b878>@@@?$__crt_seh_guarded_call@PEAD@@QEAAPEAD$$QEAV<lambda_9bd929c17696992ce54f1d748594fc62>@@AEAV<lambda_082c17da81b0962e08c0587ee0fac50c>@@$$QEAV<lambda_9c08ac857f4975304d44e9f601d9b878>@@@Z@4HA 0000000180044298     libucrt:setlocale.obj
 0004:00002298       $pdata$?fin$0@?0???$?RV<lambda_d80eeec6fff315bfe5c115232f3240e3>@@AEAV<lambda_6e4b09c48022b2350581041d5f6b0c4c>@@V<lambda_2358e3775559c9db80273638284d5e45>@@@?$__crt_seh_guarded_call@X@@QEAAX$$QEAV<lambda_d80eeec6fff315bfe5c115232f3240e3>@@AEAV<lambda_6e4b09c48022b2350581041d5f6b0c4c>@@$$QEAV<lambda_2358e3775559c9db80273638284d5e45>@@@Z@4HA 0000000180044298     libucrt:exit.obj
 0004:00002298       $pdata$?fin$0@?0???$?RV<lambda_2d41944a1d46af3157314b8a01080d33>@@AEAV<lambda_8f455de75cd7d7f24b4096f044d8b9e6>@@V<lambda_aa500f224e6afead328df44964fe2772>@@@?$__crt_seh_guarded_call@X@@QEAAX$$QEAV<lambda_2d41944a1d46af3157314b8a01080d33>@@AEAV<lambda_8f455de75cd7d7f24b4096f044d8b9e6>@@$$QEAV<lambda_aa500f224e6afead328df44964fe2772>@@@Z@4HA 0000000180044298     libucrt:per_thread_data.obj
 0004:00002298       $pdata$?fin$0@?0???$?RV<lambda_f2e299630e499de9f9a165e60fcd3db5>@@AEAV<lambda_2ae9d31cdba2644fcbeaf08da7c24588>@@V<lambda_40d01ff24d0e7b3814fdbdcee8eab3c7>@@@?$__crt_seh_guarded_call@X@@QEAAX$$QEAV<lambda_f2e299630e499de9f9a165e60fcd3db5>@@AEAV<lambda_2ae9d31cdba2644fcbeaf08da7c24588>@@$$QEAV<lambda_40d01ff24d0e7b3814fdbdcee8eab3c7>@@@Z@4HA 0000000180044298     libucrt:per_thread_data.obj
 0004:00002298       $pdata$?fin$0@?0???$?RV<lambda_aa87e3671a710a21b5dc78c0bdf72e11>@@AEAV<lambda_92619d2358a28f41a33ba319515a20b9>@@V<lambda_6992ecaafeb10aed2b74cb1fae11a551>@@@?$__crt_seh_guarded_call@X@@QEAAX$$QEAV<lambda_aa87e3671a710a21b5dc78c0bdf72e11>@@AEAV<lambda_92619d2358a28f41a33ba319515a20b9>@@$$QEAV<lambda_6992ecaafeb10aed2b74cb1fae11a551>@@@Z@4HA 0000000180044298     libucrt:per_thread_data.obj
 0004:00002298       $pdata$?fin$0@?0???$?RV<lambda_0ae27a3a962d80f24befdcbee591983d>@@AEAV<lambda_8d0ee55de4b1038c4002e0adecdf1839>@@V<lambda_dc504788e8f1664fe9b84e20bfb512f2>@@@?$__crt_seh_guarded_call@X@@QEAAX$$QEAV<lambda_0ae27a3a962d80f24befdcbee591983d>@@AEAV<lambda_8d0ee55de4b1038c4002e0adecdf1839>@@$$QEAV<lambda_dc504788e8f1664fe9b84e20bfb512f2>@@@Z@4HA 0000000180044298     libucrt:per_thread_data.obj
 0004:00002298       $pdata$?fin$0@?0???$?RV<lambda_8369fcb7c4df1e85de37618bd2b85f07>@@AEAV<lambda_a10e4b102d4a2c3aac6f4f48bbdf488f>@@V<lambda_5b7707bd6d7a0c4713179f36c7fd995d>@@@?$__crt_seh_guarded_call@H@@QEAAH$$QEAV<lambda_8369fcb7c4df1e85de37618bd2b85f07>@@AEAV<lambda_a10e4b102d4a2c3aac6f4f48bbdf488f>@@$$QEAV<lambda_5b7707bd6d7a0c4713179f36c7fd995d>@@@Z@4HA 0000000180044298     libucrt:onexit.obj
 0004:00002298       $pdata$?fin$0@?0???$?RV<lambda_7777bce6b2f8c936911f934f8298dc43>@@AEAV<lambda_f03950bc5685219e0bcd2087efbe011e>@@V<lambda_3883c3dff614d5e0c5f61bb1ac94921c>@@@?$__crt_seh_guarded_call@H@@QEAAH$$QEAV<lambda_7777bce6b2f8c936911f934f8298dc43>@@AEAV<lambda_f03950bc5685219e0bcd2087efbe011e>@@$$QEAV<lambda_3883c3dff614d5e0c5f61bb1ac94921c>@@@Z@4HA 0000000180044298     libucrt:onexit.obj
 0004:00002298       $pdata$?fin$0@?0???$?RV<lambda_450d765d439847d4c735a33c368b5fc0>@@AEAV<lambda_44731a7d0e6d81c3e6aa82d741081786>@@V<lambda_601a2a7da3b7a96e9554ac7215c4b07c>@@@?$__crt_seh_guarded_call@P6AXH@Z@@QEAAP6AXH@Z$$QEAV<lambda_450d765d439847d4c735a33c368b5fc0>@@AEAV<lambda_44731a7d0e6d81c3e6aa82d741081786>@@$$QEAV<lambda_601a2a7da3b7a96e9554ac7215c4b07c>@@@Z@4HA 0000000180044298     libucrt:signal.obj
 0004:000022a4       $pdata$?fin$0@?0???$common_fsopen@D@@YAPEAU_iobuf@@QEBD0H@Z@4HA 00000001800442a4     libucrt:fopen.obj
 0004:000022b0       $pdata$_query_new_handler$fin$0 00000001800442b0     libucrt:new_handler.obj
 0004:000022bc       $pdata$?filt$0@?0???R<lambda_6e4b09c48022b2350581041d5f6b0c4c>@@QEBA@XZ@4HA 00000001800442bc     libucrt:exit.obj
 0004:000022c8       $pdata$raise$fin$0         00000001800442c8     libucrt:signal.obj
 0004:000022d4       $pdata$__acrt_initialize_lowio$fin$0 00000001800442d4     libucrt:ioinit.obj
 0004:000022d4       $pdata$__acrt_lowio_ensure_fh_exists$fin$0 00000001800442d4     libucrt:osfinfo.obj
 0004:000022d4       $pdata$_alloc_osfhnd$fin$0 00000001800442d4     libucrt:osfinfo.obj
 0004:000022e0       $pdata$?fin$0@?0???$?RV<lambda_751a882b2c74d4b022dec766aa51a29a>@@AEAV<lambda_628dfdc04ba53c8bfc02c9951375f3f5>@@V<lambda_f6c7be5f7998530c34de24c7437d6b54>@@@?$__crt_seh_guarded_call@H@@QEAAH$$QEAV<lambda_751a882b2c74d4b022dec766aa51a29a>@@AEAV<lambda_628dfdc04ba53c8bfc02c9951375f3f5>@@$$QEAV<lambda_f6c7be5f7998530c34de24c7437d6b54>@@@Z@4HA 00000001800442e0     libucrt:close.obj
 0004:000022e0       $pdata$?fin$0@?0???$?RV<lambda_a37b2b86f63e897a80ea819b0eb08c01>@@AEAV<lambda_38ce7e780aa69e748d6df282ebc68efe>@@V<lambda_99fb1378e971ab6e7edea83e3a7a83a2>@@@?$__crt_seh_guarded_call@H@@QEAAH$$QEAV<lambda_a37b2b86f63e897a80ea819b0eb08c01>@@AEAV<lambda_38ce7e780aa69e748d6df282ebc68efe>@@$$QEAV<lambda_99fb1378e971ab6e7edea83e3a7a83a2>@@@Z@4HA 00000001800442e0     libucrt:commit.obj
 0004:000022ec       $pdata$?fin$0@?0???$common_lseek@_J@@YA_JH_JH@Z@4HA 00000001800442ec     libucrt:lseek.obj
 0004:000022ec       $pdata$_write$fin$0        00000001800442ec     libucrt:write.obj
 0004:000022f8       $pdata$?fin$0@?0??__acrt_stdio_allocate_stream@@YA?AV__crt_stdio_stream@@XZ@4HA 00000001800442f8     libucrt:stream.obj
 0004:000022f8       $pdata$_fcloseall$fin$0    00000001800442f8     libucrt:closeall.obj
 0004:00002304       $pdata$?fin$0@?0???$?RV<lambda_410d79af7f07d98d83a3f525b3859a53>@@AEAV<lambda_3e16ef9562a7dcce91392c22ab16ea36>@@V<lambda_38119f0e861e05405d8a144b9b982f0a>@@@?$__crt_seh_guarded_call@X@@QEAAX$$QEAV<lambda_410d79af7f07d98d83a3f525b3859a53>@@AEAV<lambda_3e16ef9562a7dcce91392c22ab16ea36>@@$$QEAV<lambda_38119f0e861e05405d8a144b9b982f0a>@@@Z@4HA 0000000180044304     libucrt:wsetlocale.obj
 0004:00002310       $pdata$?fin$0@?0???$?RV<lambda_7f2adfce497ff2baa965cd4f576ecfd1>@@AEAV<lambda_2a444430fde8c29194d880d93eed5e8f>@@AEAV<lambda_8dff2cf36a5417162780cd64fa2883ef>@@@?$__crt_seh_guarded_call@X@@QEAAX$$QEAV<lambda_7f2adfce497ff2baa965cd4f576ecfd1>@@AEAV<lambda_2a444430fde8c29194d880d93eed5e8f>@@AEAV<lambda_8dff2cf36a5417162780cd64fa2883ef>@@@Z@4HA 0000000180044310     libucrt:wsetlocale.obj
 0004:0000231c       $pdata$_ctrlfp$filt$0      000000018004431c     libucrt:fpctrl.obj
 0004:00002328       $pdata$_read$fin$0         0000000180044328     libucrt:read.obj
 0004:00002334       $pdata$?fin$0@?0??update_thread_multibyte_data_internal@@YAPEAU__crt_multibyte_data@@QEAU__acrt_ptd@@QEAPEAU1@@Z@4HA 0000000180044334     libucrt:mbctype.obj
 0004:00002340       $pdata$__acrt_update_thread_locale_data$fin$0 0000000180044340     libucrt:locale_refcounting.obj
 0004:0000234c       $pdata$?fin$0@?0???$common_sopen_dispatch@D@@YAHQEBDHHHQEAHH@Z@4HA 000000018004434c     libucrt:open.obj
 0004:00002358       $pdata$_IsNonwritableInCurrentImage$filt$0 0000000180044358     LIBCMT:pesect.obj
 0004:00002364       $pdata$??__Fcout@std@@YAXXZ 0000000180044364     libcpmt:cout.obj
 0004:00002370       $pdata$??__Fclassic_locale@std@@YAXXZ 0000000180044370     libcpmt:locale0.obj
 0004:0000237c       $pdata$??__Finit_atexit@@YAXXZ 000000018004437c     libcpmt:iosptrs.obj
 0005:00000060       $R000000                   0000000180045060     * linker generated manifest res *

 Exports

  ordinal    name

        1    _register_supervisor_
