 supervisor

 Timestamp is 5c1b3661 (Wed Dec 19 22:27:45 2018)

 Preferred load address is 0000000180000000

 Start         Length     Name                   Class
 0001:00000000 00000120H .text$di                CODE
 0001:00000120 00026ce0H .text$mn                CODE
 0001:00026e00 00000020H .text$mn$00             CODE
 0001:00026e20 000004f0H .text$x                 CODE
 0001:00027310 0000012cH .text$yd                CODE
 0002:00000000 00000318H .idata$5                DATA
 0002:00000318 00000010H .00cfg                  DATA
 0002:00000328 00000008H .CRT$XCA                DATA
 0002:00000330 00000038H .CRT$XCC                DATA
 0002:00000368 00000010H .CRT$XCL                DATA
 0002:00000378 00000010H .CRT$XCU                DATA
 0002:00000388 00000008H .CRT$XCZ                DATA
 0002:00000390 00000008H .CRT$XIA                DATA
 0002:00000398 00000030H .CRT$XIC                DATA
 0002:000003c8 00000008H .CRT$XIZ                DATA
 0002:000003d0 00000008H .CRT$XPA                DATA
 0002:000003d8 00000010H .CRT$XPX                DATA
 0002:000003e8 00000008H .CRT$XPXA               DATA
 0002:000003f0 00000008H .CRT$XPZ                DATA
 0002:000003f8 00000008H .CRT$XTA                DATA
 0002:00000400 00000010H .CRT$XTZ                DATA
 0002:00000408 00000000H .gfids$y                DATA
 0002:00000410 000115b0H .rdata                  DATA
 0002:000119c0 00000fbcH .rdata$r                DATA
 0002:0001297c 0000037cH .rdata$zzzdbg           DATA
 0002:00012cf8 00000008H .rtc$IAA                DATA
 0002:00012d00 00000008H .rtc$IZZ                DATA
 0002:00012d08 00000008H .rtc$TAA                DATA
 0002:00012d10 00000010H .rtc$TZZ                DATA
 0002:00012d20 00001ff8H .xdata                  DATA
 0002:00014d18 00000248H .xdata$x                DATA
 0002:00014f60 00000058H .edata                  DATA
 0002:00014fb8 0000003cH .idata$2                DATA
 0002:00014ff4 00000014H .idata$3                DATA
 0002:00015008 00000318H .idata$4                DATA
 0002:00015320 000008b2H .idata$6                DATA
 0003:00000000 00000b90H .data                   DATA
 0003:00000b90 000005f0H .data$r                 DATA
 0003:00001180 00001998H .bss                    DATA
 0004:00000000 00002304H .pdata                  DATA
 0005:00000000 00000060H .rsrc$01                DATA
 0005:00000060 00000180H .rsrc$02                DATA

  Address         Publics by Value              Rva+Base               Lib:Object

 0000:00000000       __guard_fids_count         0000000000000000     <absolute>
 0000:00000000       __hybrid_code_map          0000000000000000     <absolute>
 0000:00000000       __guard_iat_count          0000000000000000     <absolute>
 0000:00000000       __guard_longjmp_count      0000000000000000     <absolute>
 0000:00000000       __volatile_metadata        0000000000000000     <absolute>
 0000:00000000       __guard_longjmp_table      0000000000000000     <absolute>
 0000:00000000       __guard_iat_table          0000000000000000     <absolute>
 0000:00000000       __hybrid_code_map_count    0000000000000000     <absolute>
 0000:00000000       ___safe_se_handler_count   0000000000000000     <absolute>
 0000:00000000       __enclave_config           0000000000000000     <absolute>
 0000:00000000       ___safe_se_handler_table   0000000000000000     <absolute>
 0000:00000000       __guard_fids_table         0000000000000000     <absolute>
 0000:00000000       __hybrid_auxiliary_iat     0000000000000000     <absolute>
 0000:00000000       __dynamic_value_reloc_table 0000000000000000     <absolute>
 0000:00000100       __guard_flags              0000000000000100     <absolute>
 0000:00000000       __ImageBase                0000000180000000     <linker-defined>
 0001:00000120       __local_stdio_printf_options 0000000180001120 f i supervisor.obj
 0001:00000130       sprintf_s                  0000000180001130 f i supervisor.obj
 0001:00000190       ?what@exception@stdext@@UEBAPEBDXZ 0000000180001190 f i supervisor.obj
 0001:000001b0       ?_Raise@exception@stdext@@QEBAXXZ 00000001800011b0 f i supervisor.obj
 0001:000001f0       ?imbue@?$basic_streambuf@DU?$char_traits@D@std@@@std@@MEAAXAEBVlocale@2@@Z 00000001800011f0 f i supervisor.obj
 0001:000001f0       ?_Unlock@?$basic_streambuf@DU?$char_traits@D@std@@@std@@UEAAXXZ 00000001800011f0 f i supervisor.obj
 0001:000001f0       _guard_check_icall_nop     00000001800011f0 f i LIBCMT:guard_support.obj
 0001:000001f0       ?_Lock@?$basic_streambuf@DU?$char_traits@D@std@@@std@@UEAAXXZ 00000001800011f0 f i supervisor.obj
 0001:000001f0       ?_Doraise@exception@stdext@@MEBAXXZ 00000001800011f0 f i supervisor.obj
 0001:00000200       ??_Eruntime_error@std@@UEAAPEAXI@Z 0000000180001200 f i * CIL library *:* CIL module *
 0001:00000200       ??_Gexception@stdext@@UEAAPEAXI@Z 0000000180001200 f i supervisor.obj
 0001:00000200       ??_Gruntime_error@std@@UEAAPEAXI@Z 0000000180001200 f i supervisor.obj
 0001:00000200       ??_Eexception@stdext@@UEAAPEAXI@Z 0000000180001200 f i * CIL library *:* CIL module *
 0001:00000230       ??0runtime_error@std@@QEAA@PEBD@Z 0000000180001230 f i supervisor.obj
 0001:00000250       ??1_Locinfo@std@@QEAA@XZ   0000000180001250 f i supervisor.obj
 0001:000002f0       ??_G_Facet_base@std@@UEAAPEAXI@Z 00000001800012f0 f i supervisor.obj
 0001:000002f0       ??_E_Facet_base@std@@UEAAPEAXI@Z 00000001800012f0 f i * CIL library *:* CIL module *
 0001:00000320       ?_Incref@facet@locale@std@@UEAAXXZ 0000000180001320 f i supervisor.obj
 0001:00000330       ?_Decref@facet@locale@std@@UEAAPEAV_Facet_base@3@XZ 0000000180001330 f i supervisor.obj
 0001:00000340       _get_startup_argv_mode     0000000180001340 f i LIBCMT:argv_mode.obj
 0001:00000340       ?do_max_length@codecvt_base@std@@MEBAHXZ 0000000180001340 f i supervisor.obj
 0001:00000340       ?do_encoding@codecvt_base@std@@MEBAHXZ 0000000180001340 f i supervisor.obj
 0001:00000340       DllMain                    0000000180001340 f i LIBCMT:dll_dllmain_stub.obj
 0001:00000350       ?do_tolower@?$ctype@D@std@@MEBADD@Z 0000000180001350 f i supervisor.obj
 0001:00000360       ?do_tolower@?$ctype@D@std@@MEBAPEBDPEADPEBD@Z 0000000180001360 f i supervisor.obj
 0001:000003c0       ?do_toupper@?$ctype@D@std@@MEBADD@Z 00000001800013c0 f i supervisor.obj
 0001:000003d0       ?do_toupper@?$ctype@D@std@@MEBAPEBDPEADPEBD@Z 00000001800013d0 f i supervisor.obj
 0001:00000430       ?do_narrow@?$ctype@D@std@@MEBADDD@Z 0000000180001430 f i supervisor.obj
 0001:00000430       ?do_widen@?$ctype@D@std@@MEBADD@Z 0000000180001430 f i supervisor.obj
 0001:00000440       ?do_widen@?$ctype@D@std@@MEBAPEBDPEBD0PEAD@Z 0000000180001440 f i supervisor.obj
 0001:00000460       ?do_narrow@?$ctype@D@std@@MEBAPEBDPEBD0DPEAD@Z 0000000180001460 f i supervisor.obj
 0001:00000480       ??_G?$ctype@D@std@@MEAAPEAXI@Z 0000000180001480 f i supervisor.obj
 0001:00000480       ??_E?$ctype@D@std@@MEAAPEAXI@Z 0000000180001480 f i * CIL library *:* CIL module *
 0001:000004f0       ?default_error_condition@error_category@std@@UEBA?AVerror_condition@2@H@Z 00000001800014f0 f i supervisor.obj
 0001:00000500       ?equivalent@error_category@std@@UEBA_NHAEBVerror_condition@2@@Z 0000000180001500 f i supervisor.obj
 0001:00000540       ?equivalent@error_category@std@@UEBA_NAEBVerror_code@2@H@Z 0000000180001540 f i supervisor.obj
 0001:00000560       ?make_error_code@std@@YA?AVerror_code@1@W4io_errc@1@@Z 0000000180001560 f i supervisor.obj
 0001:000005b0       ??0_System_error@std@@IEAA@Verror_code@1@AEBV?$basic_string@DU?$char_traits@D@std@@V?$allocator@D@2@@1@@Z 00000001800015b0 f i supervisor.obj
 0001:000007e0       ??_Efailure@ios_base@std@@UEAAPEAXI@Z 00000001800017e0 f i * CIL library *:* CIL module *
 0001:000007e0       ??_G_System_error@std@@UEAAPEAXI@Z 00000001800017e0 f i supervisor.obj
 0001:000007e0       ??_Gfailure@ios_base@std@@UEAAPEAXI@Z 00000001800017e0 f i supervisor.obj
 0001:000007e0       ??_E_System_error@std@@UEAAPEAXI@Z 00000001800017e0 f i * CIL library *:* CIL module *
 0001:00000810       ?name@_Iostream_error_category@std@@UEBAPEBDXZ 0000000180001810 f i supervisor.obj
 0001:00000820       ?message@_Iostream_error_category@std@@UEBA?AV?$basic_string@DU?$char_traits@D@std@@V?$allocator@D@2@@2@H@Z 0000000180001820 f i supervisor.obj
 0001:00000870       ??_E_Iostream_error_category@std@@UEAAPEAXI@Z 0000000180001870 f i * CIL library *:* CIL module *
 0001:00000870       ??_G_Iostream_error_category@std@@UEAAPEAXI@Z 0000000180001870 f i supervisor.obj
 0001:000008a0       ??0failure@ios_base@std@@QEAA@PEBDAEBVerror_code@2@@Z 00000001800018a0 f i supervisor.obj
 0001:00000950       ??_Eios_base@std@@UEAAPEAXI@Z 0000000180001950 f i * CIL library *:* CIL module *
 0001:00000950       ??_Gios_base@std@@UEAAPEAXI@Z 0000000180001950 f i supervisor.obj
 0001:00000990       ?KeyboardProc@@YA_JH_K_J@Z 0000000180001990 f   supervisor.obj
 0001:00000ee0       ??_D?$basic_ofstream@DU?$char_traits@D@std@@@std@@QEAAXXZ 0000000180001ee0 f i supervisor.obj
 0001:00000f70       ?MouseProc@@YA_JH_K_J@Z    0000000180001f70 f   supervisor.obj
 0001:000016f0       ?Method@@YAXAEBV?$FunctionCallbackInfo@VValue@v8@@@v8@@@Z 00000001800026f0 f   supervisor.obj
 0001:000017f0       ?Init@@YAXV?$Local@VObject@v8@@@v8@@@Z 00000001800027f0 f   supervisor.obj
 0001:00001890       ??0?$basic_string@DU?$char_traits@D@std@@V?$allocator@D@2@@std@@QEAA@_KD@Z 0000000180002890 f i supervisor.obj
 0001:00001a00       ??0?$basic_string@DU?$char_traits@D@std@@V?$allocator@D@2@@std@@QEAA@QEBD@Z 0000000180002a00 f i supervisor.obj
 0001:00001b70       ?open@?$basic_ofstream@DU?$char_traits@D@std@@@std@@QEAAXPEBDHH@Z 0000000180002b70 f i supervisor.obj
 0001:00001ce0       ??0?$basic_ofstream@DU?$char_traits@D@std@@@std@@QEAA@XZ 0000000180002ce0 f i supervisor.obj
 0001:00001df0       ?imbue@?$basic_filebuf@DU?$char_traits@D@std@@@std@@MEAAXAEBVlocale@2@@Z 0000000180002df0 f i supervisor.obj
 0001:00001e20       ?sync@?$basic_filebuf@DU?$char_traits@D@std@@@std@@MEAAHXZ 0000000180002e20 f i supervisor.obj
 0001:00001e70       ?setbuf@?$basic_filebuf@DU?$char_traits@D@std@@@std@@MEAAPEAV?$basic_streambuf@DU?$char_traits@D@std@@@2@PEAD_J@Z 0000000180002e70 f i supervisor.obj
 0001:00001ed0       ?seekpos@?$basic_filebuf@DU?$char_traits@D@std@@@std@@MEAA?AV?$fpos@U_Mbstatet@@@2@V32@H@Z 0000000180002ed0 f i supervisor.obj
 0001:00001fb0       ?seekoff@?$basic_filebuf@DU?$char_traits@D@std@@@std@@MEAA?AV?$fpos@U_Mbstatet@@@2@_JHH@Z 0000000180002fb0 f i supervisor.obj
 0001:000020a0       ?xsputn@?$basic_filebuf@DU?$char_traits@D@std@@@std@@MEAA_JPEBD_J@Z 00000001800030a0 f i supervisor.obj
 0001:00002180       ?xsgetn@?$basic_filebuf@DU?$char_traits@D@std@@@std@@MEAA_JPEAD_J@Z 0000000180003180 f i supervisor.obj
 0001:00002260       ?uflow@?$basic_filebuf@DU?$char_traits@D@std@@@std@@MEAAHXZ 0000000180003260 f i supervisor.obj
 0001:00002500       ?underflow@?$basic_filebuf@DU?$char_traits@D@std@@@std@@MEAAHXZ 0000000180003500 f i supervisor.obj
 0001:00002570       ?pbackfail@?$basic_filebuf@DU?$char_traits@D@std@@@std@@MEAAHH@Z 0000000180003570 f i supervisor.obj
 0001:00002660       ?overflow@?$basic_filebuf@DU?$char_traits@D@std@@@std@@MEAAHH@Z 0000000180003660 f i supervisor.obj
 0001:00002800       ?_Unlock@?$basic_filebuf@DU?$char_traits@D@std@@@std@@UEAAXXZ 0000000180003800 f i supervisor.obj
 0001:00002820       ?_Lock@?$basic_filebuf@DU?$char_traits@D@std@@@std@@UEAAXXZ 0000000180003820 f i supervisor.obj
 0001:00002840       ??1?$basic_filebuf@DU?$char_traits@D@std@@@std@@UEAA@XZ 0000000180003840 f i supervisor.obj
 0001:000028f0       ?flush@?$basic_ostream@DU?$char_traits@D@std@@@std@@QEAAAEAV12@XZ 00000001800038f0 f i supervisor.obj
 0001:000029d0       ??6?$basic_ostream@DU?$char_traits@D@std@@@std@@QEAAAEAV01@K@Z 00000001800039d0 f i supervisor.obj
 0001:00002bd0       ?showmanyc@?$basic_streambuf@DU?$char_traits@D@std@@@std@@MEAA_JXZ 0000000180003bd0 f i supervisor.obj
 0001:00002bd0       ?sync@?$basic_streambuf@DU?$char_traits@D@std@@@std@@MEAAHXZ 0000000180003bd0 f i supervisor.obj
 0001:00002be0       ?setbuf@?$basic_streambuf@DU?$char_traits@D@std@@@std@@MEAAPEAV12@PEAD_J@Z 0000000180003be0 f i supervisor.obj
 0001:00002bf0       ?seekoff@?$basic_streambuf@DU?$char_traits@D@std@@@std@@MEAA?AV?$fpos@U_Mbstatet@@@2@_JHH@Z 0000000180003bf0 f i supervisor.obj
 0001:00002bf0       ?seekpos@?$basic_streambuf@DU?$char_traits@D@std@@@std@@MEAA?AV?$fpos@U_Mbstatet@@@2@V32@H@Z 0000000180003bf0 f i supervisor.obj
 0001:00002c10       ?xsputn@?$basic_streambuf@DU?$char_traits@D@std@@@std@@MEAA_JPEBD_J@Z 0000000180003c10 f i supervisor.obj
 0001:00002cd0       ?xsgetn@?$basic_streambuf@DU?$char_traits@D@std@@@std@@MEAA_JPEAD_J@Z 0000000180003cd0 f i supervisor.obj
 0001:00002d80       ?uflow@?$basic_streambuf@DU?$char_traits@D@std@@@std@@MEAAHXZ 0000000180003d80 f i supervisor.obj
 0001:00002dc0       ?overflow@?$basic_streambuf@DU?$char_traits@D@std@@@std@@MEAAHH@Z 0000000180003dc0 f i supervisor.obj
 0001:00002dc0       ?underflow@?$basic_streambuf@DU?$char_traits@D@std@@@std@@MEAAHXZ 0000000180003dc0 f i supervisor.obj
 0001:00002dc0       ?pbackfail@?$basic_streambuf@DU?$char_traits@D@std@@@std@@MEAAHH@Z 0000000180003dc0 f i supervisor.obj
 0001:00002dd0       ??_E?$basic_ofstream@DU?$char_traits@D@std@@@std@@UEAAPEAXI@Z 0000000180003dd0 f i * CIL library *:* CIL module *
 0001:00002dd0       ??_G?$basic_ofstream@DU?$char_traits@D@std@@@std@@UEAAPEAXI@Z 0000000180003dd0 f i supervisor.obj
 0001:00002e10       ??_G?$basic_filebuf@DU?$char_traits@D@std@@@std@@UEAAPEAXI@Z 0000000180003e10 f i supervisor.obj
 0001:00002e10       ??_E?$basic_filebuf@DU?$char_traits@D@std@@@std@@UEAAPEAXI@Z 0000000180003e10 f i * CIL library *:* CIL module *
 0001:00002e50       ??_G?$basic_ostream@DU?$char_traits@D@std@@@std@@UEAAPEAXI@Z 0000000180003e50 f i supervisor.obj
 0001:00002e50       ??_E?$basic_ostream@DU?$char_traits@D@std@@@std@@UEAAPEAXI@Z 0000000180003e50 f i * CIL library *:* CIL module *
 0001:00002ec0       ??_E?$basic_streambuf@DU?$char_traits@D@std@@@std@@UEAAPEAXI@Z 0000000180003ec0 f i * CIL library *:* CIL module *
 0001:00002ec0       ??_G?$basic_streambuf@DU?$char_traits@D@std@@@std@@UEAAPEAXI@Z 0000000180003ec0 f i supervisor.obj
 0001:00002f40       ??_G?$basic_ios@DU?$char_traits@D@std@@@std@@UEAAPEAXI@Z 0000000180003f40 f i supervisor.obj
 0001:00002f40       ??_E?$basic_ios@DU?$char_traits@D@std@@@std@@UEAAPEAXI@Z 0000000180003f40 f i * CIL library *:* CIL module *
 0001:00002f80       ?do_length@?$codecvt@DDU_Mbstatet@@@std@@MEBAHAEAU_Mbstatet@@PEBD1_K@Z 0000000180003f80 f i supervisor.obj
 0001:00002f90       ?do_unshift@?$codecvt@DDU_Mbstatet@@@std@@MEBAHAEAU_Mbstatet@@PEAD1AEAPEAD@Z 0000000180003f90 f i supervisor.obj
 0001:00002fa0       ?do_out@?$codecvt@DDU_Mbstatet@@@std@@MEBAHAEAU_Mbstatet@@PEBD1AEAPEBDPEAD3AEAPEAD@Z 0000000180003fa0 f i supervisor.obj
 0001:00002fa0       ?do_in@?$codecvt@DDU_Mbstatet@@@std@@MEBAHAEAU_Mbstatet@@PEBD1AEAPEBDPEAD3AEAPEAD@Z 0000000180003fa0 f i supervisor.obj
 0001:00002fc0       ?do_always_noconv@?$codecvt@DDU_Mbstatet@@@std@@MEBA_NXZ 0000000180003fc0 f i supervisor.obj
 0001:00002fc0       __acrt_uninitialize_command_line 0000000180003fc0 f i libucrt:argv_data.obj
 0001:00002fd0       ?do_put@?$num_put@DV?$ostreambuf_iterator@DU?$char_traits@D@std@@@std@@@std@@MEBA?AV?$ostreambuf_iterator@DU?$char_traits@D@std@@@2@V32@AEAVios_base@2@DPEBX@Z 0000000180003fd0 f i supervisor.obj
 0001:00003070       ?do_put@?$num_put@DV?$ostreambuf_iterator@DU?$char_traits@D@std@@@std@@@std@@MEBA?AV?$ostreambuf_iterator@DU?$char_traits@D@std@@@2@V32@AEAVios_base@2@DO@Z 0000000180004070 f i supervisor.obj
 0001:00003350       ?do_put@?$num_put@DV?$ostreambuf_iterator@DU?$char_traits@D@std@@@std@@@std@@MEBA?AV?$ostreambuf_iterator@DU?$char_traits@D@std@@@2@V32@AEAVios_base@2@DN@Z 0000000180004350 f i supervisor.obj
 0001:00003630       ?do_put@?$num_put@DV?$ostreambuf_iterator@DU?$char_traits@D@std@@@std@@@std@@MEBA?AV?$ostreambuf_iterator@DU?$char_traits@D@std@@@2@V32@AEAVios_base@2@D_K@Z 0000000180004630 f i supervisor.obj
 0001:00003750       ?do_put@?$num_put@DV?$ostreambuf_iterator@DU?$char_traits@D@std@@@std@@@std@@MEBA?AV?$ostreambuf_iterator@DU?$char_traits@D@std@@@2@V32@AEAVios_base@2@D_J@Z 0000000180004750 f i supervisor.obj
 0001:00003870       ?do_put@?$num_put@DV?$ostreambuf_iterator@DU?$char_traits@D@std@@@std@@@std@@MEBA?AV?$ostreambuf_iterator@DU?$char_traits@D@std@@@2@V32@AEAVios_base@2@DK@Z 0000000180004870 f i supervisor.obj
 0001:00003990       ?do_put@?$num_put@DV?$ostreambuf_iterator@DU?$char_traits@D@std@@@std@@@std@@MEBA?AV?$ostreambuf_iterator@DU?$char_traits@D@std@@@2@V32@AEAVios_base@2@DJ@Z 0000000180004990 f i supervisor.obj
 0001:00003ab0       ?do_put@?$num_put@DV?$ostreambuf_iterator@DU?$char_traits@D@std@@@std@@@std@@MEBA?AV?$ostreambuf_iterator@DU?$char_traits@D@std@@@2@V32@AEAVios_base@2@D_N@Z 0000000180004ab0 f i supervisor.obj
 0001:00003db0       ?push_back@?$basic_string@DU?$char_traits@D@std@@V?$allocator@D@2@@std@@QEAAXD@Z 0000000180004db0 f i supervisor.obj
 0001:00003f40       ?append@?$basic_string@DU?$char_traits@D@std@@V?$allocator@D@2@@std@@QEAAAEAV12@QEBD_K@Z 0000000180004f40 f i supervisor.obj
 0001:00003fc0       ?_Reset_back@?$basic_filebuf@DU?$char_traits@D@std@@@std@@AEAAXXZ 0000000180004fc0 f i supervisor.obj
 0001:00003ff0       ?_Initcvt@?$basic_filebuf@DU?$char_traits@D@std@@@std@@IEAAXAEBV?$codecvt@DDU_Mbstatet@@@2@@Z 0000000180004ff0 f i supervisor.obj
 0001:00004090       ?_Endwrite@?$basic_filebuf@DU?$char_traits@D@std@@@std@@IEAA_NXZ 0000000180005090 f i supervisor.obj
 0001:00004160       ?_Init@?$basic_filebuf@DU?$char_traits@D@std@@@std@@IEAAXPEAU_iobuf@@W4_Initfl@12@@Z 0000000180005160 f i supervisor.obj
 0001:00004250       ?close@?$basic_filebuf@DU?$char_traits@D@std@@@std@@QEAAPEAV12@XZ 0000000180005250 f i supervisor.obj
 0001:00004320       ??0?$basic_ostream@DU?$char_traits@D@std@@@std@@QEAA@PEAV?$basic_streambuf@DU?$char_traits@D@std@@@1@_N@Z 0000000180005320 f i supervisor.obj
 0001:000044c0       ?_Pnavail@?$basic_streambuf@DU?$char_traits@D@std@@@std@@IEBA_JXZ 00000001800054c0 f i supervisor.obj
 0001:000044e0       ?_Gnavail@?$basic_streambuf@DU?$char_traits@D@std@@@std@@IEBA_JXZ 00000001800054e0 f i supervisor.obj
 0001:00004500       ?setstate@?$basic_ios@DU?$char_traits@D@std@@@std@@QEAAXH_N@Z 0000000180005500 f i supervisor.obj
 0001:00004580       ??_G?$num_put@DV?$ostreambuf_iterator@DU?$char_traits@D@std@@@std@@@std@@MEAAPEAXI@Z 0000000180005580 f i supervisor.obj
 0001:00004580       ??_G?$codecvt@DDU_Mbstatet@@@std@@MEAAPEAXI@Z 0000000180005580 f i supervisor.obj
 0001:00004580       ??_E?$codecvt@DDU_Mbstatet@@@std@@MEAAPEAXI@Z 0000000180005580 f i * CIL library *:* CIL module *
 0001:00004580       ??_E?$num_put@DV?$ostreambuf_iterator@DU?$char_traits@D@std@@@std@@@std@@MEAAPEAXI@Z 0000000180005580 f i * CIL library *:* CIL module *
 0001:000045b0       ?do_truename@?$numpunct@D@std@@MEBA?AV?$basic_string@DU?$char_traits@D@std@@V?$allocator@D@2@@2@XZ 00000001800055b0 f i supervisor.obj
 0001:000045d0       ?do_falsename@?$numpunct@D@std@@MEBA?AV?$basic_string@DU?$char_traits@D@std@@V?$allocator@D@2@@2@XZ 00000001800055d0 f i supervisor.obj
 0001:000045f0       ?do_grouping@?$numpunct@D@std@@MEBA?AV?$basic_string@DU?$char_traits@D@std@@V?$allocator@D@2@@2@XZ 00000001800055f0 f i supervisor.obj
 0001:00004610       ?do_thousands_sep@?$numpunct@D@std@@MEBADXZ 0000000180005610 f i supervisor.obj
 0001:00004620       ?do_decimal_point@?$numpunct@D@std@@MEBADXZ 0000000180005620 f i supervisor.obj
 0001:00004630       ?_Iput@?$num_put@DV?$ostreambuf_iterator@DU?$char_traits@D@std@@@std@@@std@@AEBA?AV?$ostreambuf_iterator@DU?$char_traits@D@std@@@2@V32@AEAVios_base@2@DPEAD_K@Z 0000000180005630 f i supervisor.obj
 0001:00004ca0       ?_Fput@?$num_put@DV?$ostreambuf_iterator@DU?$char_traits@D@std@@@std@@@std@@AEBA?AV?$ostreambuf_iterator@DU?$char_traits@D@std@@@2@V32@AEAVios_base@2@DPEBD_K@Z 0000000180005ca0 f i supervisor.obj
 0001:00005390       ??0?$basic_streambuf@DU?$char_traits@D@std@@@std@@IEAA@XZ 0000000180006390 f i supervisor.obj
 0001:00005430       ??_E?$numpunct@D@std@@MEAAPEAXI@Z 0000000180006430 f i * CIL library *:* CIL module *
 0001:00005430       ??_G?$numpunct@D@std@@MEAAPEAXI@Z 0000000180006430 f i supervisor.obj
 0001:00005490       ?_Xran@?$_String_val@U?$_Simple_types@D@std@@@std@@SAXXZ 0000000180006490 f i supervisor.obj
 0001:000054b0       ??$use_facet@V?$ctype@D@std@@@std@@YAAEBV?$ctype@D@0@AEBVlocale@0@@Z 00000001800064b0 f i supervisor.obj
 0001:000056b0       ??$?6U?$char_traits@D@std@@@std@@YAAEAV?$basic_ostream@DU?$char_traits@D@std@@@0@AEAV10@PEBD@Z 00000001800066b0 f i supervisor.obj
 0001:00005960       ??$endl@DU?$char_traits@D@std@@@std@@YAAEAV?$basic_ostream@DU?$char_traits@D@std@@@0@AEAV10@@Z 0000000180006960 f i supervisor.obj
 0001:00005a00       ??$use_facet@V?$codecvt@DDU_Mbstatet@@@std@@@std@@YAAEBV?$codecvt@DDU_Mbstatet@@@0@AEBVlocale@0@@Z 0000000180006a00 f i supervisor.obj
 0001:00005be0       ??$use_facet@V?$num_put@DV?$ostreambuf_iterator@DU?$char_traits@D@std@@@std@@@std@@@std@@YAAEBV?$num_put@DV?$ostreambuf_iterator@DU?$char_traits@D@std@@@std@@@0@AEBVlocale@0@@Z 0000000180006be0 f i supervisor.obj
 0001:00005dc0       ??$use_facet@V?$numpunct@D@std@@@std@@YAAEBV?$numpunct@D@0@AEBVlocale@0@@Z 0000000180006dc0 f i supervisor.obj
 0001:00005ed0       ??$_Reallocate_grow_by@V<lambda_e1befb086ad3257e3f042a63030725f7>@@_KD@?$basic_string@DU?$char_traits@D@std@@V?$allocator@D@2@@std@@QEAAAEAV01@_KV<lambda_e1befb086ad3257e3f042a63030725f7>@@_KD@Z 0000000180006ed0 f i supervisor.obj
 0001:00006050       ??$_Reallocate_grow_by@V<lambda_65e615be2a453ca0576c979606f46740>@@PEBD_K@?$basic_string@DU?$char_traits@D@std@@V?$allocator@D@2@@std@@QEAAAEAV01@_KV<lambda_65e615be2a453ca0576c979606f46740>@@PEBD_K@Z 0000000180007050 f i supervisor.obj
 0001:000061d0       ??$_Reallocate_grow_by@V<lambda_b986da8d428e4af07c64af60eec09b61>@@_K_KD@?$basic_string@DU?$char_traits@D@std@@V?$allocator@D@2@@std@@QEAAAEAV01@_KV<lambda_b986da8d428e4af07c64af60eec09b61>@@_K2D@Z 00000001800071d0 f i supervisor.obj
 0001:00006380       ?_Getcat@?$numpunct@D@std@@SA_KPEAPEBVfacet@locale@2@PEBV42@@Z 0000000180007380 f i supervisor.obj
 0001:00006570       ?_Xlen@?$basic_string@DU?$char_traits@D@std@@V?$allocator@D@2@@std@@SAXXZ 0000000180007570 f i supervisor.obj
 0001:00006590       ?put@?$basic_ostream@DU?$char_traits@D@std@@@std@@QEAAAEAV12@D@Z 0000000180007590 f i supervisor.obj
 0001:00006720       ??$_Immortalize_impl@V_Iostream_error_category@std@@@std@@YAHPEAX0PEAPEAX@Z 0000000180007720 f i supervisor.obj
 0001:00006738       ??_E?$basic_ostream@DU?$char_traits@D@std@@@std@@$4PPPPPPPM@A@EAAPEAXI@Z 0000000180007738 f i supervisor.obj
 0001:00006744       ??_E?$basic_ofstream@DU?$char_traits@D@std@@@std@@$4PPPPPPPM@A@EAAPEAXI@Z 0000000180007744 f i supervisor.obj
 0001:00006750       ??0_Init_locks@std@@QEAA@XZ 0000000180007750 f   libcpmt:xlock.obj
 0001:0000679c       ??0_Lockit@std@@QEAA@H@Z   000000018000779c f   libcpmt:xlock.obj
 0001:000067d8       ??1_Init_locks@std@@QEAA@XZ 00000001800077d8 f   libcpmt:xlock.obj
 0001:0000681c       ??1_Lockit@std@@QEAA@XZ    000000018000781c f   libcpmt:xlock.obj
 0001:00006850       ??0exception@std@@QEAA@AEBV01@@Z 0000000180007850 f i libcpmt:xonce.obj
 0001:00006888       ??_Elogic_error@std@@UEAAPEAXI@Z 0000000180007888 f i libcpmt:xthrow.obj
 0001:00006888       ??_Gbad_array_new_length@std@@UEAAPEAXI@Z 0000000180007888 f i LIBCMT:throw_bad_alloc.obj
 0001:00006888       ??_Glength_error@std@@UEAAPEAXI@Z 0000000180007888 f i libcpmt:xthrow.obj
 0001:00006888       ??_Gout_of_range@std@@UEAAPEAXI@Z 0000000180007888 f i libcpmt:xthrow.obj
 0001:00006888       ??_Eout_of_range@std@@UEAAPEAXI@Z 0000000180007888 f i libcpmt:xthrow.obj
 0001:00006888       ??_Ebad_exception@std@@UEAAPEAXI@Z 0000000180007888 f i libvcruntime:frame.obj
 0001:00006888       ??_Ebad_alloc@std@@UEAAPEAXI@Z 0000000180007888 f i libcpmt:xthrow.obj
 0001:00006888       ??_Ebad_array_new_length@std@@UEAAPEAXI@Z 0000000180007888 f i LIBCMT:throw_bad_alloc.obj
 0001:00006888       ??_Gexception@std@@UEAAPEAXI@Z 0000000180007888 f i libcpmt:xonce.obj
 0001:00006888       ??_Elength_error@std@@UEAAPEAXI@Z 0000000180007888 f i libcpmt:xthrow.obj
 0001:00006888       ??_Eexception@std@@UEAAPEAXI@Z 0000000180007888 f i libcpmt:xonce.obj
 0001:00006888       ??_Glogic_error@std@@UEAAPEAXI@Z 0000000180007888 f i libcpmt:xthrow.obj
 0001:00006888       ??_Gbad_exception@std@@UEAAPEAXI@Z 0000000180007888 f i libvcruntime:frame.obj
 0001:00006888       ??_Gbad_alloc@std@@UEAAPEAXI@Z 0000000180007888 f i libcpmt:xthrow.obj
 0001:000068cc       ?_Execute_once@std@@YAHAEAUonce_flag@1@P6AHPEAX1PEAPEAX@Z1@Z 00000001800078cc f   libcpmt:xonce.obj
 0001:000068d4       ?what@exception@std@@UEBAPEBDXZ 00000001800078d4 f i libcpmt:xonce.obj
 0001:000068e8       ??0_Init_cout@std@@QEAA@XZ 00000001800078e8 f i libcpmt:cout.obj
 0001:00006954       ??1_Fac_tidy_reg_t@std@@QEAA@XZ 0000000180007954 f i libcpmt:locale0.obj
 0001:000069bc       ??4?$_Yarn@D@std@@QEAAAEAV01@PEBD@Z 00000001800079bc f i libcpmt:locale0.obj
 0001:00006a34       ??_G_Locimp@locale@std@@MEAAPEAXI@Z 0000000180007a34 f i libcpmt:locale0.obj
 0001:00006a34       ??_E_Locimp@locale@std@@MEAAPEAXI@Z 0000000180007a34 f i libcpmt:locale0.obj
 0001:00006aa0       ?_Facet_Register@std@@YAXPEAV_Facet_base@1@@Z 0000000180007aa0 f   libcpmt:locale0.obj
 0001:00006ad8       ?_Getgloballocale@locale@std@@CAPEAV_Locimp@12@XZ 0000000180007ad8 f   libcpmt:locale0.obj
 0001:00006ae0       ?_Init@locale@std@@CAPEAV_Locimp@12@_N@Z 0000000180007ae0 f   libcpmt:locale0.obj
 0001:00006b8c       ?_Locimp_dtor@_Locimp@locale@std@@CAXPEAV123@@Z 0000000180007b8c f   libcpmt:locale0.obj
 0001:00006c14       ?_Locinfo_ctor@_Locinfo@std@@SAXPEAV12@PEBD@Z 0000000180007c14 f   libcpmt:locale0.obj
 0001:00006c80       ?_Locinfo_dtor@_Locinfo@std@@SAXPEAV12@@Z 0000000180007c80 f   libcpmt:locale0.obj
 0001:00006c9c       ?_New_Locimp@_Locimp@locale@std@@CAPEAV123@_N@Z 0000000180007c9c f   libcpmt:locale0.obj
 0001:00006d0c       ?_Setgloballocale@locale@std@@CAXPEAX@Z 0000000180007d0c f   libcpmt:locale0.obj
 0001:00006d40       _Deletegloballocale        0000000180007d40 f   libcpmt:locale0.obj
 0001:00006db0       ??0bad_alloc@std@@QEAA@AEBV01@@Z 0000000180007db0 f i libcpmt:xthrow.obj
 0001:00006df0       ??0bad_alloc@std@@QEAA@XZ  0000000180007df0 f i libcpmt:xthrow.obj
 0001:00006e10       ??0length_error@std@@QEAA@AEBV01@@Z 0000000180007e10 f i libcpmt:xthrow.obj
 0001:00006e50       ??0length_error@std@@QEAA@PEBD@Z 0000000180007e50 f i libcpmt:xthrow.obj
 0001:00006e9c       ??0logic_error@std@@QEAA@AEBV01@@Z 0000000180007e9c f i libcpmt:xthrow.obj
 0001:00006edc       ??0out_of_range@std@@QEAA@AEBV01@@Z 0000000180007edc f i libcpmt:xthrow.obj
 0001:00006f1c       ??0out_of_range@std@@QEAA@PEBD@Z 0000000180007f1c f i libcpmt:xthrow.obj
 0001:00006f68       ??1length_error@std@@UEAA@XZ 0000000180007f68 f i libcpmt:xthrow.obj
 0001:00006f68       ??1bad_alloc@std@@UEAA@XZ  0000000180007f68 f i libcpmt:xthrow.obj
 0001:00006f68       ??1bad_exception@std@@UEAA@XZ 0000000180007f68 f i libvcruntime:frame.obj
 0001:00006f68       ??1bad_array_new_length@std@@UEAA@XZ 0000000180007f68 f i LIBCMT:throw_bad_alloc.obj
 0001:00006f68       ??1out_of_range@std@@UEAA@XZ 0000000180007f68 f i libcpmt:xthrow.obj
 0001:00006f7c       ?_Xbad_alloc@std@@YAXXZ    0000000180007f7c f   libcpmt:xthrow.obj
 0001:00006f7c       ?__scrt_throw_std_bad_alloc@@YAXXZ 0000000180007f7c f   LIBCMT:throw_bad_alloc.obj
 0001:00006f9c       ?_Xlength_error@std@@YAXPEBD@Z 0000000180007f9c f   libcpmt:xthrow.obj
 0001:00006fc0       ?_Xout_of_range@std@@YAXPEBD@Z 0000000180007fc0 f   libcpmt:xthrow.obj
 0001:00006fe4       ?_Addstd@ios_base@std@@SAXPEAV12@@Z 0000000180007fe4 f   libcpmt:ios.obj
 0001:0000705c       ?_Ios_base_dtor@ios_base@std@@CAXPEAV12@@Z 000000018000805c f   libcpmt:ios.obj
 0001:000070dc       ?_Tidy@ios_base@std@@AEAAXXZ 00000001800080dc f i libcpmt:ios.obj
 0001:0000715c       ??$_Xfiopen@D@std@@YAPEAU_iobuf@@PEBDHH@Z 000000018000815c f i libcpmt:fiopen.obj
 0001:00007264       ?_Fiopen@std@@YAPEAU_iobuf@@PEBDHH@Z 0000000180008264 f   libcpmt:fiopen.obj
 0001:0000726c       ?_Syserror_map@std@@YAPEBDH@Z 000000018000826c f   libcpmt:syserror.obj
 0001:00007294       _Getctype                  0000000180008294 f   libcpmt:_tolower.obj
 0001:0000735c       _Tolower                   000000018000835c f   libcpmt:_tolower.obj
 0001:0000748c       _Getcvt                    000000018000848c f   libcpmt:xwctomb.obj
 0001:0000751c       _Toupper                   000000018000851c f   libcpmt:_toupper.obj
 0001:0000765c       _Mtxdst                    000000018000865c f   libcpmt:xmtx.obj
 0001:00007664       _Mtxinit                   0000000180008664 f   libcpmt:xmtx.obj
 0001:00007674       _Mtxlock                   0000000180008674 f   libcpmt:xmtx.obj
 0001:0000767c       _Mtxunlock                 000000018000867c f   libcpmt:xmtx.obj
 0001:00007b54       __crtInitOnceExecuteOnce   0000000180008b54 f   libcpmt:winapisupp.obj
 0001:00007c20       __crtInitializeCriticalSectionEx 0000000180008c20 f   libcpmt:winapisupp.obj
 0001:00007c50       ?_Atexit@@YAXP6AXXZ@Z      0000000180008c50 f   libcpmt:iosptrs.obj
 0001:00007c90       __crtLCMapStringA          0000000180008c90 f   libcpmt:StlLCMapStringA.obj
 0001:00007f44       GetTableIndexFromLocaleName 0000000180008f44 f   libcpmt:winapinls.obj
 0001:00007fd4       __crtDownlevelLocaleNameToLCID 0000000180008fd4 f   libcpmt:winapinls.obj
 0001:00008008       __crtLCMapStringEx         0000000180009008 f   libcpmt:winapinls.obj
 0001:000080a4       __wcsnicmp_ascii           00000001800090a4 f   libcpmt:winapinls.obj
 0001:00008120       __security_check_cookie    0000000180009120 f   LIBCMT:amdsecgs.obj
 0001:00008144       ??3@YAXPEAX_K@Z            0000000180009144 f   LIBCMT:delete_scalar_size.obj
 0001:00008144       ??_V@YAXPEAX@Z             0000000180009144 f   LIBCMT:delete_array.obj
 0001:0000814c       __raise_securityfailure    000000018000914c f   LIBCMT:gs_report.obj
 0001:00008180       __report_gsfailure         0000000180009180 f   LIBCMT:gs_report.obj
 0001:00008254       __report_rangecheckfailure 0000000180009254 f   LIBCMT:gs_report.obj
 0001:00008268       __report_securityfailure   0000000180009268 f   LIBCMT:gs_report.obj
 0001:000083e8       ??2@YAPEAX_K@Z             00000001800093e8 f   LIBCMT:new_scalar.obj
 0001:00008754       _DllMainCRTStartup         0000000180009754 f   LIBCMT:dll_dllmain.obj
 0001:00008794       __scrt_acquire_startup_lock 0000000180009794 f   LIBCMT:utility.obj
 0001:000087d0       __scrt_dllmain_after_initialize_c 00000001800097d0 f   LIBCMT:utility.obj
 0001:00008804       __scrt_dllmain_before_initialize_c 0000000180009804 f   LIBCMT:utility.obj
 0001:0000881c       __scrt_dllmain_crt_thread_attach 000000018000981c f   LIBCMT:utility.obj
 0001:00008844       __scrt_dllmain_crt_thread_detach 0000000180009844 f   LIBCMT:utility.obj
 0001:0000885c       __scrt_dllmain_exception_filter 000000018000985c f   LIBCMT:utility.obj
 0001:000088bc       __scrt_dllmain_uninitialize_c 00000001800098bc f   LIBCMT:utility.obj
 0001:000088ec       __scrt_dllmain_uninitialize_critical 00000001800098ec f   LIBCMT:utility.obj
 0001:00008900       __scrt_initialize_crt      0000000180009900 f   LIBCMT:utility.obj
 0001:0000894c       __scrt_initialize_onexit_tables 000000018000994c f   LIBCMT:utility.obj
 0001:00008a24       __scrt_is_nonwritable_in_current_image 0000000180009a24 f   LIBCMT:utility.obj
 0001:00008ac0       __scrt_release_startup_lock 0000000180009ac0 f   LIBCMT:utility.obj
 0001:00008ae4       __scrt_uninitialize_crt    0000000180009ae4 f   LIBCMT:utility.obj
 0001:00008b10       _onexit                    0000000180009b10 f   LIBCMT:utility.obj
 0001:00008b60       atexit                     0000000180009b60 f   LIBCMT:utility.obj
 0001:00008b78       __GSHandlerCheck           0000000180009b78 f   LIBCMT:gshandler.obj
 0001:00008b98       __GSHandlerCheckCommon     0000000180009b98 f   LIBCMT:gshandler.obj
 0001:00008bf4       __GSHandlerCheck_EH        0000000180009bf4 f   LIBCMT:gshandlereh.obj
 0001:00008c74       ??_Etype_info@@UEAAPEAXI@Z 0000000180009c74 f i LIBCMT:std_type_info_static.obj
 0001:00008c74       ??_Gtype_info@@UEAAPEAXI@Z 0000000180009c74 f i LIBCMT:std_type_info_static.obj
 0001:00008cb0       __chkstk                   0000000180009cb0 f   LIBCMT:chkstk.obj
 0001:00008cb0       _alloca_probe              0000000180009cb0 f   LIBCMT:chkstk.obj
 0001:00008d04       ??3@YAXPEAX@Z              0000000180009d04 f   LIBCMT:delete_scalar.obj
 0001:00008d0c       ??0bad_array_new_length@std@@QEAA@AEBV01@@Z 0000000180009d0c f i LIBCMT:throw_bad_alloc.obj
 0001:00008d4c       ??0bad_array_new_length@std@@QEAA@XZ 0000000180009d4c f i LIBCMT:throw_bad_alloc.obj
 0001:00008d6c       ?__scrt_throw_std_bad_array_new_length@@YAXXZ 0000000180009d6c f   LIBCMT:throw_bad_alloc.obj
 0001:00008d8c       __security_init_cookie     0000000180009d8c f   LIBCMT:gs_support.obj
 0001:00008e38       ?__scrt_initialize_type_info@@YAXXZ 0000000180009e38 f   LIBCMT:tncleanup.obj
 0001:00008e48       ?__scrt_uninitialize_type_info@@YAXXZ 0000000180009e48 f   LIBCMT:tncleanup.obj
 0001:00008e54       __local_stdio_scanf_options 0000000180009e54 f i LIBCMT:default_local_stdio_options.obj
 0001:00008e5c       __scrt_initialize_default_local_stdio_options 0000000180009e5c f   LIBCMT:default_local_stdio_options.obj
 0001:00008e78       __scrt_get_dyn_tls_init_callback 0000000180009e78 f   LIBCMT:dyn_tls_init.obj
 0001:00008e80       __crt_debugger_hook        0000000180009e80 f   LIBCMT:utility_desktop.obj
 0001:00008e88       __scrt_fastfail            0000000180009e88 f   LIBCMT:utility_desktop.obj
 0001:00008fd4       _RTC_Initialize            0000000180009fd4 f   LIBCMT:initsect.obj
 0001:00009010       _RTC_Terminate             000000018000a010 f   LIBCMT:initsect.obj
 0001:0000904c       __isa_available_init       000000018000a04c f   LIBCMT:cpu_disp.obj
 0001:00009208       __scrt_is_ucrt_dll_in_use  000000018000a208 f   LIBCMT:ucrt_detection.obj
 0001:00009220       _purecall                  000000018000a220 f   libvcruntime:purevirt.obj
 0001:00009250       __std_exception_copy       000000018000a250 f   libvcruntime:std_exception.obj
 0001:000092e0       __std_exception_destroy    000000018000a2e0 f   libvcruntime:std_exception.obj
 0001:00009308       _CxxThrowException         000000018000a308 f   libvcruntime:throw.obj
 0001:000093c8       ??$_CallSETranslator@V__FrameHandler3@@@@YAHPEAUEHExceptionRecord@@PEA_KPEAU_CONTEXT@@PEAU_xDISPATCHER_CONTEXT@@PEBU_s_FuncInfo@@K1@Z 000000018000a3c8 f i libvcruntime:risctrnsctrl.obj
 0001:0000941c       ?CatchTryBlock@__FrameHandler3@@SAPEBU_s_TryBlockMapEntry@@PEBU_s_FuncInfo@@H@Z 000000018000a41c f   libvcruntime:risctrnsctrl.obj
 0001:00009474       ?ExecutionInCatch@__FrameHandler3@@SA_NPEAU_xDISPATCHER_CONTEXT@@PEBU_s_FuncInfo@@@Z 000000018000a474 f   libvcruntime:risctrnsctrl.obj
 0001:000094a0       ?FrameUnwindToEmptyState@__FrameHandler3@@SAXPEA_KPEAU_xDISPATCHER_CONTEXT@@PEBU_s_FuncInfo@@@Z 000000018000a4a0 f   libvcruntime:risctrnsctrl.obj
 0001:00009504       ?GetEstablisherFrame@__FrameHandler3@@SAPEA_KPEA_KPEAU_xDISPATCHER_CONTEXT@@PEBU_s_FuncInfo@@0@Z 000000018000a504 f   libvcruntime:risctrnsctrl.obj
 0001:000095d0       ?GetRangeOfTrysToCheck@__FrameHandler3@@SA?AU?$pair@Viterator@TryBlockMap@__FrameHandler3@@V123@@std@@AEAVTryBlockMap@1@HH@Z 000000018000a5d0 f   libvcruntime:risctrnsctrl.obj
 0001:0000972c       ?UnwindNestedFrames@__FrameHandler3@@SAXPEA_KPEAUEHExceptionRecord@@PEAU_CONTEXT@@0PEAXPEBU_s_FuncInfo@@HHPEBU_s_HandlerType@@PEAU_xDISPATCHER_CONTEXT@@E@Z 000000018000a72c f   libvcruntime:risctrnsctrl.obj
 0001:00009850       _CreateFrameInfo           000000018000a850 f   libvcruntime:risctrnsctrl.obj
 0001:0000988c       _FindAndUnlinkFrame        000000018000a88c f   libvcruntime:risctrnsctrl.obj
 0001:000098e0       _GetImageBase              000000018000a8e0 f   libvcruntime:risctrnsctrl.obj
 0001:000098f4       _GetThrowImageBase         000000018000a8f4 f   libvcruntime:risctrnsctrl.obj
 0001:00009908       _SetImageBase              000000018000a908 f   libvcruntime:risctrnsctrl.obj
 0001:00009920       _SetThrowImageBase         000000018000a920 f   libvcruntime:risctrnsctrl.obj
 0001:00009938       __CxxFrameHandler3         000000018000a938 f   libvcruntime:risctrnsctrl.obj
 0001:000099d0       memcpy_repmovs             000000018000a9d0 f   libvcruntime:memcpy.obj
 0001:000099f0       memmove                    000000018000a9f0 f   libvcruntime:memcpy.obj
 0001:000099f0       memcpy                     000000018000a9f0 f   libvcruntime:memcpy.obj
 0001:00009e40       memset_repmovs             000000018000ae40 f   libvcruntime:memset.obj
 0001:00009e60       memset                     000000018000ae60 f   libvcruntime:memset.obj
 0001:00009ff0       __DestructExceptionObject  000000018000aff0 f   libvcruntime:ehhelpers.obj
 0001:0000a064       ?_CallMemberFunction0@@YAXQEAX0@Z 000000018000b064 f i libvcruntime:ehhelpers.obj
 0001:0000a068       _IsExceptionObjectToBeDestroyed 000000018000b068 f   libvcruntime:ehhelpers.obj
 0001:0000a098       __AdjustPointer            000000018000b098 f   libvcruntime:ehhelpers.obj
 0001:0000a0bc       __FrameUnwindFilter        000000018000b0bc f   libvcruntime:ehhelpers.obj
 0001:0000a108       __std_terminate            000000018000b108 f   libvcruntime:ehhelpers.obj
 0001:0000a130       memchr                     000000018000b130 f   libvcruntime:memchr.obj
 0001:0000a1b0       memcmp                     000000018000b1b0 f   libvcruntime:memcmp.obj
 0001:0000a278       __C_specific_handler       000000018000b278 f   libvcruntime:riscchandler.obj
 0001:0000a484       __vcrt_initialize          000000018000b484 f   libvcruntime:initialization.obj
 0001:0000a4b8       __vcrt_thread_attach       000000018000b4b8 f   libvcruntime:initialization.obj
 0001:0000a4cc       __vcrt_thread_detach       000000018000b4cc f   libvcruntime:initialization.obj
 0001:0000a4e0       __vcrt_uninitialize        000000018000b4e0 f   libvcruntime:initialization.obj
 0001:0000a500       __vcrt_uninitialize_critical 000000018000b500 f   libvcruntime:initialization.obj
 0001:0000a510       __std_type_info_compare    000000018000b510 f   libvcruntime:std_type_info.obj
 0001:0000a538       __std_type_info_destroy_list 000000018000b538 f   libvcruntime:std_type_info.obj
 0001:0000a564       __vcrt_initialize_pure_virtual_call_handler 000000018000b564 f   libvcruntime:purevirt_data.obj
 0001:0000a574       __vcrt_freefls             000000018000b574 f   libvcruntime:per_thread_data.obj
 0001:0000a594       __vcrt_freeptd             000000018000b594 f   libvcruntime:per_thread_data.obj
 0001:0000a5e4       __vcrt_getptd              000000018000b5e4 f   libvcruntime:per_thread_data.obj
 0001:0000a600       __vcrt_getptd_noexit       000000018000b600 f   libvcruntime:per_thread_data.obj
 0001:0000a6cc       __vcrt_initialize_ptd      000000018000b6cc f   libvcruntime:per_thread_data.obj
 0001:0000a720       __vcrt_uninitialize_ptd    000000018000b720 f   libvcruntime:per_thread_data.obj
 0001:0000a744       ?GetCurrentState@__FrameHandler3@@SAHPEA_KPEAU_xDISPATCHER_CONTEXT@@PEBU_s_FuncInfo@@@Z 000000018000b744 f   libvcruntime:ehstate.obj
 0001:0000a76c       ?GetUnwindTryBlock@__FrameHandler3@@SAHPEA_KPEAU_xDISPATCHER_CONTEXT@@PEBU_s_FuncInfo@@@Z 000000018000b76c f   libvcruntime:ehstate.obj
 0001:0000a798       ?SetState@__FrameHandler3@@SAXPEA_KPEBU_s_FuncInfo@@H@Z 000000018000b798 f   libvcruntime:ehstate.obj
 0001:0000a7a4       ?SetUnwindTryBlock@__FrameHandler3@@SAXPEA_KPEAU_xDISPATCHER_CONTEXT@@PEBU_s_FuncInfo@@H@Z 000000018000b7a4 f   libvcruntime:ehstate.obj
 0001:0000a7e0       ?StateFromControlPc@__FrameHandler3@@SAHPEBU_s_FuncInfo@@PEAU_xDISPATCHER_CONTEXT@@@Z 000000018000b7e0 f   libvcruntime:ehstate.obj
 0001:0000a7e8       ?StateFromIp@__FrameHandler3@@SAHPEBU_s_FuncInfo@@PEAU_xDISPATCHER_CONTEXT@@_K@Z 000000018000b7e8 f   libvcruntime:ehstate.obj
 0001:0000b274       ??$TypeMatchHelper@$$CBU_s_HandlerType@@@@YAHPEBU_s_HandlerType@@PEBU_s_CatchableType@@PEBU_s_ThrowInfo@@@Z 000000018000c274 f i libvcruntime:frame.obj
 0001:0000b3b8       ??$__InternalCxxFrameHandler@V__FrameHandler3@@@@YA?AW4_EXCEPTION_DISPOSITION@@PEAUEHExceptionRecord@@PEA_KPEAU_CONTEXT@@PEAU_xDISPATCHER_CONTEXT@@PEBU_s_FuncInfo@@H1E@Z 000000018000c3b8 f i libvcruntime:frame.obj
 0001:0000b600       ??0bad_exception@std@@QEAA@AEBV01@@Z 000000018000c600 f i libvcruntime:frame.obj
 0001:0000b640       ??0bad_exception@std@@QEAA@XZ 000000018000c640 f i libvcruntime:frame.obj
 0001:0000b660       ?CxxCallCatchBlock@__FrameHandler3@@SAPEAXPEAU_EXCEPTION_RECORD@@@Z 000000018000c660 f   libvcruntime:frame.obj
 0001:0000b8d4       ?FrameUnwindToState@__FrameHandler3@@SAXPEA_KPEAU_xDISPATCHER_CONTEXT@@PEBU_s_FuncInfo@@H@Z 000000018000c8d4 f   libvcruntime:frame.obj
 0001:0000ba68       ?GetHandlerSearchState@__FrameHandler3@@SAHPEA_KPEAU_xDISPATCHER_CONTEXT@@PEBU_s_FuncInfo@@@Z 000000018000ca68 f i libvcruntime:frame.obj
 0001:0000bc6c       ?_CallMemberFunction1@@YAXQEAX00@Z 000000018000cc6c f i libvcruntime:frame.obj
 0001:0000bc78       ?_CallMemberFunction2@@YAXQEAX00H@Z 000000018000cc78 f i libvcruntime:frame.obj
 0001:0000bca0       _NLG_Notify                000000018000cca0 f   libvcruntime:notify.obj
 0001:0000bcc0       __NLG_Dispatch2            000000018000ccc0 f   libvcruntime:notify.obj
 0001:0000bcd0       __NLG_Return2              000000018000ccd0 f   libvcruntime:notify.obj
 0001:0000bcd4       __except_validate_context_record 000000018000ccd4 f   libvcruntime:jbcxrval.obj
 0001:0000bd0c       __vcrt_initialize_locks    000000018000cd0c f   libvcruntime:locks.obj
 0001:0000bd54       __vcrt_uninitialize_locks  000000018000cd54 f   libvcruntime:locks.obj
 0001:0000bf64       __vcrt_FlsAlloc            000000018000cf64 f   libvcruntime:winapi_downlevel.obj
 0001:0000bfac       __vcrt_FlsFree             000000018000cfac f   libvcruntime:winapi_downlevel.obj
 0001:0000bff4       __vcrt_FlsGetValue         000000018000cff4 f   libvcruntime:winapi_downlevel.obj
 0001:0000c03c       __vcrt_FlsSetValue         000000018000d03c f   libvcruntime:winapi_downlevel.obj
 0001:0000c090       __vcrt_InitializeCriticalSectionEx 000000018000d090 f   libvcruntime:winapi_downlevel.obj
 0001:0000c0f4       __vcrt_initialize_winapi_thunks 000000018000d0f4 f   libvcruntime:winapi_downlevel.obj
 0001:0000c124       __vcrt_uninitialize_winapi_thunks 000000018000d124 f   libvcruntime:winapi_downlevel.obj
 0001:0000c180       _CallSettingFrame          000000018000d180 f   libvcruntime:handlers.obj
 0001:0000c1d0       _CallSettingFrameEncoded   000000018000d1d0 f   libvcruntime:handlers.obj
 0001:0000c218       abort                      000000018000d218 f   libucrt:abort.obj
 0001:0000c270       fputc                      000000018000d270 f   libucrt:fputc.obj
 0001:0000c384       calloc                     000000018000d384 f   libucrt:calloc.obj
 0001:0000c38c       __acrt_initialize_clock    000000018000d38c f   libucrt:clock.obj
 0001:0000c3e0       clock                      000000018000d3e0 f   libucrt:clock.obj
 0001:0000c44c       __acrt_call_reportfault    000000018000d44c f   libucrt:invalid_parameter.obj
 0001:0000c5a8       __acrt_initialize_invalid_parameter_handler 000000018000d5a8 f   libucrt:invalid_parameter.obj
 0001:0000c5b0       _invalid_parameter         000000018000d5b0 f   libucrt:invalid_parameter.obj
 0001:0000c660       _invalid_parameter_noinfo  000000018000d660 f   libucrt:invalid_parameter.obj
 0001:0000c680       _invalid_parameter_noinfo_noreturn 000000018000d680 f   libucrt:invalid_parameter.obj
 0001:0000c6b0       _invoke_watson             000000018000d6b0 f   libucrt:invalid_parameter.obj
 0001:0000c914       __acrt_stdio_flush_nolock  000000018000d914 f   libucrt:fflush.obj
 0001:0000c990       _fflush_nolock             000000018000d990 f   libucrt:fflush.obj
 0001:0000c9dc       _flushall                  000000018000d9dc f   libucrt:fflush.obj
 0001:0000c9e4       fflush                     000000018000d9e4 f   libucrt:fflush.obj
 0001:0000ca4c       _fclose_nolock             000000018000da4c f   libucrt:fclose.obj
 0001:0000cad0       fclose                     000000018000dad0 f   libucrt:fclose.obj
 0001:0000cbe0       strcspn                    000000018000dbe0 f   libucrt:strcspn.obj
 0001:0000d170       ??$ensure_buffer_is_big_enough@D@formatting_buffer@__crt_stdio_output@@QEAA_N_K@Z 000000018000e170 f i libucrt:output.obj
 0001:0000d218       ??$type_case_integer_parse_into_buffer@I@?$output_processor@DV?$string_output_adapter@D@__crt_stdio_output@@V?$format_validation_base@DV?$string_output_adapter@D@__crt_stdio_output@@@2@@__crt_stdio_output@@AEAAXII_N@Z 000000018000e218 f i libucrt:output.obj
 0001:0000d2a8       ??$type_case_integer_parse_into_buffer@_K@?$output_processor@DV?$string_output_adapter@D@__crt_stdio_output@@V?$format_validation_base@DV?$string_output_adapter@D@__crt_stdio_output@@@2@@__crt_stdio_output@@AEAAX_KI_N@Z 000000018000e2a8 f i libucrt:output.obj
 0001:0000d33c       ??$write_multiple_characters@V?$string_output_adapter@D@__crt_stdio_output@@D@__crt_stdio_output@@YAXAEBV?$string_output_adapter@D@0@DHQEAH@Z 000000018000e33c f i libucrt:output.obj
 0001:0000d3b4       ??0_LocaleUpdate@@QEAA@QEAU__crt_locale_pointers@@@Z 000000018000e3b4 f i libucrt:output.obj
 0001:0000d450       ??1_LocaleUpdate@@QEAA@XZ  000000018000e450 f i libucrt:output.obj
 0001:0000d464       ?crop_zeroes@__crt_stdio_output@@YAXPEADQEAU__crt_locale_pointers@@@Z 000000018000e464 f i libucrt:output.obj
 0001:0000d4d0       ?force_decimal_point@__crt_stdio_output@@YAXPEADQEAU__crt_locale_pointers@@@Z 000000018000e4d0 f i libucrt:output.obj
 0001:0000d540       ?parse_int_from_format_string@?$output_processor@DV?$string_output_adapter@D@__crt_stdio_output@@V?$format_validation_base@DV?$string_output_adapter@D@__crt_stdio_output@@@2@@__crt_stdio_output@@AEAA_NQEAH@Z 000000018000e540 f i libucrt:output.obj
 0001:0000d5e4       ?process@?$output_processor@DV?$string_output_adapter@D@__crt_stdio_output@@V?$format_validation_base@DV?$string_output_adapter@D@__crt_stdio_output@@@2@@__crt_stdio_output@@QEAAHXZ 000000018000e5e4 f i libucrt:output.obj
 0001:0000d7f8       ?state_case_normal@?$output_processor@DV?$string_output_adapter@D@__crt_stdio_output@@V?$format_validation_base@DV?$string_output_adapter@D@__crt_stdio_output@@@2@@__crt_stdio_output@@AEAA_NXZ 000000018000e7f8 f i libucrt:output.obj
 0001:0000d86c       ?state_case_normal_tchar@?$output_processor@DV?$string_output_adapter@D@__crt_stdio_output@@V?$format_validation_base@DV?$string_output_adapter@D@__crt_stdio_output@@@2@@__crt_stdio_output@@AEAA_ND@Z 000000018000e86c f i libucrt:output.obj
 0001:0000d904       ?state_case_size@?$output_processor@DV?$string_output_adapter@D@__crt_stdio_output@@V?$format_validation_base@DV?$string_output_adapter@D@__crt_stdio_output@@@2@@__crt_stdio_output@@AEAA_NXZ 000000018000e904 f i libucrt:output.obj
 0001:0000da78       ?state_case_type@?$output_processor@DV?$string_output_adapter@D@__crt_stdio_output@@V?$format_validation_base@DV?$string_output_adapter@D@__crt_stdio_output@@@2@@__crt_stdio_output@@AEAA_NXZ 000000018000ea78 f i libucrt:output.obj
 0001:0000dce4       ?type_case_Z@?$output_processor@DV?$string_output_adapter@D@__crt_stdio_output@@V?$format_validation_base@DV?$string_output_adapter@D@__crt_stdio_output@@@2@@__crt_stdio_output@@AEAA_NXZ 000000018000ece4 f i libucrt:output.obj
 0001:0000dd5c       ?type_case_a@?$output_processor@DV?$string_output_adapter@D@__crt_stdio_output@@V?$format_validation_base@DV?$string_output_adapter@D@__crt_stdio_output@@@2@@__crt_stdio_output@@AEAA_NXZ 000000018000ed5c f i libucrt:output.obj
 0001:0000df18       ?type_case_c_tchar@?$output_processor@DV?$string_output_adapter@D@__crt_stdio_output@@V?$format_validation_base@DV?$string_output_adapter@D@__crt_stdio_output@@@2@@__crt_stdio_output@@AEAA_ND@Z 000000018000ef18 f i libucrt:output.obj
 0001:0000dfdc       ?type_case_integer@?$output_processor@DV?$string_output_adapter@D@__crt_stdio_output@@V?$format_validation_base@DV?$string_output_adapter@D@__crt_stdio_output@@@2@@__crt_stdio_output@@AEAA_NI_N@Z 000000018000efdc f i libucrt:output.obj
 0001:0000e1a4       ?type_case_n@?$output_processor@DV?$string_output_adapter@D@__crt_stdio_output@@V?$format_validation_base@DV?$string_output_adapter@D@__crt_stdio_output@@@2@@__crt_stdio_output@@AEAA_NXZ 000000018000f1a4 f i libucrt:output.obj
 0001:0000e280       ?type_case_s@?$output_processor@DV?$string_output_adapter@D@__crt_stdio_output@@V?$format_validation_base@DV?$string_output_adapter@D@__crt_stdio_output@@@2@@__crt_stdio_output@@AEAA_NXZ 000000018000f280 f i libucrt:output.obj
 0001:0000e318       ?write_stored_string_tchar@?$output_processor@DV?$string_output_adapter@D@__crt_stdio_output@@V?$format_validation_base@DV?$string_output_adapter@D@__crt_stdio_output@@@2@@__crt_stdio_output@@AEAA_ND@Z 000000018000f318 f i libucrt:output.obj
 0001:0000e3f0       ?write_string@?$string_output_adapter@D@__crt_stdio_output@@QEBAXQEBDHQEAHAEAV__crt_deferred_errno_cache@@@Z 000000018000f3f0 f i libucrt:output.obj
 0001:0000e494       __stdio_common_vsprintf_s  000000018000f494 f   libucrt:output.obj
 0001:0000e4f8       _fgetc_nolock              000000018000f4f8 f   libucrt:fgetc.obj
 0001:0000e53c       fgetc                      000000018000f53c f   libucrt:fgetc.obj
 0001:0000e634       __acrt_initialize_stdio    000000018000f634 f   libucrt:_file.obj
 0001:0000e754       __acrt_iob_func            000000018000f754 f   libucrt:_file.obj
 0001:0000e768       __acrt_uninitialize_stdio  000000018000f768 f   libucrt:_file.obj
 0001:0000e7c4       _get_stream_buffer_pointers 000000018000f7c4 f   libucrt:_file.obj
 0001:0000e80c       _lock_file                 000000018000f80c f   libucrt:_file.obj
 0001:0000e818       _unlock_file               000000018000f818 f   libucrt:_file.obj
 0001:0000e824       localeconv                 000000018000f824 f   libucrt:localeconv.obj
 0001:0000e8fc       _fwrite_nolock             000000018000f8fc f   libucrt:fwrite.obj
 0001:0000eaa4       fwrite                     000000018000faa4 f   libucrt:fwrite.obj
 0001:0000eb28       fgetpos                    000000018000fb28 f   libucrt:fgetpos.obj
 0001:0000eca4       setvbuf                    000000018000fca4 f   libucrt:setvbuf.obj
 0001:0000ed40       free                       000000018000fd40 f   libucrt:free.obj
 0001:0000ed54       _ungetc_nolock             000000018000fd54 f   libucrt:ungetc.obj
 0001:0000ee6c       ungetc                     000000018000fe6c f   libucrt:ungetc.obj
 0001:0000eec4       frexp                      000000018000fec4 f   libucrt:frexp.obj
 0001:0000efbc       fsetpos                    000000018000ffbc f   libucrt:fsetpos.obj
 0001:0000eff4       _fread_nolock_s            000000018000fff4 f   libucrt:fread.obj
 0001:0000f284       fread                      0000000180010284 f   libucrt:fread.obj
 0001:0000f2a4       fread_s                    00000001800102a4 f   libucrt:fread.obj
 0001:0000f578       _fseeki64                  0000000180010578 f   libucrt:fseek.obj
 0001:0000f580       fseek                      0000000180010580 f   libucrt:fseek.obj
 0001:0000f588       __acrt_initialize_locks    0000000180010588 f   libucrt:locks.obj
 0001:0000f5d0       __acrt_lock                00000001800105d0 f   libucrt:locks.obj
 0001:0000f5ec       __acrt_uninitialize_locks  00000001800105ec f   libucrt:locks.obj
 0001:0000f624       __acrt_unlock              0000000180010624 f   libucrt:locks.obj
 0001:0000f640       _lock_locales              0000000180010640 f   libucrt:locks.obj
 0001:0000f65c       _unlock_locales            000000018001065c f   libucrt:locks.obj
 0001:0000f66c       terminate                  000000018001066c f   libucrt:terminate.obj
 0001:0000f68c       malloc                     000000018001068c f   libucrt:malloc.obj
 0001:0000f9a0       setlocale                  00000001800109a0 f   libucrt:setlocale.obj
 0001:0000faa4       _fsopen                    0000000180010aa4 f   libucrt:fopen.obj
 0001:0000faac       __pctype_func              0000000180010aac f   libucrt:ctype.obj
 0001:0000fadc       isdigit                    0000000180010adc f i libucrt:_ctype.obj
 0001:0000fb54       islower                    0000000180010b54 f i libucrt:_ctype.obj
 0001:0000fbcc       isupper                    0000000180010bcc f i libucrt:_ctype.obj
 0001:0000fc44       _wcsdup                    0000000180010c44 f   libucrt:wcsdup.obj
 0001:0000fcc8       ___lc_codepage_func        0000000180010cc8 f   libucrt:initctype.obj
 0001:0000fcf8       ___lc_locale_name_func     0000000180010cf8 f   libucrt:initctype.obj
 0001:0000fd2c       ___mb_cur_max_func         0000000180010d2c f   libucrt:initctype.obj
 0001:0000fd5c       __acrt_locale_initialize_ctype 0000000180010d5c f   libucrt:initctype.obj
 0001:000103b8       __acrt_errno_from_os_error 00000001800113b8 f   libucrt:errno.obj
 0001:00010400       __acrt_errno_map_os_error  0000000180011400 f   libucrt:errno.obj
 0001:00010450       __doserrno                 0000000180011450 f   libucrt:errno.obj
 0001:00010470       _errno                     0000000180011470 f   libucrt:errno.obj
 0001:00010490       ?divide@__crt_strtox@@YA_KAEAUbig_integer@1@AEBU21@@Z 0000000180011490 f i libucrt:strtod.obj
 0001:000109b0       pow                        00000001800119b0 f   libucrt:pow.obj
 0001:00012050       powf                       0000000180013050 f   libucrt:powf.obj
 0001:00012f18       __strncnt                  0000000180013f18 f   libucrt:strncnt.obj
 0001:00012f30       ??$__acrt_mbs_to_wcs_cp@U__crt_win32_buffer_internal_dynamic_resizing@@@@YAHQEBDAEAV?$__crt_win32_buffer@_WU__crt_win32_buffer_internal_dynamic_resizing@@@@I@Z 0000000180013f30 f i libucrt:strftime.obj
 0001:00013068       _tolower_l                 0000000180014068 f   libucrt:tolower_toupper.obj
 0001:000131a8       tolower                    00000001800141a8 f   libucrt:tolower_toupper.obj
 0001:000131d4       wcscpy_s                   00000001800141d4 f   libucrt:wcscpy_s.obj
 0001:0001324c       strnlen                    000000018001424c f   libucrt:strnlen.obj
 0001:0001339c       wcsnlen                    000000018001439c f   libucrt:strnlen.obj
 0001:00013574       __acrt_initialize_new_handler 0000000180014574 f   libucrt:new_handler.obj
 0001:0001357c       _callnewh                  000000018001457c f   libucrt:new_handler.obj
 0001:000135ac       _query_new_handler         00000001800145ac f   libucrt:new_handler.obj
 0001:000135e0       _initterm                  00000001800145e0 f   libucrt:initterm.obj
 0001:00013644       _initterm_e                0000000180014644 f   libucrt:initterm.obj
 0001:00013684       _seh_filter_dll            0000000180014684 f   libucrt:exception_filter.obj
 0001:00013698       _seh_filter_exe            0000000180014698 f   libucrt:exception_filter.obj
 0001:00013a90       __acrt_initialize_thread_local_exit_callback 0000000180014a90 f   libucrt:exit.obj
 0001:00013a98       _cexit                     0000000180014a98 f   libucrt:exit.obj
 0001:00013aa8       _exit                      0000000180014aa8 f   libucrt:exit.obj
 0001:00013ab4       _is_c_termination_complete 0000000180014ab4 f   libucrt:exit.obj
 0001:00013c80       __acrt_allocate_buffer_for_argv 0000000180014c80 f   libucrt:argv_parsing.obj
 0001:00013ce0       _configure_narrow_argv     0000000180014ce0 f   libucrt:argv_parsing.obj
 0001:00014058       __dcrt_uninitialize_environments_nolock 0000000180015058 f   libucrt:environment_initialization.obj
 0001:00014090       _initialize_narrow_environment 0000000180015090 f   libucrt:environment_initialization.obj
 0001:00014420       _crt_atexit                0000000180015420 f   libucrt:onexit.obj
 0001:00014430       _execute_onexit_table      0000000180015430 f   libucrt:onexit.obj
 0001:0001446c       _initialize_onexit_table   000000018001546c f   libucrt:onexit.obj
 0001:000144ac       _register_onexit_function  00000001800154ac f   libucrt:onexit.obj
 0001:00014634       __acrt_initialize          0000000180015634 f   libucrt:initialization.obj
 0001:00014648       __acrt_thread_attach       0000000180015648 f   libucrt:initialization.obj
 0001:0001465c       __acrt_thread_detach       000000018001565c f   libucrt:initialization.obj
 0001:0001466c       __acrt_uninitialize        000000018001566c f   libucrt:initialization.obj
 0001:000146a4       __acrt_uninitialize_critical 00000001800156a4 f   libucrt:initialization.obj
 0001:000146b4       strcpy_s                   00000001800156b4 f   libucrt:strcpy_s.obj
 0001:00014724       wcsncmp                    0000000180015724 f   libucrt:wcsncmp.obj
 0001:00014750       ??$parse_integer@KV?$c_string_character_source@D@__crt_strtox@@@__crt_strtox@@YAKQEAU__crt_locale_pointers@@V?$c_string_character_source@D@0@H_N@Z 0000000180015750 f i libucrt:atox.obj
 0001:00014a8c       ??$parse_integer@KV?$c_string_character_source@_W@__crt_strtox@@@__crt_strtox@@YAKQEAU__crt_locale_pointers@@V?$c_string_character_source@_W@0@H_N@Z 0000000180015a8c f i libucrt:atox.obj
 0001:00015140       _wtol                      0000000180016140 f   libucrt:atox.obj
 0001:00015180       strncmp                    0000000180016180 f   libucrt:strncmp.obj
 0001:00015248       __acrt_get_sigabrt_handler 0000000180016248 f   libucrt:signal.obj
 0001:00015278       __acrt_initialize_signal_handlers 0000000180016278 f   libucrt:signal.obj
 0001:00015298       raise                      0000000180016298 f   libucrt:signal.obj
 0001:00015518       _fileno                    0000000180016518 f   libucrt:fileno.obj
 0001:00015620       __acrt_stdio_flush_and_write_narrow_nolock 0000000180016620 f   libucrt:_flsbuf.obj
 0001:000158f0       __acrt_initialize_lowio    00000001800168f0 f   libucrt:ioinit.obj
 0001:0001592c       __acrt_uninitialize_lowio  000000018001692c f   libucrt:ioinit.obj
 0001:0001596c       _calloc_base               000000018001696c f   libucrt:calloc_base.obj
 0001:00015d5c       __acrt_freeptd             0000000180016d5c f   libucrt:per_thread_data.obj
 0001:00015da0       __acrt_getptd              0000000180016da0 f   libucrt:per_thread_data.obj
 0001:00015e64       __acrt_getptd_head         0000000180016e64 f   libucrt:per_thread_data.obj
 0001:00015f0c       __acrt_getptd_noexit       0000000180016f0c f   libucrt:per_thread_data.obj
 0001:00015fc4       __acrt_initialize_ptd      0000000180016fc4 f   libucrt:per_thread_data.obj
 0001:00016000       __acrt_uninitialize_ptd    0000000180017000 f   libucrt:per_thread_data.obj
 0001:000160b0       _commit                    00000001800170b0 f   libucrt:commit.obj
 0001:000166ec       _write                     00000001800176ec f   libucrt:write.obj
 0001:000167d8       _write_nolock              00000001800177d8 f   libucrt:write.obj
 0001:00016ab8       _free_base                 0000000180017ab8 f   libucrt:free_base.obj
 0001:00016b6c       _close                     0000000180017b6c f   libucrt:close.obj
 0001:00016c10       _close_nolock              0000000180017c10 f   libucrt:close.obj
 0001:00016ccc       ?__acrt_stdio_allocate_stream@@YA?AV__crt_stdio_stream@@XZ 0000000180017ccc f   libucrt:stream.obj
 0001:00016d24       ?__acrt_stdio_free_stream@@YAXV__crt_stdio_stream@@@Z 0000000180017d24 f   libucrt:stream.obj
 0001:00016e2c       __acrt_stdio_free_buffer_nolock 0000000180017e2c f   libucrt:_freebuf.obj
 0001:00016e6c       _malloc_base               0000000180017e6c f   libucrt:malloc_base.obj
 0001:00016ecc       strtol                     0000000180017ecc f   libucrt:strtox.obj
 0001:00016ef8       _mbtowc_l                  0000000180017ef8 f   libucrt:mbtowc.obj
 0001:00017074       mbtowc                     0000000180018074 f   libucrt:mbtowc.obj
 0001:0001707c       _wctomb_s_l                000000018001807c f   libucrt:wctomb.obj
 0001:00017200       wctomb_s                   0000000180018200 f   libucrt:wctomb.obj
 0001:00017214       __acrt_update_locale_info  0000000180018214 f   libucrt:locale_update.obj
 0001:00017248       __acrt_update_multibyte_info 0000000180018248 f   libucrt:locale_update.obj
 0001:00017c4c       __acrt_fp_format           0000000180018c4c f   libucrt:cvt.obj
 0001:00017ed4       _get_printf_count_output   0000000180018ed4 f   libucrt:printf_count_output.obj
 0001:00017eec       __acrt_stdio_begin_temporary_buffering_nolock 0000000180018eec f   libucrt:_sftbuf.obj
 0001:00017fbc       __acrt_stdio_end_temporary_buffering_nolock 0000000180018fbc f   libucrt:_sftbuf.obj
 0001:00018260       __acrt_copy_locale_name    0000000180019260 f   libucrt:wsetlocale.obj
 0001:000182e4       __acrt_set_locale_changed  00000001800192e4 f   libucrt:wsetlocale.obj
 0001:000182f0       __acrt_uninitialize_locale 00000001800192f0 f   libucrt:wsetlocale.obj
 0001:00018320       __lc_lctowcs               0000000180019320 f   libucrt:wsetlocale.obj
 0001:000183c4       __lc_wcstolc               00000001800193c4 f   libucrt:wsetlocale.obj
 0001:00018644       _expandlocale              0000000180019644 f   libucrt:wsetlocale.obj
 0001:00018acc       _wcscats                   0000000180019acc f   libucrt:wsetlocale.obj
 0001:00018b34       _wsetlocale                0000000180019b34 f   libucrt:wsetlocale.obj
 0001:000193a0       __acrt_stdio_refill_and_read_narrow_nolock 000000018001a3a0 f   libucrt:_filbuf.obj
 0001:000197b0       __acrt_AppPolicyGetProcessTerminationMethodInternal 000000018001a7b0 f   libucrt:winapi_thunks.obj
 0001:00019800       __acrt_AreFileApisANSI     000000018001a800 f   libucrt:winapi_thunks.obj
 0001:0001983c       __acrt_EnumSystemLocalesEx 000000018001a83c f   libucrt:winapi_thunks.obj
 0001:000198d4       __acrt_FlsAlloc            000000018001a8d4 f   libucrt:winapi_thunks.obj
 0001:0001991c       __acrt_FlsFree             000000018001a91c f   libucrt:winapi_thunks.obj
 0001:00019964       __acrt_FlsGetValue         000000018001a964 f   libucrt:winapi_thunks.obj
 0001:000199ac       __acrt_FlsSetValue         000000018001a9ac f   libucrt:winapi_thunks.obj
 0001:00019a00       __acrt_GetLocaleInfoEx     000000018001aa00 f   libucrt:winapi_thunks.obj
 0001:00019a84       __acrt_GetUserDefaultLocaleName 000000018001aa84 f   libucrt:winapi_thunks.obj
 0001:00019ae8       __acrt_InitializeCriticalSectionEx 000000018001aae8 f   libucrt:winapi_thunks.obj
 0001:00019b4c       __acrt_IsValidLocaleName   000000018001ab4c f   libucrt:winapi_thunks.obj
 0001:00019ba4       __acrt_LCIDToLocaleName    000000018001aba4 f   libucrt:winapi_thunks.obj
 0001:00019c14       __acrt_LCMapStringEx       000000018001ac14 f   libucrt:winapi_thunks.obj
 0001:00019cf0       __acrt_LocaleNameToLCID    000000018001acf0 f   libucrt:winapi_thunks.obj
 0001:00019d40       __acrt_can_use_vista_locale_apis 000000018001ad40 f   libucrt:winapi_thunks.obj
 0001:00019d70       __acrt_eagerly_load_locale_apis 000000018001ad70 f   libucrt:winapi_thunks.obj
 0001:00019ecc       __acrt_initialize_winapi_thunks 000000018001aecc f   libucrt:winapi_thunks.obj
 0001:00019f14       __acrt_uninitialize_winapi_thunks 000000018001af14 f   libucrt:winapi_thunks.obj
 0001:00019f58       _fcloseall                 000000018001af58 f   libucrt:closeall.obj
 0001:0001a4dc       _ftelli64                  000000018001b4dc f   libucrt:ftell.obj
 0001:0001a4e4       _ftelli64_nolock           000000018001b4e4 f   libucrt:ftell.obj
 0001:0001a4ec       __acrt_stdio_allocate_buffer_nolock 000000018001b4ec f   libucrt:_getbuf.obj
 0001:0001a554       _dsign                     000000018001b554 f   libucrt:nan.obj
 0001:0001a56c       _errcode                   000000018001b56c f   libucrt:fpexcept.obj
 0001:0001a5b0       _except1                   000000018001b5b0 f   libucrt:fpexcept.obj
 0001:0001a6a4       _handle_exc                000000018001b6a4 f   libucrt:fpexcept.obj
 0001:0001a90c       _raise_exc                 000000018001b90c f   libucrt:fpexcept.obj
 0001:0001a934       _raise_exc_ex              000000018001b934 f   libucrt:fpexcept.obj
 0001:0001ac44       _raise_excf                000000018001bc44 f   libucrt:fpexcept.obj
 0001:0001ac70       _set_errno_from_matherr    000000018001bc70 f   libucrt:fpexcept.obj
 0001:0001aca0       _umatherr                  000000018001bca0 f   libucrt:fpexcept.obj
 0001:0001ad74       _decomp                    000000018001bd74 f   libucrt:util.obj
 0001:0001aeac       _sptype                    000000018001beac f   libucrt:util.obj
 0001:0001af20       _clrfp                     000000018001bf20 f   libucrt:fpctrl.obj
 0001:0001af40       _ctrlfp                    000000018001bf40 f   libucrt:fpctrl.obj
 0001:0001afbc       _set_statfp                000000018001bfbc f   libucrt:fpctrl.obj
 0001:0001afdc       _statfp                    000000018001bfdc f   libucrt:fpctrl.obj
 0001:0001b5d0       _read                      000000018001c5d0 f   libucrt:read.obj
 0001:0001b6ec       _read_nolock               000000018001c6ec f   libucrt:read.obj
 0001:0001bcd4       _lseeki64                  000000018001ccd4 f   libucrt:lseek.obj
 0001:0001bcdc       _lseeki64_nolock           000000018001ccdc f   libucrt:lseek.obj
 0001:0001bee8       _mbstowcs_l                000000018001cee8 f   libucrt:mbstowcs.obj
 0001:0001bef0       _mbstowcs_s_l              000000018001cef0 f   libucrt:mbstowcs.obj
 0001:0001c024       mbstowcs                   000000018001d024 f   libucrt:mbstowcs.obj
 0001:0001c040       mbstowcs_s                 000000018001d040 f   libucrt:mbstowcs.obj
 0001:0001c3c8       _wcstombs_l                000000018001d3c8 f   libucrt:wcstombs.obj
 0001:0001c3d0       _wcstombs_s_l              000000018001d3d0 f   libucrt:wcstombs.obj
 0001:0001c4bc       ??$__acrt_stdio_parse_mode@D@@YA?AU__acrt_stdio_stream_mode@@QEBD@Z 000000018001d4bc f i libucrt:openfile.obj
 0001:0001c780       _openfile                  000000018001d780 f   libucrt:openfile.obj
 0001:0001c81c       _isctype_l                 000000018001d81c f   libucrt:isctype.obj
 0001:0001caac       __acrt_GetLocaleInfoA      000000018001daac f   libucrt:getlocaleinfoa.obj
 0001:0001cc74       __acrt_GetStringTypeA      000000018001dc74 f   libucrt:getstringtypea.obj
 0001:0001d11c       __acrt_LCMapStringA        000000018001e11c f   libucrt:lcmapstringa.obj
 0001:0001d1b4       _realloc_base              000000018001e1b4 f   libucrt:realloc_base.obj
 0001:0001d230       iswctype                   000000018001e230 f   libucrt:iswctype.obj
 0001:0001d2a0       __acrt_initialize_fma3     000000018001e2a0 f   libucrt:fma3_available.obj
 0001:0001d310       _pow_special               000000018001e310 f   libucrt:pow_special.obj
 0001:0001d434       _powf_special              000000018001e434 f   libucrt:pow_special.obj
 0001:0001d5c0       __acrt_MultiByteToWideChar 000000018001e5c0 f   libucrt:multibytetowidechar.obj
 0001:0001d61c       __acrt_WideCharToMultiByte 000000018001e61c f   libucrt:widechartomultibyte.obj
 0001:0001d6b4       _wcsicmp                   000000018001e6b4 f   libucrt:wcsicmp.obj
 0001:0001d74c       _wcsicmp_l                 000000018001e74c f   libucrt:wcsicmp.obj
 0001:0001d84c       __acrt_initialize_timeset  000000018001e84c f   libucrt:timeset.obj
 0001:0001d890       _isleadbyte_l              000000018001e890 f i libucrt:_wctype.obj
 0001:0001d8d0       __acrt_get_process_end_policy 000000018001e8d0 f   libucrt:win_policies.obj
 0001:0001de74       __acrt_expand_narrow_argv_wildcards 000000018001ee74 f   libucrt:argv_wildcards.obj
 0001:0001de7c       __acrt_GetModuleFileNameA  000000018001ee7c f   libucrt:getmodulefilenamea.obj
 0001:0001e624       __acrt_initialize_multibyte 000000018001f624 f   libucrt:mbctype.obj
 0001:0001e684       __acrt_update_thread_multibyte_data 000000018001f684 f   libucrt:mbctype.obj
 0001:0001e6a0       _setmbcp_nolock            000000018001f6a0 f   libucrt:mbctype.obj
 0001:0001e9d0       _ismbblead                 000000018001f9d0 f   libucrt:ismbbyte.obj
 0001:0001e9e4       __acrt_initialize_command_line 000000018001f9e4 f   libucrt:argv_data.obj
 0001:0001ea0c       __dcrt_get_narrow_environment_from_os 000000018001fa0c f   libucrt:get_environment_from_os.obj
 0001:0001eb10       _recalloc                  000000018001fb10 f   libucrt:recalloc.obj
 0001:0001eb18       _recalloc_base             000000018001fb18 f   libucrt:recalloc.obj
 0001:0001ebb0       __acrt_initialize_heap     000000018001fbb0 f   libucrt:heap_handle.obj
 0001:0001ebcc       __acrt_uninitialize_heap   000000018001fbcc f   libucrt:heap_handle.obj
 0001:0001ebd8       __acrt_execute_initializers 000000018001fbd8 f   libucrt:shared_initialization.obj
 0001:0001ec58       __acrt_execute_uninitializers 000000018001fc58 f   libucrt:shared_initialization.obj
 0001:0001ec94       __acrt_has_user_matherr    000000018001fc94 f   libucrt:matherr.obj
 0001:0001ecb4       __acrt_initialize_user_matherr 000000018001fcb4 f   libucrt:matherr.obj
 0001:0001ecbc       __acrt_invoke_user_matherr 000000018001fcbc f   libucrt:matherr.obj
 0001:0001ecec       _isatty                    000000018001fcec f   libucrt:isatty.obj
 0001:0001ed4c       __acrt_lowio_create_handle_array 000000018001fd4c f   libucrt:osfinfo.obj
 0001:0001ede4       __acrt_lowio_destroy_handle_array 000000018001fde4 f   libucrt:osfinfo.obj
 0001:0001ee34       __acrt_lowio_ensure_fh_exists 000000018001fe34 f   libucrt:osfinfo.obj
 0001:0001eedc       __acrt_lowio_lock_fh       000000018001fedc f   libucrt:osfinfo.obj
 0001:0001ef00       __acrt_lowio_set_os_handle 000000018001ff00 f   libucrt:osfinfo.obj
 0001:0001efc0       __acrt_lowio_unlock_fh     000000018001ffc0 f   libucrt:osfinfo.obj
 0001:0001efe4       _alloc_osfhnd              000000018001ffe4 f   libucrt:osfinfo.obj
 0001:0001f108       _free_osfhnd               0000000180020108 f   libucrt:osfinfo.obj
 0001:0001f1c4       _get_osfhandle             00000001800201c4 f   libucrt:osfinfo.obj
 0001:0001f23c       _query_new_mode            000000018002023c f   libucrt:new_mode.obj
 0001:0001f244       __acrt_add_locale_ref      0000000180020244 f   libucrt:locale_refcounting.obj
 0001:0001f2d0       __acrt_free_locale         00000001800202d0 f   libucrt:locale_refcounting.obj
 0001:0001f448       __acrt_locale_add_lc_time_reference 0000000180020448 f   libucrt:locale_refcounting.obj
 0001:0001f470       __acrt_locale_free_lc_time_if_unreferenced 0000000180020470 f   libucrt:locale_refcounting.obj
 0001:0001f4a8       __acrt_locale_release_lc_time_reference 00000001800204a8 f   libucrt:locale_refcounting.obj
 0001:0001f4d0       __acrt_release_locale_ref  00000001800204d0 f   libucrt:locale_refcounting.obj
 0001:0001f578       __acrt_update_thread_locale_data 0000000180020578 f   libucrt:locale_refcounting.obj
 0001:0001f5e8       _updatetlocinfoEx_nolock   00000001800205e8 f   libucrt:locale_refcounting.obj
 0001:0001f650       _putwch_nolock             0000000180020650 f   libucrt:putwch.obj
 0001:0001f68c       ?__mbrtowc_utf8@__crt_mbstring@@YA_KPEA_WPEBD_KPEAU_Mbstatet@@@Z 000000018002068c f   libucrt:mbrtowc.obj
 0001:0001f6c8       ?__mbsrtowcs_utf8@__crt_mbstring@@YA_KPEA_WPEAPEBD_KPEAU_Mbstatet@@@Z 00000001800206c8 f   libucrt:mbrtowc.obj
 0001:0001f840       __acrt_fp_strflt_to_string 0000000180020840 f   libucrt:_fptostr.obj
 0001:0001f924       __acrt_fltout              0000000180020924 f   libucrt:cfout.obj
 0001:00020bfc       __acrt_locale_free_monetary 0000000180021bfc f   libucrt:initmon.obj
 0001:00020d08       __acrt_locale_initialize_monetary 0000000180021d08 f   libucrt:initmon.obj
 0001:0002123c       __acrt_locale_free_numeric 000000018002223c f   libucrt:initnum.obj
 0001:000212a8       __acrt_locale_initialize_numeric 00000001800222a8 f   libucrt:initnum.obj
 0001:00021924       __acrt_locale_free_time    0000000180022924 f   libucrt:inittime.obj
 0001:00021a2c       __acrt_locale_initialize_time 0000000180022a2c f   libucrt:inittime.obj
 0001:00021ac8       wcscat_s                   0000000180022ac8 f   libucrt:wcscat_s.obj
 0001:00021b54       wcsncpy_s                  0000000180022b54 f   libucrt:wcsncpy_s.obj
 0001:00021c48       wcscspn                    0000000180022c48 f   libucrt:wcscspn.obj
 0001:00021c88       wcspbrk                    0000000180022c88 f   libucrt:wcspbrk.obj
 0001:00022548       __acrt_get_qualified_locale 0000000180023548 f   libucrt:get_qualified_locale.obj
 0001:00022f8c       __acrt_get_qualified_locale_downlevel 0000000180023f8c f   libucrt:getqloc_downlevel.obj
 0001:000232f4       __acrt_DownlevelLCIDToLocaleName 00000001800242f4 f   libucrt:lcidtoname_downlevel.obj
 0001:000233dc       __acrt_DownlevelLocaleNameToLCID 00000001800243dc f   libucrt:lcidtoname_downlevel.obj
 0001:00023420       _get_fpsr                  0000000180024420 f   libucrt:fpsr.obj
 0001:00023430       _set_fpsr                  0000000180024430 f   libucrt:fpsr.obj
 0001:0002343a       _fclrf                     000000018002443a f   libucrt:fpsr.obj
 0001:0002344e       _frnd                      000000018002444e f   libucrt:fpsr.obj
 0001:00023470       ?__wcsrtombs_utf8@__crt_mbstring@@YA_KPEADPEAPEB_W_KPEAU_Mbstatet@@@Z 0000000180024470 f   libucrt:wcrtomb.obj
 0001:0002358c       _wcsnicmp                  000000018002458c f   libucrt:wcsnicmp.obj
 0001:00023638       _wcsnicmp_l                0000000180024638 f   libucrt:wcsnicmp.obj
 0001:00023760       __ascii_strnicmp           0000000180024760 f   libucrt:strnicmp.obj
 0001:000237bc       _strnicmp                  00000001800247bc f   libucrt:strnicmp.obj
 0001:0002380c       _strnicmp_l                000000018002480c f   libucrt:strnicmp.obj
 0001:00023f10       _sopen_nolock              0000000180024f10 f   libucrt:open.obj
 0001:00024028       _sopen_s                   0000000180025028 f   libucrt:open.obj
 0001:0002405c       _wsopen_nolock             000000018002505c f   libucrt:open.obj
 0001:00024444       strncpy_s                  0000000180025444 f   libucrt:strncpy_s.obj
 0001:0002452c       __acrt_GetStringTypeW      000000018002552c f   libucrt:getstringtypew.obj
 0001:00024534       __acrt_fenv_get_control    0000000180025534 f   libucrt:_fenvutils.obj
 0001:00024634       __acrt_fenv_get_status     0000000180025634 f   libucrt:_fenvutils.obj
 0001:0002468c       __acrt_fenv_set_control    000000018002568c f   libucrt:_fenvutils.obj
 0001:000247d4       __acrt_fenv_set_status     00000001800257d4 f   libucrt:_fenvutils.obj
 0001:0002497c       _handle_error              000000018002597c f   libucrt:libm_error.obj
 0001:00024aa4       _handle_errorf             0000000180025aa4 f   libucrt:libm_error.obj
 0001:00024bd8       _handle_nan                0000000180025bd8 f   libucrt:libm_error.obj
 0001:00024bf4       _handle_nanf               0000000180025bf4 f   libucrt:libm_error.obj
 0001:00024c04       _towlower_l                0000000180025c04 f   libucrt:towlower.obj
 0001:00024cd0       qsort                      0000000180025cd0 f   libucrt:qsort.obj
 0001:00025120       strpbrk                    0000000180026120 f   libucrt:strpbrk.obj
 0001:00025500       ??$__acrt_convert_wcs_mbs@D_W$$A6A_KPEA_WPEBD_KPEAU__crt_locale_pointers@@@ZU__crt_win32_buffer_internal_dynamic_resizing@@@@YAHQEBDAEAV?$__crt_win32_buffer@_WU__crt_win32_buffer_internal_dynamic_resizing@@@@A6A_KPEA_WPEBD_KPEAU__crt_locale_pointers@@@Z5@Z 0000000180026500 f i libucrt:findfirstfileexa.obj
 0001:00025608       __acrt_FindFirstFileExA    0000000180026608 f   libucrt:findfirstfileexa.obj
 0001:000256ac       ??$__acrt_convert_wcs_mbs@_WD$$A6A_KPEADPEB_W_KPEAU__crt_locale_pointers@@@ZU__crt_win32_buffer_no_resizing@@@@YAHQEB_WAEAV?$__crt_win32_buffer@DU__crt_win32_buffer_no_resizing@@@@A6A_KPEADPEB_W_KPEAU__crt_locale_pointers@@@Z5@Z 00000001800266ac f i libucrt:findnextfilea.obj
 0001:00025778       __acrt_FindNextFileA       0000000180026778 f   libucrt:findnextfilea.obj
 0001:000258ac       _mbsdec                    00000001800268ac f   libucrt:mbsdec.obj
 0001:000258b4       _mbsdec_l                  00000001800268b4 f   libucrt:mbsdec.obj
 0001:00025960       _msize                     0000000180026960 f   libucrt:msize.obj
 0001:00025968       _msize_base                0000000180026968 f   libucrt:msize.obj
 0001:000259a4       _query_app_type            00000001800269a4 f   libucrt:report_runtime_error.obj
 0001:000259ac       __dcrt_lowio_ensure_console_output_initialized 00000001800269ac f   libucrt:initcon.obj
 0001:00025a00       __dcrt_terminate_console_output 0000000180026a00 f   libucrt:initcon.obj
 0001:00025a1c       __dcrt_write_console       0000000180026a1c f   libucrt:initcon.obj
 0001:00025adc       ?__mbrtoc32_utf8@__crt_mbstring@@YA_KPEA_UPEBD_KPEAU_Mbstatet@@@Z 0000000180026adc f   libucrt:mbrtoc32.obj
 0001:00025cb8       fegetenv                   0000000180026cb8 f   libucrt:fegetenv.obj
 0001:00025cd8       fesetenv                   0000000180026cd8 f   libucrt:fesetenv.obj
 0001:00025d28       feholdexcept               0000000180026d28 f   libucrt:feholdexcept.obj
 0001:00025d78       ceil                       0000000180026d78 f   libucrt:ceil.obj
 0001:00025e40       log10                      0000000180026e40 f   libucrt:log10.obj
 0001:0002651c       _itow_s                    000000018002751c f   libucrt:xtoa.obj
 0001:0002653c       wcscmp                     000000018002753c f   libucrt:wcscmp.obj
 0001:00026574       ?__c16rtomb_utf8@__crt_mbstring@@YA_KPEAD_SPEAU_Mbstatet@@@Z 0000000180027574 f   libucrt:c16rtomb.obj
 0001:0002661c       _get_fmode                 000000018002761c f   libucrt:setmode.obj
 0001:0002664c       _setmode_nolock            000000018002764c f   libucrt:setmode.obj
 0001:0002672c       _chsize_nolock             000000018002772c f   libucrt:chsize.obj
 0001:000268a8       __acrt_LCMapStringW        00000001800278a8 f   libucrt:lcmapstringw.obj
 0001:00026930       _clearfp                   0000000180027930 f   libucrt:ieee.obj
 0001:000269a0       _log10_special             00000001800279a0 f   libucrt:log_special.obj
 0001:00026a58       ?__c32rtomb_utf8@__crt_mbstring@@YA_KPEAD_UPEAU_Mbstatet@@@Z 0000000180027a58 f   libucrt:c32rtomb.obj
 0001:00026b10       c32rtomb                   0000000180027b10 f   libucrt:c32rtomb.obj
 0001:00026b15       IsProcessorFeaturePresent  0000000180027b15 f   kernel32:KERNEL32.dll
 0001:00026b20       _FindPESection             0000000180027b20 f   LIBCMT:pesect.obj
 0001:00026b70       _IsNonwritableInCurrentImage 0000000180027b70 f   LIBCMT:pesect.obj
 0001:00026bc0       _ValidateImageBase         0000000180027bc0 f   LIBCMT:pesect.obj
 0001:00026bf0       _local_unwind              0000000180027bf0 f   libvcruntime:jmpuwind.obj
 0001:00026c1c       strrchr                    0000000180027c1c f   libvcruntime:strrchr.obj
 0001:00026d68       wcschr                     0000000180027d68 f   libvcruntime:wcschr.obj
 0001:00026e10       _guard_dispatch_icall_nop  0000000180027e10 f   LIBCMT:guard_dispatch.obj
 0002:00000000       __imp_GetModuleHandleA     0000000180029000     kernel32:KERNEL32.dll
[...]
 0004:00001e18       $pdata$GetLcidFromLanguage 0000000180043e18     libucrt:getqloc_downlevel.obj
 0004:00001e24       $pdata$LangCountryEnumProc 0000000180043e24     libucrt:getqloc_downlevel.obj
 0004:00001e30       $pdata$LanguageEnumProc    0000000180043e30     libucrt:getqloc_downlevel.obj
 0004:00001e3c       $pdata$ProcessCodePage     0000000180043e3c     libucrt:getqloc_downlevel.obj
 0004:00001e48       $pdata$TestDefaultLanguage 0000000180043e48     libucrt:getqloc_downlevel.obj
 0004:00001e54       $pdata$TranslateName       0000000180043e54     libucrt:getqloc_downlevel.obj
 0004:00001e60       $pdata$__acrt_get_qualified_locale_downlevel 0000000180043e60     libucrt:getqloc_downlevel.obj
 0004:00001e6c       $pdata$?GetTableIndexFromLocaleName@@YAHPEB_W@Z 0000000180043e6c     libucrt:lcidtoname_downlevel.obj
 0004:00001e78       $pdata$__acrt_DownlevelLCIDToLocaleName 0000000180043e78     libucrt:lcidtoname_downlevel.obj
 0004:00001e84       $pdata$__acrt_DownlevelLocaleNameToLCID 0000000180043e84     libucrt:lcidtoname_downlevel.obj
 0004:00001e9c       $pdata$?__wcsrtombs_utf8@__crt_mbstring@@YA_KPEADPEAPEB_W_KPEAU_Mbstatet@@@Z 0000000180043e9c     libucrt:wcrtomb.obj
 0004:00001ea8       $pdata$_wcsnicmp           0000000180043ea8     libucrt:wcsnicmp.obj
 0004:00001eb4       $pdata$_wcsnicmp_l         0000000180043eb4     libucrt:wcsnicmp.obj
 0004:00001ec0       $pdata$__ascii_strnicmp    0000000180043ec0     libucrt:strnicmp.obj
 0004:00001ecc       $pdata$_strnicmp           0000000180043ecc     libucrt:strnicmp.obj
 0004:00001ed8       $pdata$_strnicmp_l         0000000180043ed8     libucrt:strnicmp.obj
 0004:00001ee4       $pdata$??$common_sopen_dispatch@D@@YAHQEBDHHHQEAHH@Z 0000000180043ee4     libucrt:open.obj
 0004:00001ef0       $pdata$?configure_text_mode@@YAHHUfile_options@?A0xa9d50aae@@HAEAW4__crt_lowio_text_mode@@@Z 0000000180043ef0     libucrt:open.obj
 0004:00001efc       $pdata$?decode_options@@YA?AUfile_options@?A0xa9d50aae@@HHH@Z 0000000180043efc     libucrt:open.obj
 0004:00001f08       $pdata$?truncate_ctrl_z_if_present@@YAHH@Z 0000000180043f08     libucrt:open.obj
 0004:00001f14       $pdata$_sopen_nolock       0000000180043f14     libucrt:open.obj
 0004:00001f20       $pdata$_sopen_s            0000000180043f20     libucrt:open.obj
 0004:00001f2c       $pdata$_wsopen_nolock      0000000180043f2c     libucrt:open.obj
 0004:00001f38       $pdata$strncpy_s           0000000180043f38     libucrt:strncpy_s.obj
 0004:00001f44       $pdata$__acrt_fenv_set_control 0000000180043f44     libucrt:_fenvutils.obj
 0004:00001f50       $pdata$_call_matherr       0000000180043f50     libucrt:libm_error.obj
 0004:00001f5c       $pdata$_exception_enabled  0000000180043f5c     libucrt:libm_error.obj
 0004:00001f68       $pdata$_handle_error       0000000180043f68     libucrt:libm_error.obj
 0004:00001f74       $pdata$_handle_errorf      0000000180043f74     libucrt:libm_error.obj
 0004:00001f80       $pdata$_towlower_l         0000000180043f80     libucrt:towlower.obj
 0004:00001f8c       $pdata$qsort               0000000180043f8c     libucrt:qsort.obj
 0004:00001f98       $pdata$4$qsort             0000000180043f98     libucrt:qsort.obj
 0004:00001fa4       $pdata$5$qsort             0000000180043fa4     libucrt:qsort.obj
 0004:00001fb0       $pdata$fallbackMethod      0000000180043fb0     libucrt:strpbrk.obj
 0004:00001fbc       $pdata$strpbrk             0000000180043fbc     libucrt:strpbrk.obj
 0004:00001fc8       $pdata$??$__acrt_convert_wcs_mbs@D_W$$A6A_KPEA_WPEBD_KPEAU__crt_locale_pointers@@@ZU__crt_win32_buffer_internal_dynamic_resizing@@@@YAHQEBDAEAV?$__crt_win32_buffer@_WU__crt_win32_buffer_internal_dynamic_resizing@@@@A6A_KPEA_WPEBD_KPEAU__crt_locale_pointers@@@Z5@Z 0000000180043fc8     libucrt:findfirstfileexa.obj
 0004:00001fd4       $pdata$__acrt_FindFirstFileExA 0000000180043fd4     libucrt:findfirstfileexa.obj
 0004:00001fe0       $pdata$??$__acrt_convert_wcs_mbs@_WD$$A6A_KPEADPEB_W_KPEAU__crt_locale_pointers@@@ZU__crt_win32_buffer_no_resizing@@@@YAHQEB_WAEAV?$__crt_win32_buffer@DU__crt_win32_buffer_no_resizing@@@@A6A_KPEADPEB_W_KPEAU__crt_locale_pointers@@@Z5@Z 0000000180043fe0     libucrt:findnextfilea.obj
 0004:00001fec       $pdata$__acrt_FindNextFileA 0000000180043fec     libucrt:findnextfilea.obj
 0004:00001ff8       $pdata$_mbsdec_l           0000000180043ff8     libucrt:mbsdec.obj
 0004:00002004       $pdata$?initialize_multibyte@@YAHXZ 0000000180044004     libucrt:multibyte_initializer.obj
 0004:00002010       $pdata$_msize_base         0000000180044010     libucrt:msize.obj
 0004:0000201c       $pdata$__dcrt_lowio_ensure_console_output_initialized 000000018004401c     libucrt:initcon.obj
 0004:00002028       $pdata$__dcrt_terminate_console_output 0000000180044028     libucrt:initcon.obj
 0004:00002034       $pdata$__dcrt_write_console 0000000180044034     libucrt:initcon.obj
 0004:00002040       $pdata$?__mbrtoc32_utf8@__crt_mbstring@@YA_KPEA_UPEBD_KPEAU_Mbstatet@@@Z 0000000180044040     libucrt:mbrtoc32.obj
 0004:0000204c       $pdata$fegetenv            000000018004404c     libucrt:fegetenv.obj
 0004:00002058       $pdata$fesetenv            0000000180044058     libucrt:fesetenv.obj
 0004:00002064       $pdata$feholdexcept        0000000180044064     libucrt:feholdexcept.obj
 0004:0000207c       $pdata$??$common_xtox@K_W@@YAHKQEA_W_KI_N@Z 000000018004407c     libucrt:xtoa.obj
 0004:00002088       $pdata$??$common_xtox_s@K_W@@YAHKQEA_W_KI_N@Z 0000000180044088     libucrt:xtoa.obj
 0004:00002094       $pdata$_itow_s             0000000180044094     libucrt:xtoa.obj
 0004:000020a0       $pdata$?__c16rtomb_utf8@__crt_mbstring@@YA_KPEAD_SPEAU_Mbstatet@@@Z 00000001800440a0     libucrt:c16rtomb.obj
 0004:000020ac       $pdata$_get_fmode          00000001800440ac     libucrt:setmode.obj
 0004:000020b8       $pdata$_setmode_nolock     00000001800440b8     libucrt:setmode.obj
 0004:000020c4       $pdata$_chsize_nolock      00000001800440c4     libucrt:chsize.obj
 0004:000020d0       $pdata$__acrt_LCMapStringW 00000001800440d0     libucrt:lcmapstringw.obj
 0004:000020dc       $pdata$_clearfp            00000001800440dc     libucrt:ieee.obj
 0004:000020e8       $pdata$_log10_special      00000001800440e8     libucrt:log_special.obj
 0004:000020f4       $pdata$_log_special_common 00000001800440f4     libucrt:log_special.obj
 0004:00002100       $pdata$?__c32rtomb_utf8@__crt_mbstring@@YA_KPEAD_UPEAU_Mbstatet@@@Z 0000000180044100     libucrt:c32rtomb.obj
 0004:0000210c       $pdata$_IsNonwritableInCurrentImage 000000018004410c     LIBCMT:pesect.obj
 0004:00002118       $pdata$_local_unwind       0000000180044118     libvcruntime:jmpuwind.obj
 0004:00002124       $pdata$strrchr             0000000180044124     libvcruntime:strrchr.obj
 0004:00002130       $pdata$wcschr              0000000180044130     libvcruntime:wcschr.obj
 0004:00002148       $pdata$?fin$0@?0??dllmain_crt_process_attach@@YAHQEAUHINSTANCE__@@QEAX@Z@4HA 0000000180044148     LIBCMT:dll_dllmain.obj
 0004:00002154       $pdata$?fin$0@?0??dllmain_crt_process_detach@@YAH_N@Z@4HA 0000000180044154     LIBCMT:dll_dllmain.obj
 0004:00002160       $pdata$?filt$0@?0??dllmain_dispatch@@YAHQEAUHINSTANCE__@@KQEAX@Z@4HA 0000000180044160     LIBCMT:dll_dllmain.obj
 0004:0000216c       $pdata$__scrt_is_nonwritable_in_current_image$filt$0 000000018004416c     LIBCMT:utility.obj
 0004:00002178       $pdata$?filt$0@?0???$_CallSETranslator@V__FrameHandler3@@@@YAHPEAUEHExceptionRecord@@PEA_KPEAU_CONTEXT@@PEAU_xDISPATCHER_CONTEXT@@PEBU_s_FuncInfo@@K1@Z@4HA 0000000180044178     libvcruntime:risctrnsctrl.obj
 0004:00002184       $pdata$__DestructExceptionObject$filt$0 0000000180044184     libvcruntime:ehhelpers.obj
 0004:00002190       $pdata$?filt$0@?0??CxxCallCatchBlock@__FrameHandler3@@SAPEAXPEAU_EXCEPTION_RECORD@@@Z@4HA 0000000180044190     libvcruntime:frame.obj
 0004:0000219c       $pdata$?fin$1@?0??CxxCallCatchBlock@__FrameHandler3@@SAPEAXPEAU_EXCEPTION_RECORD@@@Z@4HA 000000018004419c     libvcruntime:frame.obj
 0004:000021a8       $pdata$?filt$0@?0??FrameUnwindToState@__FrameHandler3@@SAXPEA_KPEAU_xDISPATCHER_CONTEXT@@PEBU_s_FuncInfo@@H@Z@4HA 00000001800441a8     libvcruntime:frame.obj
 0004:000021b4       $pdata$?fin$1@?0??FrameUnwindToState@__FrameHandler3@@SAXPEA_KPEAU_xDISPATCHER_CONTEXT@@PEBU_s_FuncInfo@@H@Z@4HA 00000001800441b4     libvcruntime:frame.obj
 0004:000021c0       $pdata$fputc$fin$0         00000001800441c0     libucrt:fputc.obj
 0004:000021cc       $pdata$?fin$0@?0???$?RV<lambda_c376a267cfb53b6959b3b692ec76b120>@@AEAV<lambda_9a32fed5bf61b6b509b2d3f6003082a1>@@V<lambda_572fbb9fa0ab338edf41edfd4b5fcc8d>@@@?$__crt_seh_guarded_call@H@@QEAAH$$QEAV<lambda_c376a267cfb53b6959b3b692ec76b120>@@AEAV<lambda_9a32fed5bf61b6b509b2d3f6003082a1>@@$$QEAV<lambda_572fbb9fa0ab338edf41edfd4b5fcc8d>@@@Z@4HA 00000001800441cc     libucrt:fflush.obj
 0004:000021cc       $pdata$?fin$0@?0???$?RV<lambda_84ec643ea9557e2f7dc01bb0e9624395>@@AEAV<lambda_ca71763b3c0644891230e4f79ea54fa6>@@V<lambda_439a761618c59b0600e24586724d733b>@@@?$__crt_seh_guarded_call@H@@QEAAH$$QEAV<lambda_84ec643ea9557e2f7dc01bb0e9624395>@@AEAV<lambda_ca71763b3c0644891230e4f79ea54fa6>@@$$QEAV<lambda_439a761618c59b0600e24586724d733b>@@@Z@4HA 00000001800441cc     libucrt:setvbuf.obj
 0004:000021cc       $pdata$?fin$0@?0???$?RV<lambda_842d9ff0dc9ef11c61343bbaebe7f885>@@AEAV<lambda_c5860995281e5c4ce005b3de8f5874ee>@@V<lambda_d90129c13df834fdcbf8d2b88dafcf2d>@@@?$__crt_seh_guarded_call@X@@QEAAX$$QEAV<lambda_842d9ff0dc9ef11c61343bbaebe7f885>@@AEAV<lambda_c5860995281e5c4ce005b3de8f5874ee>@@$$QEAV<lambda_d90129c13df834fdcbf8d2b88dafcf2d>@@@Z@4HA 00000001800441cc     libucrt:fflush.obj
 0004:000021cc       $pdata$?fin$0@?0???$?RV<lambda_bdbcead8b570fa3d5ec6d9679862a6e5>@@AEAV<lambda_96f4279ff90247a4c5c5d9824f56f8c1>@@V<lambda_4606be27f17b5e5579e09050fab91818>@@@?$__crt_seh_guarded_call@_K@@QEAA_K$$QEAV<lambda_bdbcead8b570fa3d5ec6d9679862a6e5>@@AEAV<lambda_96f4279ff90247a4c5c5d9824f56f8c1>@@$$QEAV<lambda_4606be27f17b5e5579e09050fab91818>@@@Z@4HA 00000001800441cc     libucrt:fwrite.obj
 0004:000021d8       $pdata$?fin$0@?0???$?RV<lambda_886d6c58226a84441f68b9f2b8217b83>@@AEAV<lambda_ab61a845afdef5b7c387490eaf3616ee>@@V<lambda_f7f22ab5edc0698d5f6905b0d3f44752>@@@?$__crt_seh_guarded_call@X@@QEAAX$$QEAV<lambda_886d6c58226a84441f68b9f2b8217b83>@@AEAV<lambda_ab61a845afdef5b7c387490eaf3616ee>@@$$QEAV<lambda_f7f22ab5edc0698d5f6905b0d3f44752>@@@Z@4HA 00000001800441d8     libucrt:fflush.obj
 0004:000021e4       $pdata$?fin$0@?0???$common_ftell@_J@@YA_JV__crt_stdio_stream@@@Z@4HA 00000001800441e4     libucrt:ftell.obj
 0004:000021e4       $pdata$fclose$fin$0        00000001800441e4     libucrt:fclose.obj
 0004:000021e4       $pdata$?fin$0@?0??common_fseek@@YAHV__crt_stdio_stream@@_JH@Z@4HA 00000001800441e4     libucrt:fseek.obj
 0004:000021f0       $pdata$fgetc$fin$0         00000001800441f0     libucrt:fgetc.obj
 0004:000021fc       $pdata$ungetc$fin$0        00000001800441fc     libucrt:ungetc.obj
 0004:00002208       $pdata$fread_s$fin$0       0000000180044208     libucrt:fread.obj
 0004:00002214       $pdata$?fin$0@?0???$?RV<lambda_aa87e3671a710a21b5dc78c0bdf72e11>@@AEAV<lambda_92619d2358a28f41a33ba319515a20b9>@@V<lambda_6992ecaafeb10aed2b74cb1fae11a551>@@@?$__crt_seh_guarded_call@X@@QEAAX$$QEAV<lambda_aa87e3671a710a21b5dc78c0bdf72e11>@@AEAV<lambda_92619d2358a28f41a33ba319515a20b9>@@$$QEAV<lambda_6992ecaafeb10aed2b74cb1fae11a551>@@@Z@4HA 0000000180044214     libucrt:per_thread_data.obj
 0004:00002214       $pdata$?fin$0@?0???$?RV<lambda_0ae27a3a962d80f24befdcbee591983d>@@AEAV<lambda_8d0ee55de4b1038c4002e0adecdf1839>@@V<lambda_dc504788e8f1664fe9b84e20bfb512f2>@@@?$__crt_seh_guarded_call@X@@QEAAX$$QEAV<lambda_0ae27a3a962d80f24befdcbee591983d>@@AEAV<lambda_8d0ee55de4b1038c4002e0adecdf1839>@@$$QEAV<lambda_dc504788e8f1664fe9b84e20bfb512f2>@@@Z@4HA 0000000180044214     libucrt:per_thread_data.obj
 0004:00002214       $pdata$?fin$0@?0???$?RV<lambda_f2e299630e499de9f9a165e60fcd3db5>@@AEAV<lambda_2ae9d31cdba2644fcbeaf08da7c24588>@@V<lambda_40d01ff24d0e7b3814fdbdcee8eab3c7>@@@?$__crt_seh_guarded_call@X@@QEAAX$$QEAV<lambda_f2e299630e499de9f9a165e60fcd3db5>@@AEAV<lambda_2ae9d31cdba2644fcbeaf08da7c24588>@@$$QEAV<lambda_40d01ff24d0e7b3814fdbdcee8eab3c7>@@@Z@4HA 0000000180044214     libucrt:per_thread_data.obj
 0004:00002214       $pdata$?fin$0@?0???$?RV<lambda_450d765d439847d4c735a33c368b5fc0>@@AEAV<lambda_44731a7d0e6d81c3e6aa82d741081786>@@V<lambda_601a2a7da3b7a96e9554ac7215c4b07c>@@@?$__crt_seh_guarded_call@P6AXH@Z@@QEAAP6AXH@Z$$QEAV<lambda_450d765d439847d4c735a33c368b5fc0>@@AEAV<lambda_44731a7d0e6d81c3e6aa82d741081786>@@$$QEAV<lambda_601a2a7da3b7a96e9554ac7215c4b07c>@@@Z@4HA 0000000180044214     libucrt:signal.obj
 0004:00002214       $pdata$?fin$0@?0???$?RV<lambda_2d41944a1d46af3157314b8a01080d33>@@AEAV<lambda_8f455de75cd7d7f24b4096f044d8b9e6>@@V<lambda_aa500f224e6afead328df44964fe2772>@@@?$__crt_seh_guarded_call@X@@QEAAX$$QEAV<lambda_2d41944a1d46af3157314b8a01080d33>@@AEAV<lambda_8f455de75cd7d7f24b4096f044d8b9e6>@@$$QEAV<lambda_aa500f224e6afead328df44964fe2772>@@@Z@4HA 0000000180044214     libucrt:per_thread_data.obj
 0004:00002214       $pdata$?fin$0@?0???$?RV<lambda_7777bce6b2f8c936911f934f8298dc43>@@AEAV<lambda_f03950bc5685219e0bcd2087efbe011e>@@V<lambda_3883c3dff614d5e0c5f61bb1ac94921c>@@@?$__crt_seh_guarded_call@H@@QEAAH$$QEAV<lambda_7777bce6b2f8c936911f934f8298dc43>@@AEAV<lambda_f03950bc5685219e0bcd2087efbe011e>@@$$QEAV<lambda_3883c3dff614d5e0c5f61bb1ac94921c>@@@Z@4HA 0000000180044214     libucrt:onexit.obj
 0004:00002214       $pdata$?fin$0@?0???$?RV<lambda_bd00b5aa228bd7e7e5b2b5db5fd2933b>@@AEAV<lambda_777d11615145f89ee95b9466d285deeb>@@V<lambda_6e5e48fbd24f9f8f81b203eb3d877683>@@@?$__crt_seh_guarded_call@H@@QEAAH$$QEAV<lambda_bd00b5aa228bd7e7e5b2b5db5fd2933b>@@AEAV<lambda_777d11615145f89ee95b9466d285deeb>@@$$QEAV<lambda_6e5e48fbd24f9f8f81b203eb3d877683>@@@Z@4HA 0000000180044214     libucrt:winapi_thunks.obj
 0004:00002214       $pdata$?fin$0@?0???$?RV<lambda_d80eeec6fff315bfe5c115232f3240e3>@@AEAV<lambda_6e4b09c48022b2350581041d5f6b0c4c>@@V<lambda_2358e3775559c9db80273638284d5e45>@@@?$__crt_seh_guarded_call@X@@QEAAX$$QEAV<lambda_d80eeec6fff315bfe5c115232f3240e3>@@AEAV<lambda_6e4b09c48022b2350581041d5f6b0c4c>@@$$QEAV<lambda_2358e3775559c9db80273638284d5e45>@@@Z@4HA 0000000180044214     libucrt:exit.obj
 0004:00002214       $pdata$?fin$0@?0???$?RV<lambda_efdfa57d1f175319df784efa44bb7b81>@@AEAV<lambda_5f0a4c1567f8adc6734073e5d1e1b35c>@@V<lambda_2e8a7d3640ea6ccb4c2413664c2db6fd>@@@?$__crt_seh_guarded_call@X@@QEAAX$$QEAV<lambda_efdfa57d1f175319df784efa44bb7b81>@@AEAV<lambda_5f0a4c1567f8adc6734073e5d1e1b35c>@@$$QEAV<lambda_2e8a7d3640ea6ccb4c2413664c2db6fd>@@@Z@4HA 0000000180044214     libucrt:mbctype.obj
 0004:00002214       $pdata$?fin$0@?0???$?RV<lambda_1d892b297fdedeee07ed8124eeb2f2fa>@@AEAV<lambda_ffc046909424fd52df0ac47e64813305>@@V<lambda_01a7098693036236037e7cdb9bca3d73>@@@?$__crt_seh_guarded_call@X@@QEAAX$$QEAV<lambda_1d892b297fdedeee07ed8124eeb2f2fa>@@AEAV<lambda_ffc046909424fd52df0ac47e64813305>@@$$QEAV<lambda_01a7098693036236037e7cdb9bca3d73>@@@Z@4HA 0000000180044214     libucrt:wsetlocale.obj
 0004:00002214       $pdata$?fin$0@?0???$?RV<lambda_9bd929c17696992ce54f1d748594fc62>@@AEAV<lambda_082c17da81b0962e08c0587ee0fac50c>@@V<lambda_9c08ac857f4975304d44e9f601d9b878>@@@?$__crt_seh_guarded_call@PEAD@@QEAAPEAD$$QEAV<lambda_9bd929c17696992ce54f1d748594fc62>@@AEAV<lambda_082c17da81b0962e08c0587ee0fac50c>@@$$QEAV<lambda_9c08ac857f4975304d44e9f601d9b878>@@@Z@4HA 0000000180044214     libucrt:setlocale.obj
 0004:00002214       $pdata$?fin$0@?0???$?RV<lambda_8369fcb7c4df1e85de37618bd2b85f07>@@AEAV<lambda_a10e4b102d4a2c3aac6f4f48bbdf488f>@@V<lambda_5b7707bd6d7a0c4713179f36c7fd995d>@@@?$__crt_seh_guarded_call@H@@QEAAH$$QEAV<lambda_8369fcb7c4df1e85de37618bd2b85f07>@@AEAV<lambda_a10e4b102d4a2c3aac6f4f48bbdf488f>@@$$QEAV<lambda_5b7707bd6d7a0c4713179f36c7fd995d>@@@Z@4HA 0000000180044214     libucrt:onexit.obj
 0004:00002220       $pdata$?fin$0@?0???$common_fsopen@D@@YAPEAU_iobuf@@QEBD0H@Z@4HA 0000000180044220     libucrt:fopen.obj
 0004:0000222c       $pdata$_query_new_handler$fin$0 000000018004422c     libucrt:new_handler.obj
 0004:00002238       $pdata$?filt$0@?0???R<lambda_6e4b09c48022b2350581041d5f6b0c4c>@@QEBA@XZ@4HA 0000000180044238     libucrt:exit.obj
 0004:00002244       $pdata$raise$fin$0         0000000180044244     libucrt:signal.obj
 0004:00002250       $pdata$_alloc_osfhnd$fin$0 0000000180044250     libucrt:osfinfo.obj
 0004:00002250       $pdata$__acrt_initialize_lowio$fin$0 0000000180044250     libucrt:ioinit.obj
 0004:00002250       $pdata$__acrt_lowio_ensure_fh_exists$fin$0 0000000180044250     libucrt:osfinfo.obj
 0004:0000225c       $pdata$?fin$0@?0???$?RV<lambda_751a882b2c74d4b022dec766aa51a29a>@@AEAV<lambda_628dfdc04ba53c8bfc02c9951375f3f5>@@V<lambda_f6c7be5f7998530c34de24c7437d6b54>@@@?$__crt_seh_guarded_call@H@@QEAAH$$QEAV<lambda_751a882b2c74d4b022dec766aa51a29a>@@AEAV<lambda_628dfdc04ba53c8bfc02c9951375f3f5>@@$$QEAV<lambda_f6c7be5f7998530c34de24c7437d6b54>@@@Z@4HA 000000018004425c     libucrt:close.obj
 0004:0000225c       $pdata$?fin$0@?0???$?RV<lambda_a37b2b86f63e897a80ea819b0eb08c01>@@AEAV<lambda_38ce7e780aa69e748d6df282ebc68efe>@@V<lambda_99fb1378e971ab6e7edea83e3a7a83a2>@@@?$__crt_seh_guarded_call@H@@QEAAH$$QEAV<lambda_a37b2b86f63e897a80ea819b0eb08c01>@@AEAV<lambda_38ce7e780aa69e748d6df282ebc68efe>@@$$QEAV<lambda_99fb1378e971ab6e7edea83e3a7a83a2>@@@Z@4HA 000000018004425c     libucrt:commit.obj
 0004:00002268       $pdata$?fin$0@?0???$common_lseek@_J@@YA_JH_JH@Z@4HA 0000000180044268     libucrt:lseek.obj
 0004:00002268       $pdata$_write$fin$0        0000000180044268     libucrt:write.obj
 0004:00002274       $pdata$_fcloseall$fin$0    0000000180044274     libucrt:closeall.obj
 0004:00002274       $pdata$?fin$0@?0??__acrt_stdio_allocate_stream@@YA?AV__crt_stdio_stream@@XZ@4HA 0000000180044274     libucrt:stream.obj
 0004:00002280       $pdata$?fin$0@?0???$?RV<lambda_410d79af7f07d98d83a3f525b3859a53>@@AEAV<lambda_3e16ef9562a7dcce91392c22ab16ea36>@@V<lambda_38119f0e861e05405d8a144b9b982f0a>@@@?$__crt_seh_guarded_call@X@@QEAAX$$QEAV<lambda_410d79af7f07d98d83a3f525b3859a53>@@AEAV<lambda_3e16ef9562a7dcce91392c22ab16ea36>@@$$QEAV<lambda_38119f0e861e05405d8a144b9b982f0a>@@@Z@4HA 0000000180044280     libucrt:wsetlocale.obj
 0004:0000228c       $pdata$?fin$0@?0???$?RV<lambda_7f2adfce497ff2baa965cd4f576ecfd1>@@AEAV<lambda_2a444430fde8c29194d880d93eed5e8f>@@AEAV<lambda_8dff2cf36a5417162780cd64fa2883ef>@@@?$__crt_seh_guarded_call@X@@QEAAX$$QEAV<lambda_7f2adfce497ff2baa965cd4f576ecfd1>@@AEAV<lambda_2a444430fde8c29194d880d93eed5e8f>@@AEAV<lambda_8dff2cf36a5417162780cd64fa2883ef>@@@Z@4HA 000000018004428c     libucrt:wsetlocale.obj
 0004:00002298       $pdata$_ctrlfp$filt$0      0000000180044298     libucrt:fpctrl.obj
 0004:000022a4       $pdata$_read$fin$0         00000001800442a4     libucrt:read.obj
 0004:000022b0       $pdata$?fin$0@?0??update_thread_multibyte_data_internal@@YAPEAU__crt_multibyte_data@@QEAU__acrt_ptd@@QEAPEAU1@@Z@4HA 00000001800442b0     libucrt:mbctype.obj
 0004:000022bc       $pdata$__acrt_update_thread_locale_data$fin$0 00000001800442bc     libucrt:locale_refcounting.obj
 0004:000022c8       $pdata$?fin$0@?0???$common_sopen_dispatch@D@@YAHQEBDHHHQEAHH@Z@4HA 00000001800442c8     libucrt:open.obj
 0004:000022d4       $pdata$_IsNonwritableInCurrentImage$filt$0 00000001800442d4     LIBCMT:pesect.obj
 0004:000022e0       $pdata$??__Fcout@std@@YAXXZ 00000001800442e0     libcpmt:cout.obj
 0004:000022ec       $pdata$??__Fclassic_locale@std@@YAXXZ 00000001800442ec     libcpmt:locale0.obj
 0004:000022f8       $pdata$??__Finit_atexit@@YAXXZ 00000001800442f8     libcpmt:iosptrs.obj
 0005:00000060       $R000000                   0000000180045060     * linker generated manifest res *

 Exports

  ordinal    name

        1    _register_supervisor_
